
Memory Configuration

Name             Origin             Length             Attributes
*default*        0x0000000000000000 0xffffffffffffffff

Linker script and memory map

                0x0000000080436c78                instance__7StageC4 = 0x80436c78
                0x000000008023b8a0                GetResNodeNumEntries__Q34nw4r3g3d6ResMdlCFv = 0x8023b8a0
                0x00000000801d5a80                MEMAllocFromAllocator = 0x801d5a80
                0x000000008035b3b0                __vt__Q34nw4r3g3d9AnmObjChr = 0x8035b3b0
                0x000000008035b2a8                __vt__Q34nw4r3g3d12AnmObjChrRes = 0x8035b2a8
                0x0000000080241bd0                GetAnmResult__Q34nw4r3g3d9ResAnmChrCFPQ34nw4r3g3d12ChrAnmResultUlf = 0x80241bd0
                0x00000000800d5ee0                StartAnimOrig = 0x800d5ee0
                0x000000008014be30                YoshiStateOrig = 0x8014be30
                0x0000000080234fc0                Exception_Printf___Q24nw4r2dbFPCce = 0x80234fc0
                0x000000008083dd44                ContinueFromFuckLineLiftActivation = 0x8083dd44
                0x000000008099e1f0                GabonRock_DropOutState = 0x8099e1f0
                0x000000008099e1b0                GabonRock_CrushState = 0x8099e1b0
                0x000000008001df40                forceHCGROPushBack = 0x8001df40
                0x000000008001df38                continueFromHCGRO = 0x8001df38
                0x000000008043462e                DanceValues_AnimSpeed = 0x8043462e
                0x0000000080436a09                DanceValues_DummyBlockAndGrass = 0x80436a09
                0x0000000080436a0a                DanceValues_Bahps = 0x80436a0a
                0x0000000080436a0b                DanceValues_CreditsControl = 0x80436a0b
                0x0000000080436ebf                CreditsModeActive = 0x80436ebf
                0x00000000800d91d0                GetRail = 0x800d91d0
                0x0000000080436ca8                instance__7Stage80 = 0x80436ca8
                0x0000000080060394                continueAddToCoinCount = 0x80060394
                0x00000000800b36c4                continueAddToScore = 0x800b36c4
                0x00000000800b5290                StaffCreditsAddCoin = 0x800b5290
                0x00000000802bc904                ContinueFromEFBMagic2 = 0x802bc904
                0x0000000080abc370                TogeTekkyuIceballCollision = 0x80abc370
                0x0000000080437148                _8042A788 = 0x80437148
                0x000000008019c790                sub_8019C390 = 0x8019c790
                0x0000000080b91940                StateID_Wait__24daEnBossKoopaDemoPeach_c = 0x80b91940
                0x0000000080b91980                StateID_Call__24daEnBossKoopaDemoPeach_c = 0x80b91980
                0x0000000080b919c0                StateID_Turn__24daEnBossKoopaDemoPeach_c = 0x80b919c0
                0x0000000080b91a00                StateID_Open__24daEnBossKoopaDemoPeach_c = 0x80b91a00
                0x0000000080b91a40                StateID_Rescue__24daEnBossKoopaDemoPeach_c = 0x80b91a40
                0x0000000080b91a80                StateID_Thank__24daEnBossKoopaDemoPeach_c = 0x80b91a80
                0x000000008030dd44                __vt__12daBossDemo_c = 0x8030dd44
                0x000000008001cd20                onExecute__12daBossDemo_cFv = 0x8001cd20
                0x000000008001cd60                onDraw__12daBossDemo_cFv = 0x8001cd60
                0x000000008001cd70                willBeDeleted__12daBossDemo_cFv = 0x8001cd70
                0x000000008001cd80                onDelete__12daBossDemo_cFv = 0x8001cd80
                0x000000008001d200                endState_BattleEdDemo__12daBossDemo_cFv = 0x8001d200
                0x000000008001d210                executeState_BattleEdDemo__12daBossDemo_cFv = 0x8001d210
                0x000000008001d1f0                beginState_BattleEdDemo__12daBossDemo_cFv = 0x8001d1f0
                0x000000008001d170                endState_BattleIn__12daBossDemo_cFv = 0x8001d170
                0x000000008001d180                executeState_BattleIn__12daBossDemo_cFv = 0x8001d180
                0x000000008001d100                beginState_BattleIn__12daBossDemo_cFv = 0x8001d100
                0x000000008001d0e0                endState_BattleStDemo__12daBossDemo_cFv = 0x8001d0e0
                0x000000008001d0f0                executeState_BattleStDemo__12daBossDemo_cFv = 0x8001d0f0
                0x000000008001d0d0                beginState_BattleStDemo__12daBossDemo_cFv = 0x8001d0d0
                0x000000008001cfd0                endState_Ready__12daBossDemo_cFv = 0x8001cfd0
                0x000000008001cfe0                executeState_Ready__12daBossDemo_cFv = 0x8001cfe0
                0x000000008001cfc0                beginState_Ready__12daBossDemo_cFv = 0x8001cfc0
                0x000000008001ce70                beatLevel__12daBossDemo_cFv = 0x8001ce70
                0x000000008001ceb0                exitLevel__12daBossDemo_cFv = 0x8001ceb0
                0x0000000080436a28                instance__19BalloonRelatedClass = 0x80436a28
                0x00000000802f1990                PlayerAnimStates = 0x802f1990
                0x000000008011ac00                ContinueFromFixFireballSensorSetup = 0x8011ac00
                0x00000000800b3960                GetPosForLayoutEffect__FP7Point3db = 0x800b3960
                0x0000000080a1794c                ContinueFromJustOneBomb = 0x80a1794c
                0x000000008015fa30                SmoothRotation__FPsss = 0x8015fa30
                0x0000000080823520                KazanRock_OriginalCollisionCallback = 0x80823520
                0x0000000080823290                KazanRock_Explode = 0x80823290
                0x000000008005fcd0                GetPlayerOrYoshi__Fi = 0x8005fcd0
                0x000000008005fcd0                findByID__10daPlBase_cFi = 0x8005fcd0
                0x000000008005fa40                findByID__7dAcPy_cFi = 0x8005fa40
                0x0000000080052000                justFaceSpecificDirection__10daPlBase_cFi = 0x80052000
                0x0000000080052150                moveInDirection__10daPlBase_cFPfPf = 0x80052150
                0x0000000080139e60                getYoshi__7dAcPy_cFv = 0x80139e60
                0x0000000080052240                setAnimePlayWithAnimID__10daPlBase_cFi = 0x80052240
                0x0000000080052360                setAnimePlayStandardType__10daPlBase_cFi = 0x80052360
                0x000000008005e4b0                setFlag__14dPlayerInput_cFQ214dPlayerInput_c5Flags = 0x8005e4b0
                0x000000008005ea10                setPermanentForcedButtons__14dPlayerInput_cFUi = 0x8005ea10
                0x000000008005ea60                setTransientForcedButtons__14dPlayerInput_cFUi = 0x8005ea60
                0x000000008005ea30                unsetPermanentForcedButtons__14dPlayerInput_cFUi = 0x8005ea30
                0x0000000080056d50                setFlag__10daPlBase_cFi = 0x80056d50
                0x0000000080056d90                clearFlag__10daPlBase_cFi = 0x80056d90
                0x0000000080056dd0                testFlag__10daPlBase_cFi = 0x80056dd0
                0x0000000080052100                isReadyForDemoControlAction__10daPlBase_cFv = 0x80052100
                0x0000000080436da0                instance__15dWaterManager_c = 0x80436da0
                0x00000000800eba40                queryPosition__15dWaterManager_cFP7Point2dP7Point2dPfPsi = 0x800eba40
                0x00000000800a0df0                OriginalPowBlockActivated = 0x800a0df0
                0x0000000080002eee                isReplayEnabled = 0x80002eee
                0x00000000800b4650                UpdateSelectCursor = 0x800b4650
                0x000000008010cde0                HideSelectCursor = 0x8010cde0
                0x0000000080436f68                SelectCursorPointer = 0x80436f68
                0x00000000807b3c60                getIconPictureIDforPlayer__12dStockItem_cFi = 0x807b3c60
                0x00000000800b3460                CrapUpPositions__FP7Point3dPC7Point3d = 0x800b3460
                0x00000000800fca34                ContinueFromCalcPowerupResult = 0x800fca34
                0x00000000800fc9fc                ContinueFromFixCalcPowerupResultForMushroom = 0x800fc9fc
                0x00000000807b3a78                ContinueFromSILayoutExtraStuffs = 0x807b3a78
                0x00000000807b4c0c                ContinueFromResetHammerAnimOnOpen = 0x807b4c0c
                0x00000000807b3910                ContinueFromHideItemsByDefault = 0x807b3910
                0x00000000807b4914                MakeSFISound = 0x807b4914
                0x00000000807b4970                ContinueFromSIAddSound = 0x807b4970
                0x00000000807b4dd4                ChosenStartChoice = 0x807b4dd4
                0x00000000807b6330                ContinueFromSISLayoutExtraStuffs = 0x807b6330
                0x00000000807b65f8                ContinueFromUpdateSIS = 0x807b65f8
                0x0000000080436fb0                EnemyBounceValue = 0x80436fb0
                0x0000000080163240                search__7fBase_cFUi = 0x80163240
                0x0000000080163290                search__7fBase_cF6ActorsP7fBase_c = 0x80163290
                0x00000000801632f0                searchByBaseType__7fBase_cFiP7fBase_c = 0x801632f0
                0x00000000800bb3f0                AddStockPowerup = 0x800bb3f0
                0x00000000808af250                continueFromStrongBox2 = 0x808af250
                0x00000000808ae758                continueFromStrongBox = 0x808ae758
                0x0000000080437148                _8042A788 = 0x80437148
                0x000000008019c790                playFanfare__FPvi = 0x8019c790
                0x000000008019cf30                somethingAboutSound__FPv = 0x8019cf30
                0x00000000802633d0                AxVoice_SetADPCM = 0x802633d0
                0x0000000080281e90                Voice_SetADPCMLoop = 0x80281e90
                0x000000008027a740                DetachSound__Q34nw4r3snd11SoundHandleFv = 0x8027a740
                0x0000000080266980                Pause__Q44nw4r3snd6detail10BasicSoundFbi = 0x80266980
                0x0000000080266790                Stop__Q44nw4r3snd6detail10BasicSoundFi = 0x80266790
                0x00000000802679f0                SetPitch__Q44nw4r3snd6detail10BasicSoundFf = 0x802679f0
                0x0000000080267960                SetVolume__Q44nw4r3snd6detail10BasicSoundFfi = 0x80267960
                0x000000008027fdd0                StrmSound_SetTrackVolume = 0x8027fdd0
                0x0000000080436e50                DontShowPreGame = 0x80436e50
                0x0000000080380a60                RESTART_CRSIN_LevelStartStruct = 0x80380a60
                0x00000000800ca684                DrawTheFuckingHat = 0x800ca684
                0x00000000800ca6b8                DontDrawTheFuckingHat = 0x800ca6b8
                0x000000008004e0c0                continueFromMpPauseFix1 = 0x8004e0c0
                0x0000000080141970                continueFromMpPauseFix2 = 0x80141970
                0x0000000080141674                continueFromMpPauseFix3 = 0x80141674
                0x00000000800fcae0                CheckIfSinglePlayer = 0x800fcae0
                0x00000000800e598c                TextWriterCrapContinue = 0x800e598c
                0x000000008092acf0                StockWMInit_LoadEffects__FPv = 0x8092acf0
                0x0000000080093660                CleanUpEffectThings__Fv = 0x80093660
                0x0000000080093610                FreeEffects__Fi = 0x80093610
                0x00000000800932b0                FreeBreff__Fi = 0x800932b0
                0x00000000800932f0                FreeBreft__Fi = 0x800932f0
                0x0000000080092f70                __dt__18BGGMEffectRendererFv = 0x80092f70
                0x000000008031de48                __vt__18BGGMEffectRenderer = 0x8031de48
                0x00000000802dcee0                __construct_array = 0x802dcee0
                0x00000000800cdd70                GetBMG__Fv = 0x800cdd70
                0x00000000802d7da0                findStringForMessageID__Q23EGG6MsgResCFii = 0x802d7da0
                0x00000000800c9b70                WriteBMGToTextBox__FPQ34nw4r3lyt7TextBoxPQ27dScript5Res_ciiie = 0x800c9b70
                0x00000000801648f0                m2d__Anm_c__Load = 0x801648f0
                0x00000000801643a0                m2d__AnmResHandler_c__Load = 0x801643a0
                0x0000000080144bf0                RealAcPyDtor = 0x80144bf0
                0x00000000808c9780                RealWm2dPlayerDtor = 0x808c9780
                0x00000000800b3d60                InsertIntIntoTextBox1 = 0x800b3d60
                0x00000000800b3ce0                WriteNumberToTextBox__FPiPCiPQ34nw4r3lyt7TextBoxb = 0x800b3ce0
                0x00000000800b3d60                WriteNumberToTextBox__FPiPQ34nw4r3lyt7TextBoxb = 0x800b3d60
                0x0000000080814550                __ct__20daJrClownForPlayer_cFv = 0x80814550
                0x0000000080814610                __dt__20daJrClownForPlayer_cFv = 0x80814610
                0x00000000800a3780                PClownCarExecute = 0x800a3780
                0x0000000080095310                PClownCarAfterCreate = 0x80095310
                0x0000000080814c60                PClownCarDraw = 0x80814c60
                0x0000000080815f40                PClownCarMove = 0x80815f40
                0x00000000808161d4                ContinueFromClownCarDetectAdjacent = 0x808161d4
                0x000000008043af78                sAllocatorFunc__FrmHeap = 0x8043af78
                0x00000000800600f0                GetActivePlayerCount = 0x800600f0
                0x00000000800600f0                GetCountofActivePlayers = 0x800600f0
                0x0000000080060030                GetActiveLivingPlayerCount = 0x80060030
                0x0000000080082380                getEffectiveScreenLeft__19ClassWithCameraInfoFv = 0x80082380
                0x0000000080436aa0                instance__19ClassWithCameraInfo = 0x80436aa0
                0x000000008005b6b0                BowserExitDemoState = 0x8005b6b0
                0x00000000807d0ee0                MagicEnd = 0x807d0ee0
                0x0000000080808750                KeyLoopSet = 0x80808750
                0x00000000809b7dc0                BigHanaPlayer = 0x809b7dc0
                0x00000000809b7fd0                BigHanaYoshi = 0x809b7fd0
                0x00000000809b8280                BigHanaWeirdGP = 0x809b8280
                0x00000000809b81f0                BigHanaGroundPound = 0x809b81f0
                0x00000000809b8f50                BigHanaFireball = 0x809b8f50
                0x00000000809b8f20                BigHanaIceball = 0x809b8f20
                0x0000000080146600                dAcPy_vf3F4 = 0x80146600
                0x00000000801466e0                dAcPy_vf3F8 = 0x801466e0
                0x0000000080146de0                dAcPy_vf3FC = 0x80146de0
                0x0000000080047400                dAcPy_vf294 = 0x80047400
                0x00000000809e3080                Cloud_death_execute = 0x809e3080
                0x00000000809e5240                Cloud_execute = 0x809e5240
                0x0000000080437008                GlobalTickCount = 0x80437008
                0x000000008005fa40                GetSpecificPlayerActor = 0x8005fa40
                0x0000000080163240                Actor_SearchByID = 0x80163240
                0x000000008043699a                TimeStopFlag = 0x8043699a
                0x00000000800e3ad8                TimerBranch = 0x800e3ad8
                0x0000000080438504                MarioDescentRate = 0x80438504
                0x00000000802f5c74                MarioJumpArc = 0x802f5c74
                0x00000000804384e8                MarioJumpMax = 0x804384e8
                0x00000000802f5cbc                MiniMarioJumpArc = 0x802f5cbc
                0x0000000080438514                MarioSize = 0x80438514
                0x0000000080064680                AlwaysDrawFlag = 0x80064680
                0x0000000080064684                AlwaysDrawBranch = 0x80064684
                0x00000000800b3060                GenerateRandomNumber = 0x800b3060
                0x00000000800ce9d0                OneofManySoundPlayers = 0x800ce9d0
                0x0000000080b18068                BombSleepState = 0x80b18068
                0x00000000800a0c88                NoFreezie = 0x800a0c88
                0x0000000080436d10                GameTimer = 0x80436d10
                0x0000000080d2b1e8                GameTimerB = 0x80d2b1e8
                0x00000000800e1f70                DoSceneChange__FUsUiUi = 0x800e1f70
                0x00000000802380e0                FrSqrt__Q24nw4r4mathFf = 0x802380e0
                0x0000000080238110                SinFIdx__Q24nw4r4mathFf = 0x80238110
                0x0000000080238180                CosFIdx__Q24nw4r4mathFf = 0x80238180
                0x00000000802381e0                SinCosFIdx__Q24nw4r4mathFPfPff = 0x802381e0
                0x00000000804370ec                archiveHeap__5mHeap = 0x804370ec
                0x00000000804370f0                commandHeap__5mHeap = 0x804370f0
                0x00000000804370f4                dylinkHeap__5mHeap = 0x804370f4
                0x00000000804370f8                assertHeap__5mHeap = 0x804370f8
                0x0000000080384948                gameHeaps__5mHeap = 0x80384948
                0x00000000800db290                init__18StandOnTopColliderFP13dStageActor_cfffffsUcP7Point2d = 0x800db290
                0x00000000800db240                __ct__18StandOnTopColliderFv = 0x800db240
                0x0000000080044470                __dt__18StandOnTopColliderFv = 0x80044470
                0x00000000800daf10                __dt__13BasicColliderFv = 0x800daf10
                0x0000000080436cbc                globalListHead__13BasicCollider = 0x80436cbc
                0x00000000800daf90                addToList__13BasicColliderFv = 0x800daf90
                0x00000000800db560                __ct__21RideableActorColliderFv = 0x800db560
                0x00000000800db5b0                init__21RideableActorColliderFP13dStageActor_cP7Point2dP7Point2d = 0x800db5b0
                0x00000000800db640                init__21RideableActorColliderFP13dStageActor_cffff = 0x800db640
                0x00000000800db6a0                setPosition__21RideableActorColliderFP7Point2dP7Point2d = 0x800db6a0
                0x00000000800db700                setPosition__21RideableActorColliderFffff = 0x800db700
                0x00000000800bc7c0                drawWithMatrix__21SomethingAboutShroomsFfP4mMtx = 0x800bc7c0
                0x0000000080883b50                original_onCreate__13daObjKinoko_cFv = 0x80883b50
                0x0000000080436b38                instance__13dCourseFull_c = 0x80436b38
                0x000000008008e9d0                getRectByID__9dCourse_cFUcP5mRect = 0x8008e9d0
                0x000000008008e510                getNextGotoByID__9dCourse_cFUc = 0x8008e510
                0x0000000080057900                modifyPlayerPropertiesWithRollingObject = 0x80057900
                0x0000000080a5d870                EN_LandbarrelPlayerCollision = 0x80a5d870
                0x00000000804369e8                instance__16dStageActorMgr_c = 0x804369e8
                0x00000000807df4f0                StartBGMMusic = 0x807df4f0
                0x00000000807df500                StopBGMMusic = 0x807df500
                0x0000000080436bb0                instance__11dStage32C_c = 0x80436bb0
                0x0000000080436934                instance__7WLClass = 0x80436934
                0x000000008005cb50                disableDemoControl__7WLClassFb = 0x8005cb50
                0x000000008005ca30                demoControlAllPlayers__7WLClassFv = 0x8005ca30
                0x00000000800d8d70                ShakeScreen = 0x800d8d70
                0x0000000080436ca8                StageScreen = 0x80436ca8
                0x0000000080137a20                stunPlayer = 0x80137a20
                0x0000000080137b60                unstunPlayer = 0x80137b60
                0x00000000800647c0                createChild__13dStageActor_cF6ActorsP13dStageActor_cUiP7Point3dP6S16VecUc = 0x800647c0
                0x000000008001ce20                GameMgrBossEndFunc = 0x8001ce20
                0x00000000807cc020                MakeMarioEnterDemoMode = 0x807cc020
                0x000000008005cb50                MakeMarioExitDemoMode = 0x8005cb50
                0x000000008005cb50                ForceMarioExitDemoMode = 0x8005cb50
                0x0000000080052240                ResetPlayerState = 0x80052240
                0x000000008001ce20                UpdateGameMgr = 0x8001ce20
                0x0000000080056d90                UnsetShit = 0x80056d90
                0x000000008099f104                StateID_DemoSt2__12daKameckDemo = 0x8099f104
                0x000000008099f144                StateID_DemoSt__12daKameckDemo = 0x8099f144
                0x000000008099f184                StateID_DemoWait__12daKameckDemo = 0x8099f184
                0x0000000080b9159c                StateID_Fall__13daBossKoopa_c = 0x80b9159c
                0x00000000809a248c                StateID_DemoWait__9daNeedles = 0x809a248c
                0x00000000809a24d0                StateID_DemoAwake__9daNeedles = 0x809a24d0
                0x00000000809a2510                StateID_Idle__9daNeedles = 0x809a2510
                0x00000000809a2550                StateID_Die__9daNeedles = 0x809a2550
                0x0000000080360f1c                StateID_None__7dPlayer = 0x80360f1c
                0x0000000080360f5c                StateID_Walk__7dPlayer = 0x80360f5c
                0x0000000080360f9c                StateID_Jump__7dPlayer = 0x80360f9c
                0x000000008036139c                StateID_DemoNone__7dPlayer = 0x8036139c
                0x000000008036141c                StateID_DemoWait__7dPlayer = 0x8036141c
                0x00000000803617dc                StateID_DemoGoal__7dPlayer = 0x803617dc
                0x000000008036181c                StateID_DemoControl__7dPlayer = 0x8036181c
                0x00000000808ad740                PlayWrenchSound = 0x808ad740
                0x0000000080436da0                WaterManager = 0x80436da0
                0x00000000800eba40                CheckforLiquid = 0x800eba40
                0x0000000080b83e30                BowserFireballCollision = 0x80b83e30
                0x0000000080b447f0                BowserDamageAnmClr = 0x80b447f0
                0x0000000080b24eb0                BowserDamageStepTwo = 0x80b24eb0
                0x0000000080b24ed0                BowserDamageNormal = 0x80b24ed0
                0x0000000080098f00                BowserDamageKill = 0x80098f00
                0x0000000080b44b20                BowserDamageEnd = 0x80b44b20
                0x000000008008c520                ActivePhysics_InitWithStruct = 0x8008c520
                0x000000008008c470                ActivePhysics_AddToList = 0x8008c470
                0x000000008008c340                __ct__13ActivePhysicsFv = 0x8008c340
                0x000000008008c3a0                __dt__13ActivePhysicsFv = 0x8008c3a0
                0x000000008006ced0                HandleXSpeed = 0x8006ced0
                0x000000008006cf20                HandleYSpeed = 0x8006cf20
                0x000000008006ce80                UpdateObjectPosBasedOnSpeedValues_real = 0x8006ce80
                0x00000000800963c0                dSprite_c__getXDirectionOfFurthestPlayerRelativeToVEC3 = 0x800963c0
                0x0000000080064880                CalculateDistanceFromActorsNextPosToFurthestPlayer = 0x80064880
                0x0000000080095730                doSpriteMovement = 0x80095730
                0x0000000080436b88                instance__17dEffectBreakMgr_c = 0x80436b88
                0x0000000080092730                spawnTile__17dEffectBreakMgr_cFP7Point3dUic = 0x80092730
                0x0000000080070df0                CollidedWithTile = 0x80070df0
                0x0000000080096fe0                SomeStrangeModification = 0x80096fe0
                0x000000008006d010                Actor_GetVec3WithValuesAdded = 0x8006d010
                0x000000008006a5f0                ConvertStagePositionIntoScreenPosition__Maybe = 0x8006a5f0
                0x0000000080198440                AnotherSoundRelatedFunction = 0x80198440
                0x0000000080199500                YetAnotherSoundPlayer = 0x80199500
                0x0000000080196b40                CheckIfPlayingSound = 0x80196b40
                0x0000000080105450                RelatedToPlayingSoundsAlongsideAnims = 0x80105450
                0x0000000080437128                SoundRelatedClass = 0x80437128
                0x00000000801958c0                MapSoundPlayer = 0x801958c0
                0x00000000801955d0                PlaySoundWithFunctionB4 = 0x801955d0
                0x000000008006a5f0                ConvertStagePositionToScreenPosition__FP7Point2dP7Point3d = 0x8006a5f0
                0x0000000080199170                PlaySoundAtPosition__17SoundPlayingClassFiP7Point2dUi = 0x80199170
                0x0000000080436a00                instance2__17SoundPlayingClass = 0x80436a00
                0x0000000080102470                ExitStage__Fiiii = 0x80102470
                0x0000000080102474                ExitStageRealRest = 0x80102474
                0x0000000080435cec                LastPowerupStoreType = 0x80435cec
                0x000000008016f690                zero__4mMtxFv = 0x8016f690
                0x000000008016f130                rotationX__4mMtxFPs = 0x8016f130
                0x000000008016f1f0                applyRotationX__4mMtxFPs = 0x8016f1f0
                0x000000008016f250                rotationY__4mMtxFPs = 0x8016f250
                0x000000008016f310                applyRotationY__4mMtxFPs = 0x8016f310
                0x000000008016f370                rotationZ__4mMtxFPs = 0x8016f370
                0x000000008016f430                applyRotationZ__4mMtxFPs = 0x8016f430
                0x000000008016f490                applyRotationYXZ__4mMtxFPsPsPs = 0x8016f490
                0x000000008016f510                applyRotationZYX__4mMtxFPsPsPs = 0x8016f510
                0x00000000802dd1e8                _savefpr_14 = 0x802dd1e8
                0x00000000802dd1ec                _savefpr_15 = 0x802dd1ec
                0x00000000802dd1f0                _savefpr_16 = 0x802dd1f0
                0x00000000802dd1f4                _savefpr_17 = 0x802dd1f4
                0x00000000802dd1f8                _savefpr_18 = 0x802dd1f8
                0x00000000802dd1fc                _savefpr_19 = 0x802dd1fc
                0x00000000802dd200                _savefpr_20 = 0x802dd200
                0x00000000802dd204                _savefpr_21 = 0x802dd204
                0x00000000802dd208                _savefpr_22 = 0x802dd208
                0x00000000802dd20c                _savefpr_23 = 0x802dd20c
                0x00000000802dd210                _savefpr_24 = 0x802dd210
                0x00000000802dd214                _savefpr_25 = 0x802dd214
                0x00000000802dd218                _savefpr_26 = 0x802dd218
                0x00000000802dd21c                _savefpr_27 = 0x802dd21c
                0x00000000802dd220                _savefpr_28 = 0x802dd220
                0x00000000802dd224                _savefpr_29 = 0x802dd224
                0x00000000802dd228                _savefpr_30 = 0x802dd228
                0x00000000802dd22c                _savefpr_31 = 0x802dd22c
                0x00000000802dd234                _restfpr_14 = 0x802dd234
                0x00000000802dd238                _restfpr_15 = 0x802dd238
                0x00000000802dd23c                _restfpr_16 = 0x802dd23c
                0x00000000802dd240                _restfpr_17 = 0x802dd240
                0x00000000802dd244                _restfpr_18 = 0x802dd244
                0x00000000802dd248                _restfpr_19 = 0x802dd248
                0x00000000802dd24c                _restfpr_20 = 0x802dd24c
                0x00000000802dd250                _restfpr_21 = 0x802dd250
                0x00000000802dd254                _restfpr_22 = 0x802dd254
                0x00000000802dd258                _restfpr_23 = 0x802dd258
                0x00000000802dd25c                _restfpr_24 = 0x802dd25c
                0x00000000802dd260                _restfpr_25 = 0x802dd260
                0x00000000802dd264                _restfpr_26 = 0x802dd264
                0x00000000802dd268                _restfpr_27 = 0x802dd268
                0x00000000802dd26c                _restfpr_28 = 0x802dd26c
                0x00000000802dd270                _restfpr_29 = 0x802dd270
                0x00000000802dd274                _restfpr_30 = 0x802dd274
                0x00000000802dd278                _restfpr_31 = 0x802dd278
                0x00000000802dd280                _savegpr_14 = 0x802dd280
                0x00000000802dd284                _savegpr_15 = 0x802dd284
                0x00000000802dd288                _savegpr_16 = 0x802dd288
                0x00000000802dd28c                _savegpr_17 = 0x802dd28c
                0x00000000802dd290                _savegpr_18 = 0x802dd290
                0x00000000802dd294                _savegpr_19 = 0x802dd294
                0x00000000802dd298                _savegpr_20 = 0x802dd298
                0x00000000802dd29c                _savegpr_21 = 0x802dd29c
                0x00000000802dd2a0                _savegpr_22 = 0x802dd2a0
                0x00000000802dd2a4                _savegpr_23 = 0x802dd2a4
                0x00000000802dd2a8                _savegpr_24 = 0x802dd2a8
                0x00000000802dd2ac                _savegpr_25 = 0x802dd2ac
                0x00000000802dd2b0                _savegpr_26 = 0x802dd2b0
                0x00000000802dd2b4                _savegpr_27 = 0x802dd2b4
                0x00000000802dd2b8                _savegpr_28 = 0x802dd2b8
                0x00000000802dd2bc                _savegpr_29 = 0x802dd2bc
                0x00000000802dd2c0                _savegpr_30 = 0x802dd2c0
                0x00000000802dd2c4                _savegpr_31 = 0x802dd2c4
                0x00000000802dd2cc                _restgpr_14 = 0x802dd2cc
                0x00000000802dd2d0                _restgpr_15 = 0x802dd2d0
                0x00000000802dd2d4                _restgpr_16 = 0x802dd2d4
                0x00000000802dd2d8                _restgpr_17 = 0x802dd2d8
                0x00000000802dd2dc                _restgpr_18 = 0x802dd2dc
                0x00000000802dd2e0                _restgpr_19 = 0x802dd2e0
                0x00000000802dd2e4                _restgpr_20 = 0x802dd2e4
                0x00000000802dd2e8                _restgpr_21 = 0x802dd2e8
                0x00000000802dd2ec                _restgpr_22 = 0x802dd2ec
                0x00000000802dd2f0                _restgpr_23 = 0x802dd2f0
                0x00000000802dd2f4                _restgpr_24 = 0x802dd2f4
                0x00000000802dd2f8                _restgpr_25 = 0x802dd2f8
                0x00000000802dd2fc                _restgpr_26 = 0x802dd2fc
                0x00000000802dd300                _restgpr_27 = 0x802dd300
                0x00000000802dd304                _restgpr_28 = 0x802dd304
                0x00000000802dd308                _restgpr_29 = 0x802dd308
                0x00000000802dd30c                _restgpr_30 = 0x802dd30c
                0x00000000802dd310                _restgpr_31 = 0x802dd310
                0x00000000802dd72c                __shl2i = 0x802dd72c
                0x00000000802b9750                __nw__FUl = 0x802b9750
                0x00000000802b97c0                __dl__FPv = 0x802b97c0
                0x00000000802b97d0                __dla__FPv = 0x802b97d0
                0x00000000802dcd20                __construct_new_array = 0x802dcd20
                0x00000000802dd050                __destroy_new_array = 0x802dd050
                0x00000000802dcfd8                __destroy_arr = 0x802dcfd8
                0x0000000080024c90                sub_80024C20 = 0x80024c90
                0x00000000802dccc0                __register_global_object = 0x802dccc0
                0x00000000802dd13c                __ptmf_scall = 0x802dd13c
                0x000000008015fb40                setup__13FunctionChainFPPFPv_bUs = 0x8015fb40
                0x000000008006d080                __ct__14collisionMgr_c = 0x8006d080
                0x000000008006d080                __dt__14collisionMgr_c = 0x8006d080
                0x000000008006d120                clear1__14collisionMgr_cFv = 0x8006d120
                0x000000008006d140                clear2__14collisionMgr_cFv = 0x8006d140
                0x000000008006d1d0                init__14collisionMgr_cFP13dStageActor_cPC12sensorBase_sPC12sensorBase_sPC12sensorBase_s = 0x8006d1d0
                0x000000008006d580                Clear3__14collisionMgr_cFv = 0x8006d580
                0x000000008006dc70                calculateBelowCollision__14collisionMgr_cFv = 0x8006dc70
                0x0000000080070df0                isOnTopOfTile__14collisionMgr_cCFv = 0x80070df0
                0x000000008006f080                calculateAboveCollision__14collisionMgr_cFUi = 0x8006f080
                0x0000000080072d00                calculateBelowCollisionWithSmokeEffect__14collisionMgr_cFv = 0x80072d00
                0x000000008006fb80                calculateAdjacentCollision__14collisionMgr_cFPf = 0x8006fb80
                0x00000000800708a0                s_80070760__14collisionMgr_cFv = 0x800708a0
                0x0000000080070920                s_800707E0__14collisionMgr_cFv = 0x80070920
                0x0000000080070ce0                getTileBehaviour1At__14collisionMgr_cFffUc = 0x80070ce0
                0x0000000080070d30                getTileBehaviour2At__14collisionMgr_cFffUc = 0x80070d30
                0x00000000800b8550                __ct_11freezeMgr_c = 0x800b8550
                0x00000000800b85f0                __dt__11freezeMgr_cFv = 0x800b85f0
                0x00000000800b8660                doSomethingCool1__11freezeMgr_c = 0x800b8660
                0x00000000800b8730                doSomethingCool2__11freezeMgr_c = 0x800b8730
                0x00000000800b8800                setSomething__11freezeMgr_cFUiUiUi = 0x800b8800
                0x00000000800b8810                Create_ICEACTORs__11freezeMgr_cFPvi = 0x800b8810
                0x00000000800b8960                Delete_ICEACTORs__11freezeMgr_c = 0x800b8960
                0x00000000800b89e0                SetIceTimer_pt1__11freezeMgr_c = 0x800b89e0
                0x00000000800b8a40                SetIceTimer_pt2__11freezeMgr_c = 0x800b8a40
                0x00000000800b8ac0                CheckIceTimer_lte_Value__11freezeMgr_c = 0x800b8ac0
                0x00000000800b8b30                doSomethingCool3__11freezeMgr_c = 0x800b8b30
                0x00000000800b8bc0                doSomethingCool4__11freezeMgr_c = 0x800b8bc0
                0x00000000800b8c40                doSomethingCool5__11freezeMgr_c = 0x800b8c40
                0x00000000800b8cc0                doSomethingCool6__11freezeMgr_c = 0x800b8cc0
                0x00000000800b8d40                DoMeltNormal__11freezeMgr_c = 0x800b8d40
                0x00000000800b8e00                doSomethingCool7__11freezeMgr_c = 0x800b8e00
                0x00000000800b8ff0                CheckCountdownTimer__11freezeMgr_c = 0x800b8ff0
                0x0000000080336140                __vt__7fBase_c = 0x80336140
                0x00000000801622c0                onCreate__7fBase_cFv = 0x801622c0
                0x0000000080162370                onDelete__7fBase_cFv = 0x80162370
                0x0000000080162610                onExecute__7fBase_cFv = 0x80162610
                0x0000000080162810                willBeDeleted__7fBase_cFv = 0x80162810
                0x0000000080162b30                moreHeapShit__7fBase_cFUiPv = 0x80162b30
                0x0000000080162d30                createHeap__7fBase_cFUiPv = 0x80162d30
                0x0000000080162df0                heapCreated__7fBase_cFv = 0x80162df0
                0x0000000080162a50                Delete__7fBase_cFv = 0x80162a50
                0x0000000080162ef0                findNextUninitialisedProcess__7fBase_cFv = 0x80162ef0
                0x0000000080162f60                hasUninitialisedProcesses__7fBase_cFv = 0x80162f60
                0x0000000080162710                onDraw__7fBase_cFv = 0x80162710
                0x0000000080162a50                _Z15fBase_c__DeletePv = 0x80162a50
                0x0000000080162a50                fBase_c__Delete__FPv = 0x80162a50
                0x00000000803240a0                __vt__15StageActorLight = 0x803240a0
                0x00000000800ccb90                init__15StageActorLight_FPvi = 0x800ccb90
                0x00000000800ccc50                update__15StageActorLight = 0x800ccc50
                0x00000000800ccd00                draw__15StageActorLight = 0x800ccd00
                0x0000000080041510                __dt__15StageActorLight = 0x80041510
                0x000000008006c7a0                GetExplanationString__7dBase_cFv = 0x8006c7a0
                0x000000008030e6e8                __vt__15daEnBlockMain_c = 0x8030e6e8
                0x00000000800233b0                __dt__15daEnBlockMain_cFv = 0x800233b0
                0x0000000080022ef0                calledWhenUpMoveBegins__15daEnBlockMain_cFv = 0x80022ef0
                0x0000000080022fd0                calledWhenDownMoveBegins__15daEnBlockMain_cFv = 0x80022fd0
                0x0000000080022fa0                calledWhenUpMoveExecutes__15daEnBlockMain_cFv = 0x80022fa0
                0x0000000080023210                calledWhenUpMoveDiffExecutes__15daEnBlockMain_cFv = 0x80023210
                0x0000000080023080                calledWhenDownMoveExecutes__15daEnBlockMain_cFv = 0x80023080
                0x00000000800230f0                calledWhenDownMoveEndExecutes__15daEnBlockMain_cFv = 0x800230f0
                0x0000000080023330                calledWhenDownMoveDiffExecutes__15daEnBlockMain_cFv = 0x80023330
                0x00000000800233a0                calledWhenDownMoveDiffEndExecutes__15daEnBlockMain_cFv = 0x800233a0
                0x0000000080022e30                updateScale__15daEnBlockMain_cFb = 0x80022e30
                0x0000000080022ed0                upMove_Begin__15daEnBlockMain_cFv = 0x80022ed0
                0x0000000080022f10                upMove_Execute__15daEnBlockMain_cFv = 0x80022f10
                0x0000000080022f00                upMove_End__15daEnBlockMain_cFv = 0x80022f00
                0x0000000080022fb0                downMove_Begin__15daEnBlockMain_cFv = 0x80022fb0
                0x0000000080022ff0                downMove_Execute__15daEnBlockMain_cFv = 0x80022ff0
                0x0000000080022fe0                downMove_End__15daEnBlockMain_cFv = 0x80022fe0
                0x0000000080023090                downMoveEnd_Begin__15daEnBlockMain_cFv = 0x80023090
                0x00000000800230b0                downMoveEnd_Execute__15daEnBlockMain_cFv = 0x800230b0
                0x00000000800230a0                downMoveEnd_End__15daEnBlockMain_cFv = 0x800230a0
                0x0000000080023100                upMove_Diff_Begin__15daEnBlockMain_cFv = 0x80023100
                0x0000000080023140                upMove_Diff_Execute__15daEnBlockMain_cFv = 0x80023140
                0x0000000080023130                upMove_Diff_End__15daEnBlockMain_cFv = 0x80023130
                0x0000000080023220                downMove_Diff_Begin__15daEnBlockMain_cFv = 0x80023220
                0x0000000080023260                downMove_Diff_Execute__15daEnBlockMain_cFv = 0x80023260
                0x0000000080023250                downMove_Diff_End__15daEnBlockMain_cFv = 0x80023250
                0x0000000080023340                downMove_DiffEnd_Begin__15daEnBlockMain_cFv = 0x80023340
                0x0000000080023360                downMove_DiffEnd_Execute__15daEnBlockMain_cFv = 0x80023360
                0x0000000080023350                downMove_DiffEnd_End__15daEnBlockMain_cFv = 0x80023350
                0x0000000080021700                blockInit__15daEnBlockMain_cFf = 0x80021700
                0x0000000080021820                blockUpdate__15daEnBlockMain_cFv = 0x80021820
                0x0000000080021330                blockResult__15daEnBlockMain_cFv = 0x80021330
                0x00000000800211f0                PhysicsCallback1__15daEnBlockMain_c = 0x800211f0
                0x00000000800211e0                PhysicsCallback2__15daEnBlockMain_c = 0x800211e0
                0x0000000080021210                PhysicsCallback3__15daEnBlockMain_c = 0x80021210
                0x0000000080020c60                OPhysicsCallback1__15daEnBlockMain_c = 0x80020c60
                0x0000000080020ee0                OPhysicsCallback2__15daEnBlockMain_c = 0x80020ee0
                0x0000000080021080                OPhysicsCallback3__15daEnBlockMain_c = 0x80021080
                0x000000008035f734                StateID_UpMove__15daEnBlockMain_c = 0x8035f734
                0x000000008035f774                StateID_DownMove__15daEnBlockMain_c = 0x8035f774
                0x000000008035f7b4                StateID_DownMoveEnd__15daEnBlockMain_c = 0x8035f7b4
                0x000000008035f7f4                StateID_UpMove_Diff__15daEnBlockMain_c = 0x8035f7f4
                0x000000008035f834                StateID_DownMove_Diff__15daEnBlockMain_c = 0x8035f834
                0x000000008035f874                StateID_DownMove_DiffEnd__15daEnBlockMain_c = 0x8035f874
                0x0000000080094fc0                __ct__5dEn_cFv = 0x80094fc0
                0x0000000080095270                __dt__5dEn_cFv = 0x80095270
                0x0000000080095310                afterCreate__5dEn_cFi = 0x80095310
                0x0000000080095380                beforeExecute__5dEn_cFv = 0x80095380
                0x00000000800955c0                afterExecute__5dEn_cFi = 0x800955c0
                0x00000000800955e0                beforeDraw__5dEn_cFv = 0x800955e0
                0x00000000800980f0                kill__5dEn_cFv = 0x800980f0
                0x0000000080097dc0                eatIn__5dEn_cFv = 0x80097dc0
                0x0000000080097e30                disableEatIn__5dEn_cFv = 0x80097e30
                0x0000000080097eb0                _vf8C__5dEn_cFPv = 0x80097eb0
                0x0000000080097570                _vfCC__5dEn_cFP7Point2df = 0x80097570
                0x0000000080097670                _vfD0__5dEn_cFP7Point2df = 0x80097670
                0x00000000800a7f70                doStateChange__5dEn_cFP12dStateBase_c = 0x800a7f70
                0x0000000080095a90                collisionCallback__5dEn_cFP13ActivePhysicsP13ActivePhysics = 0x80095a90
                0x0000000080095e20                preSpriteCollision__5dEn_cFP13ActivePhysicsP13ActivePhysics = 0x80095e20
                0x0000000080095e70                prePlayerCollision__5dEn_cFP13ActivePhysicsP13ActivePhysics = 0x80095e70
                0x0000000080096090                preYoshiCollision__5dEn_cFP13ActivePhysicsP13ActivePhysics = 0x80096090
                0x00000000800961a0                stageActorCollision__5dEn_cFP13ActivePhysicsP13ActivePhysics = 0x800961a0
                0x0000000080095d50                spriteCollision__5dEn_cFP13ActivePhysicsP13ActivePhysics = 0x80095d50
                0x0000000080095d60                playerCollision__5dEn_cFP13ActivePhysicsP13ActivePhysics = 0x80095d60
                0x0000000080095dc0                yoshiCollision__5dEn_cFP13ActivePhysicsP13ActivePhysics = 0x80095dc0
                0x000000008009f9c0                collisionCat3_StarPower__5dEn_cFP13ActivePhysicsP13ActivePhysics = 0x8009f9c0
                0x000000008009fcd0                collisionCat5_Mario__5dEn_cFP13ActivePhysicsP13ActivePhysics = 0x8009fcd0
                0x000000008009ffc0                _vf108__5dEn_cFP13ActivePhysicsP13ActivePhysics = 0x8009ffc0
                0x00000000800a0150                collisionCatD_Drill__5dEn_cFP13ActivePhysicsP13ActivePhysics = 0x800a0150
                0x00000000800a0140                _vf110__5dEn_cFP13ActivePhysicsP13ActivePhysics = 0x800a0140
                0x000000008009fe60                collisionCat8_FencePunch__5dEn_cFP13ActivePhysicsP13ActivePhysics = 0x8009fe60
                0x00000000800a02d0                collisionCat7_GroundPound__5dEn_cFP13ActivePhysicsP13ActivePhysics = 0x800a02d0
                0x00000000800a0450                collisionCat7_GroundPoundYoshi__5dEn_cFP13ActivePhysicsP13ActivePhysics = 0x800a0450
                0x000000008009fe50                _vf120__5dEn_cFP13ActivePhysicsP13ActivePhysics = 0x8009fe50
                0x000000008009fe40                collisionCatA_PenguinMario__5dEn_cFP13ActivePhysicsP13ActivePhysics = 0x8009fe40
                0x000000008009fb50                collisionCat11_PipeCannon__5dEn_cFP13ActivePhysicsP13ActivePhysics = 0x8009fb50
                0x00000000800a0880                collisionCat9_RollingObject__5dEn_cFP13ActivePhysicsP13ActivePhysics = 0x800a0880
                0x00000000800a0a50                collisionCat1_Fireball_E_Explosion__5dEn_cFP13ActivePhysicsP13ActivePhysics = 0x800a0a50
                0x00000000800a0bb0                collisionCat2_IceBall_15_YoshiIce__5dEn_cFP13ActivePhysicsP13ActivePhysics = 0x800a0bb0
                0x00000000800a0540                collisionCat13_Hammer__5dEn_cFP13ActivePhysicsP13ActivePhysics = 0x800a0540
                0x00000000800a06d0                collisionCat14_YoshiFire__5dEn_cFP13ActivePhysicsP13ActivePhysics = 0x800a06d0
                0x00000000800a1020                killWithSpecifiedState__5dEn_cFP13dStageActor_cP7Point2dP12dStateBase_cUi = 0x800a1020
                0x00000000800a1230                _vf140__5dEn_cFP13dStageActor_c = 0x800a1230
                0x00000000800a0df0                powBlockActivated__5dEn_cFb = 0x800a0df0
                0x00000000800a1420                _vf148__5dEn_cFv = 0x800a1420
                0x00000000800a14f0                _vf14C__5dEn_cFv = 0x800a14f0
                0x0000000080020740                canBePowed__5dEn_cFv = 0x80020740
                0x0000000080096370                eatenByYoshiProbably__5dEn_cFv = 0x80096370
                0x00000000800a1310                killByDieFall__5dEn_cFP13dStageActor_c = 0x800a1310
                0x00000000800a1d80                playHpdpSound1__5dEn_cFv = 0x800a1d80
                0x00000000800a1d30                playEnemyDownSound1__5dEn_cFv = 0x800a1d30
                0x00000000800a1e00                playEnemyDownComboSound__5dEn_cFPv = 0x800a1e00
                0x00000000800a1f10                playHpdpSound2__5dEn_cFv = 0x800a1f10
                0x00000000800a1f90                _vf168__5dEn_cFv = 0x800a1f90
                0x00000000800a15f0                dieFumi_Begin__5dEn_cFv = 0x800a15f0
                0x00000000800a1780                dieFumi_Execute__5dEn_cFv = 0x800a1780
                0x00000000800a19a0                dieFumi_End__5dEn_cFv = 0x800a19a0
                0x00000000800a1820                dieFall_Begin__5dEn_cFv = 0x800a1820
                0x00000000800a19b0                dieFall_Execute__5dEn_cFv = 0x800a19b0
                0x00000000800a19a0                dieFall_End__5dEn_cFv = 0x800a19a0
                0x00000000800a1a90                dieBigFall_Begin__5dEn_cFv = 0x800a1a90
                0x00000000800a1ab0                dieBigFall_Execute__5dEn_cFv = 0x800a1ab0
                0x00000000800a1aa0                dieBigFall_End__5dEn_cFv = 0x800a1aa0
                0x00000000800a1b00                dieSmoke_Begin__5dEn_cFv = 0x800a1b00
                0x00000000800a1b80                dieSmoke_Execute__5dEn_cFv = 0x800a1b80
                0x00000000800a1b70                dieSmoke_End__5dEn_cFv = 0x800a1b70
                0x00000000800a1c40                dieYoshiFumi_Begin__5dEn_cFv = 0x800a1c40
                0x00000000800a1cc0                dieYoshiFumi_Execute__5dEn_cFv = 0x800a1cc0
                0x00000000800a1cb0                dieYoshiFumi_End__5dEn_cFv = 0x800a1cb0
                0x00000000800a1b90                dieIceVanish_Begin__5dEn_cFv = 0x800a1b90
                0x00000000800a1c30                dieIceVanish_Execute__5dEn_cFv = 0x800a1c30
                0x00000000800a1c20                dieIceVanish_End__5dEn_cFv = 0x800a1c20
                0x00000000800a1cd0                dieGoal_Begin__5dEn_cFv = 0x800a1cd0
                0x00000000800a1cf0                dieGoal_Execute__5dEn_cFv = 0x800a1cf0
                0x00000000800a1ce0                dieGoal_End__5dEn_cFv = 0x800a1ce0
                0x00000000800a1d00                dieOther_Begin__5dEn_cFv = 0x800a1d00
                0x00000000800a1d20                dieOther_Execute__5dEn_cFv = 0x800a1d20
                0x00000000800a1d10                dieOther_End__5dEn_cFv = 0x800a1d10
                0x00000000800a8340                eatIn_Begin__5dEn_cFv = 0x800a8340
                0x00000000800a8360                eatIn_Execute__5dEn_cFv = 0x800a8360
                0x00000000800a8350                eatIn_End__5dEn_cFv = 0x800a8350
                0x00000000800a83e0                eatNow_Begin__5dEn_cFv = 0x800a83e0
                0x00000000800a8400                eatNow_Execute__5dEn_cFv = 0x800a8400
                0x00000000800a83f0                eatNow_End__5dEn_cFv = 0x800a83f0
                0x00000000800a8410                eatOut_Begin__5dEn_cFv = 0x800a8410
                0x00000000800a8430                eatOut_Execute__5dEn_cFv = 0x800a8430
                0x00000000800a8420                eatOut_End__5dEn_cFv = 0x800a8420
                0x00000000800a8310                hitSpin_Begin__5dEn_cFv = 0x800a8310
                0x00000000800a8330                hitSpin_Execute__5dEn_cFv = 0x800a8330
                0x00000000800a8320                hitSpin_End__5dEn_cFv = 0x800a8320
                0x00000000800a8010                ice_Begin__5dEn_cFv = 0x800a8010
                0x00000000800a80c0                ice_Execute__5dEn_cFv = 0x800a80c0
                0x00000000800a80b0                ice_End__5dEn_cFv = 0x800a80b0
                0x0000000080095660                spawnHitEffectAtPosition__5dEn_cF7Point2d = 0x80095660
                0x0000000080095670                doSomethingWithHardHitAndSoftHitEffects__5dEn_cF7Point3d = 0x80095670
                0x00000000800956c0                playEnemyDownSound2__5dEn_cFv = 0x800956c0
                0x0000000080095710                add2ToYSpeed__5dEn_cFv = 0x80095710
                0x00000000800959d0                _vf218__5dEn_cFv = 0x800959d0
                0x00000000800978f0                _vf21C__5dEn_cFv = 0x800978f0
                0x00000000800980a0                _vf220__5dEn_cFPv = 0x800980a0
                0x00000000800980e0                _vf224__5dEn_cFv = 0x800980e0
                0x0000000080020730                _vf228__5dEn_cFv = 0x80020730
                0x00000000800a81e0                CreateIceActors__5dEn_cFv = 0x800a81e0
                0x00000000800a82d0                _vf230__5dEn_cFv = 0x800a82d0
                0x00000000800a82e0                _vf234__5dEn_cFv = 0x800a82e0
                0x00000000800a8300                _vf238__5dEn_cFv = 0x800a8300
                0x0000000080020720                _vf23C__5dEn_cFv = 0x80020720
                0x0000000080020710                _vf240__5dEn_cFv = 0x80020710
                0x0000000080020700                _vf244__5dEn_cFv = 0x80020700
                0x0000000080096a60                _vf248__5dEn_cFi = 0x80096a60
                0x0000000080096890                bouncePlayerWhenJumpedOn__5dEn_cFPv = 0x80096890
                0x0000000080096880                addScoreWhenHit__5dEn_cFPv = 0x80096880
                0x00000000800968a0                _vf254__5dEn_cFPv = 0x800968a0
                0x00000000800968e0                _vf258__5dEn_cFPv = 0x800968e0
                0x00000000800968f0                _vf25C__5dEn_cFPv = 0x800968f0
                0x0000000080096a90                _vf260__5dEn_cFPv = 0x80096a90
                0x0000000080096ee0                _vf264__5dEn_cFP13dStageActor_c = 0x80096ee0
                0x0000000080096ba0                _vf268__5dEn_cFPv = 0x80096ba0
                0x0000000080096f70                spawnHitEffectAtPositionAgain__5dEn_cF7Point2d = 0x80096f70
                0x0000000080096dc0                playMameStepSound__5dEn_cFv = 0x80096dc0
                0x0000000080096fd0                _vf274__5dEn_cFv = 0x80096fd0
                0x0000000080096cb0                _vf278__5dEn_cFPv = 0x80096cb0
                0x0000000080096fc0                _vf27C__5dEn_cFv = 0x80096fc0
                0x00000000803648b4                StateID_DieFumi__5dEn_c = 0x803648b4
                0x00000000803648f4                StateID_DieFall__5dEn_c = 0x803648f4
                0x0000000080364934                StateID_DieBigFall__5dEn_c = 0x80364934
                0x0000000080364974                StateID_DieSmoke__5dEn_c = 0x80364974
                0x00000000803649b4                StateID_DieIceVanish__5dEn_c = 0x803649b4
                0x00000000803649f4                StateID_DieYoshiFumi__5dEn_c = 0x803649f4
                0x0000000080364a34                StateID_DieGoal__5dEn_c = 0x80364a34
                0x0000000080364a74                StateID_DieOther__5dEn_c = 0x80364a74
                0x0000000080095730                doSpriteMovement__5dEn_cFv = 0x80095730
                0x0000000080097a40                CheckIfPlayerBelow__5dEn_cFff = 0x80097a40
                0x00000000800958f0                stuffRelatingToCollisions__5dEn_cFfff = 0x800958f0
                0x00000000800973d0                checkLiquidImmersion__5dEn_cFP7Point2df = 0x800973d0
                0x0000000080096920                bouncePlayer__5dEn_cFPvf = 0x80096920
                0x0000000080067100                __ct__13dActorState_cFv = 0x80067100
                0x00000000800672f0                __dt__13dActorState_cFv = 0x800672f0
                0x0000000080067370                beginState_Gegneric__13dActorState_cFv = 0x80067370
                0x0000000080067380                endState_Gegneric__13dActorState_cFv = 0x80067380
                0x0000000080067390                executeState_Gegneric__13dActorState_cFv = 0x80067390
                0x00000000800676d0                _vfD8__18dActorMultiState_cFv = 0x800676d0
                0x00000000800676f0                _vfDC__18dActorMultiState_cFv = 0x800676f0
                0x00000000800676e0                _vfE0__18dActorMultiState_cFv = 0x800676e0
                0x0000000080064250                __ct__13dStageActor_cFv = 0x80064250
                0x00000000800643f0                __dt__13dStageActor_cFv = 0x800643f0
                0x0000000080064490                beforeCreate__13dStageActor_cFv = 0x80064490
                0x00000000800644c0                afterCreate__13dStageActor_cFi = 0x800644c0
                0x00000000800644d0                beforeDelete__13dStageActor_cFv = 0x800644d0
                0x0000000080064520                afterDelete__13dStageActor_cFi = 0x80064520
                0x0000000080064530                beforeExecute__13dStageActor_cFv = 0x80064530
                0x00000000800645d0                afterExecute__13dStageActor_cFi = 0x800645d0
                0x0000000080064680                beforeDraw__13dStageActor_cFv = 0x80064680
                0x0000000080064720                afterDraw__13dStageActor_cFi = 0x80064720
                0x0000000080064730                GetExplanationString__13dStageActor_cFv = 0x80064730
                0x00000000800651c0                isOutOfView__13dStageActor_cFv = 0x800651c0
                0x0000000080065790                kill__13dStageActor_cFv = 0x80065790
                0x000000008001d280                _vf68__13dStageActor_cFv = 0x8001d280
                0x000000008001d270                _vf6C__13dStageActor_cFv = 0x8001d270
                0x0000000080065760                _vf70__13dStageActor_cFv = 0x80065760
                0x000000008001d260                _vf74__13dStageActor_cFv = 0x8001d260
                0x0000000080065960                itemPickedUp__13dStageActor_cFv = 0x80065960
                0x000000008001d250                _vf7C__13dStageActor_cFv = 0x8001d250
                0x0000000080065970                eatIn__13dStageActor_cFv = 0x80065970
                0x0000000080065990                disableEatIn__13dStageActor_cFv = 0x80065990
                0x00000000800659a0                _vf88__13dStageActor_cFv = 0x800659a0
                0x00000000800659b0                _vf8C__13dStageActor_cFPv = 0x800659b0
                0x00000000800659c0                _vf90__13dStageActor_cFP13dStageActor_c = 0x800659c0
                0x0000000080065c00                _vf94__13dStageActor_cFPv = 0x80065c00
                0x00000000800661c0                removeMyActivePhysics__13dStageActor_cFv = 0x800661c0
                0x00000000800661d0                addMyActivePhysics__13dStageActor_cFv = 0x800661d0
                0x0000000080065a90                returnRegularScale__13dStageActor_cFv = 0x80065a90
                0x0000000080065ab0                _vfA4__13dStageActor_cFPv = 0x80065ab0
                0x0000000080065b40                _vfA8__13dStageActor_cFPv = 0x80065b40
                0x0000000080065b80                _vfAC__13dStageActor_cFPv = 0x80065b80
                0x00000000800657a0                killedByLevelClear__13dStageActor_cFv = 0x800657a0
                0x0000000080065c80                _vfB4__13dStageActor_cFv = 0x80065c80
                0x000000008001d240                _vfB8__13dStageActor_cFv = 0x8001d240
                0x0000000080065c90                _vfBC__13dStageActor_cFv = 0x80065c90
                0x0000000080065ca0                _vfC0__13dStageActor_cFv = 0x80065ca0
                0x0000000080065cb0                _vfC4__13dStageActor_cFv = 0x80065cb0
                0x0000000080065e00                _vfC8__13dStageActor_cFP7Point2df = 0x80065e00
                0x0000000080065f00                _vfCC__13dStageActor_cFP7Point2df = 0x80065f00
                0x0000000080066000                _vfD0__13dStageActor_cFP7Point2df = 0x80066000
                0x0000000080064ee0                outOfZone__13dStageActor_cF7Point3dPfUc = 0x80064ee0
                0x0000000080065090                checkZoneBoundaries__13dStageActor_cFUi = 0x80065090
                0x0000000080064750                create__13dStageActor_cF6ActorsUiP7Point3dP6S16VecUc = 0x80064750
                0x0000000080064e50                Delete__13dStageActor_cFUc = 0x80064e50
                0x00000000800e1ac0                __ct__8dScene_cFv = 0x800e1ac0
                0x00000000800e1b30                __dt__8dScene_cFv = 0x800e1b30
                0x00000000800e1bb0                beforeCreate__8dScene_cFv = 0x800e1bb0
                0x00000000800e1bf0                afterCreate__8dScene_cFi = 0x800e1bf0
                0x00000000800e1c60                beforeDelete__8dScene_cFv = 0x800e1c60
                0x00000000800e1c90                afterDelete__8dScene_cFi = 0x800e1c90
                0x00000000800e1cf0                beforeExecute__8dScene_cFv = 0x800e1cf0
                0x00000000800e1e30                afterExecute__8dScene_cFi = 0x800e1e30
                0x00000000800e1e80                beforeDraw__8dScene_cFv = 0x800e1e80
                0x00000000800e1eb0                afterDraw__8dScene_cFi = 0x800e1eb0
                0x000000008006c810                __ct__8dActor_cFv = 0x8006c810
                0x000000008006c930                __dt__8dActor_cFv = 0x8006c930
                0x000000008006ce80                UpdateObjectPosBasedOnSpeedValuesReal__8dActor_cFv = 0x8006ce80
                0x000000008006ced0                HandleXSpeed__8dActor_cFv = 0x8006ced0
                0x000000008006cf20                HandleYSpeed__8dActor_cFv = 0x8006cf20
                0x000000008006c560                __ct__7dBase_cFv = 0x8006c560
                0x000000008006c5d0                __dt__7dBase_cFv = 0x8006c5d0
                0x000000008006c680                beforeCreate__7dBase_cFv = 0x8006c680
                0x000000008006c6b0                afterCreate__7dBase_cFi = 0x8006c6b0
                0x000000008006c6c0                beforeDelete__7dBase_cFv = 0x8006c6c0
                0x000000008006c6f0                afterDelete__7dBase_cFi = 0x8006c6f0
                0x000000008006c700                beforeExecute__7dBase_cFv = 0x8006c700
                0x000000008006c740                afterExecute__7dBase_cFi = 0x8006c740
                0x000000008006c750                beforeDraw__7dBase_cFv = 0x8006c750
                0x000000008006c790                afterDraw__7dBase_cFi = 0x8006c790
                0x000000008006cb90                specialDraw1__8dActor_cFv = 0x8006cb90
                0x000000008006cba0                specialDraw2__8dActor_cFv = 0x8006cba0
                0x000000008001d230                _vf58__8dActor_cFv = 0x8001d230
                0x000000008001d220                _vf5C__8dActor_cFv = 0x8001d220
                0x000000008015fd00                __ct__12dStateBase_cFPCc = 0x8015fd00
                0x000000008015fd40                __dt__12dStateBase_cFv = 0x8015fd40
                0x000000008015fd80                isInvalid__12dStateBase_cFv = 0x8015fd80
                0x000000008015fd90                isEqualNotUsedForSomeReason__12dStateBase_cFP12dStateBase_c = 0x8015fd90
                0x000000008015fe00                isEqual__12dStateBase_cFP12dStateBase_c = 0x8015fe00
                0x000000008015fe10                isNotEqual__12dStateBase_cFP12dStateBase_c = 0x8015fe10
                0x000000008015fe60                getName__12dStateBase_cFv = 0x8015fe60
                0x000000008015fe70                getID__12dStateBase_cFv = 0x8015fe70
                0x0000000080014310                isSameStateName__12dStateBase_cFPCc = 0x80014310
                0x00000000800129e0                doBegin__12dStateBase_cFPv = 0x800129e0
                0x00000000800129b0                doExecute__12dStateBase_cFPv = 0x800129b0
                0x0000000080012980                doEnd__12dStateBase_cFPv = 0x80012980
                0x0000000080384704                mNoState__12dStateBase_c = 0x80384704
                0x000000008015ff30                __dt__15dStateMgrBase_cFv = 0x8015ff30
                0x00000000801601d0                __ct__11dStateMgr_cFP17dStatePointless_cP20dStateExecutorBase_cP12dStateBase_c = 0x801601d0
                0x00000000800e3bf0                __ct__10dFlagMgr_c = 0x800e3bf0
                0x00000000800e3cb0                setup__10dFlagMgr_cFb = 0x800e3cb0
                0x00000000800e4030                applyAndClearAllTimedActions__10dFlagMgr_cFv = 0x800e4030
                0x00000000800e4120                execute__10dFlagMgr_cFv = 0x800e4120
                0x00000000800e42d0                set__10dFlagMgr_cFUcibbbUi = 0x800e42d0
                0x00000000800e4580                findLowestFlagInSet__10dFlagMgr_cFUiUl = 0x800e4580
                0x00000000800e4660                setSpecial__10dFlagMgr_cFUcffUcUiUl = 0x800e4660
                0x00000000800e46a0                get8__10dFlagMgr_cFUc = 0x800e46a0
                0x00000000800e46b0                get108__10dFlagMgr_cFUc = 0x800e46b0
                0x00000000800e46c0                get208__10dFlagMgr_cFUc = 0x800e46c0
                0x00000000800e46d0                get248__10dFlagMgr_cFUc = 0x800e46d0
                0x00000000800e46f0                get448__10dFlagMgr_cFUc = 0x800e46f0
                0x0000000080436d18                instance__10dFlagMgr_c = 0x80436d18
                0x000000008008c400                clear__13ActivePhysicsFv = 0x8008c400
                0x000000008008c4c0                removeFromList__13ActivePhysicsFv = 0x8008c4c0
                0x000000008008c470                addToList__13ActivePhysicsFv = 0x8008c470
                0x000000008008c520                initWithStruct__13ActivePhysicsFP8dActor_cPCQ213ActivePhysics4Info = 0x8008c520
                0x000000008008c630                bottom__13ActivePhysicsFv = 0x8008c630
                0x0000000080436b00                globalListHead__13ActivePhysics = 0x80436b00
                0x000000008007f8e0                __ct__7PhysicsFv = 0x8007f8e0
                0x000000008007f950                __dt__7PhysicsFv = 0x8007f950
                0x000000008007faf0                baseSetup__7PhysicsFP8dActor_cPvPvPvUcUc = 0x8007faf0
                0x000000008007fb80                setup__7PhysicsFP8dActor_cffffPvPvPvUcUcP7Point2d = 0x8007fb80
                0x000000008007fc50                setup__7PhysicsFP8dActor_cPQ27Physics4InfoUcUcP7Point2d = 0x8007fc50
                0x0000000080436a80                globalListHead__7Physics = 0x80436a80
                0x000000008007fec0                setPtrToRotation__7PhysicsFPs = 0x8007fec0
                0x00000000808a6600                spinningPhysicsCallback = 0x808a6600
                0x000000008007fa40                addToList__7PhysicsFv = 0x8007fa40
                0x000000008007fa90                removeFromList__7PhysicsFv = 0x8007fa90
                0x000000008007fee0                update__7PhysicsFv = 0x8007fee0
                0x0000000080078660                getTileRendererList__7dBgGm_cFi = 0x80078660
                0x0000000080077660                getPointerToTile__8BgGmBaseFiiiPib = 0x80077660
                0x00000000800779a0                placeTile__8BgGmBaseFUsUsii = 0x800779a0
                0x0000000080078550                makeSplash__8BgGmBaseFffi = 0x80078550
                0x0000000080014890                add__Q212TileRenderer4ListFP12TileRenderer = 0x80014890
                0x00000000800148d0                remove__Q212TileRenderer4ListFP12TileRenderer = 0x800148d0
                0x0000000080014620                __ct__12TileRendererFv = 0x80014620
                0x0000000080014660                __dt__12TileRendererFv = 0x80014660
                0x0000000080014720                setPosition__12TileRendererFfff = 0x80014720
                0x0000000080014740                setVars__12TileRendererFf = 0x80014740
                0x00000000800d6dd0                __ct__21dPlayerModelHandler_cFUc = 0x800d6dd0
                0x00000000800d6f00                loadModel__21dPlayerModelHandler_cFUcii = 0x800d6f00
                0x00000000800d7050                setSRT__21dPlayerModelHandler_cF7Point3d6S16Vec7Point3d = 0x800d7050
                0x00000000800d7110                callVF20__21dPlayerModelHandler_cFv = 0x800d7110
                0x00000000800d7130                draw__21dPlayerModelHandler_cFv = 0x800d7130
                0x00000000800d6fa0                update__21dPlayerModelHandler_cFv = 0x800d6fa0
                0x00000000800d6fc0                setMatrix__21dPlayerModelHandler_cFPA4_f = 0x800d6fc0
                0x0000000080163290                _Z15FindActorByType6ActorsP5Actor = 0x80163290
                0x0000000080163290                FindActorByType__F6ActorsP5Actor = 0x80163290
                0x00000000800df290                _Z19RetrieveFileFromArcPvPcS0_ = 0x800df290
                0x000000008015fc70                _Z8OSReportPKcz = 0x8015fc70
                0x000000008015fc70                OSReport__FPCce = 0x8015fc70
                0x00000000801afb10                _Z7OSFatal7GXColorS_PKc = 0x801afb10
                0x00000000800e2690                GetSomeSizeRelatedBULLSHIT__Fv = 0x800e2690
                0x00000000800e2800                CalculateSomethingAboutRatio__Fffff = 0x800e2800
                0x00000000800e28d0                CalculateSomethingElseAboutRatio__Fv = 0x800e28d0
                0x0000000080169760                DoSomethingCameraRelatedWithEGGScreen__FiPQ23EGG6Screen = 0x80169760
                0x0000000080436d8c                GlobalScreenWidth = 0x80436d8c
                0x0000000080436d90                GlobalScreenHeight = 0x80436d90
                0x0000000080437ba8                currentScreenSizeID = 0x80437ba8
                0x000000008035d200                ScreenSizesAndMultipliers = 0x8035d200
                0x00000000802c7020                setOrtho__Q23EGG7FrustumFffffff = 0x802c7020
                0x00000000802d1200                __ct__Q23EGG6ScreenFv = 0x802d1200
                0x00000000802d0fe0                __dt__Q23EGG6ScreenFv = 0x802d0fe0
                0x000000008035cd98                __vt__Q23EGG12LookAtCamera = 0x8035cd98
                0x00000000802bedc0                assignToNW4RCamera__Q23EGG12LookAtCameraFRQ34nw4r3g3d6Camera = 0x802bedc0
                0x00000000802bf910                __ct__Q23EGG12ProjectOrthoFv = 0x802bf910
                0x00000000802bf960                setVolume__Q23EGG12ProjectOrthoFffff = 0x802bf960
                0x0000000080165060                GetCameraByID__Fi = 0x80165060
                0x0000000080165080                GetCurrentCameraID__Fv = 0x80165080
                0x0000000080165090                SetCurrentCameraID__Fi = 0x80165090
                0x0000000080165150                LinkScene__Fi = 0x80165150
                0x00000000801650d0                UnlinkScene__Fi = 0x801650d0
                0x0000000080165210                SceneCalcWorld__Fi = 0x80165210
                0x00000000801652a0                SceneCameraStuff__Fi = 0x801652a0
                0x0000000080165290                CalcMaterial__Fv = 0x80165290
                0x0000000080165370                DrawOpa__Fv = 0x80165370
                0x0000000080165380                DrawXlu__Fv = 0x80165380
                0x00000000802d34c0                ChangeAlphaUpdate__Fb = 0x802d34c0
                0x00000000802d3460                ChangeColorUpdate__Fb = 0x802d3460
                0x000000008006cc20                DoSpecialDrawing1__Fv = 0x8006cc20
                0x000000008006cc80                DoSpecialDrawing2__Fv = 0x8006cc80
                0x0000000080163760                SetupLYTDrawing__Fv = 0x80163760
                0x00000000801636b0                ClearLayoutDrawList__Fv = 0x801636b0
                0x00000000800067a0                RenderAllLayouts__Fv = 0x800067a0
                0x0000000080163840                DrawAllLayoutsBeforeX__Fi = 0x80163840
                0x00000000801638d0                DrawAllLayoutsAfterX__Fi = 0x801638d0
                0x0000000080163960                DrawAllLayoutsAfterXandBeforeY__Fii = 0x80163960
                0x0000000080007300                findPaneByName__Q23m2d17EmbedLayoutBase_cCFPCc = 0x80007300
                0x0000000080007320                findTextBoxByName__Q23m2d17EmbedLayoutBase_cCFPCc = 0x80007320
                0x00000000800073d0                findPictureByName__Q23m2d17EmbedLayoutBase_cCFPCc = 0x800073d0
                0x0000000080007470                findWindowByName__Q23m2d17EmbedLayoutBase_cCFPCc = 0x80007470
                0x00000000800c8a60                __ct__Q23m2d13EmbedLayout_cFv = 0x800c8a60
                0x00000000800c8ab0                __dt__Q23m2d13EmbedLayout_cFv = 0x800c8ab0
                0x00000000800c8dc0                loadArc__Q23m2d13EmbedLayout_cFPCcb = 0x800c8dc0
                0x00000000800c8e70                getPanes__Q23m2d13EmbedLayout_cCFPPCcPPQ34nw4r3lyt4Panei = 0x800c8e70
                0x00000000800c8ee0                getWindows__Q23m2d13EmbedLayout_cCFPPCcPPQ34nw4r3lyt6Windowi = 0x800c8ee0
                0x00000000800c8f50                getPictures__Q23m2d13EmbedLayout_cCFPPCcPPQ34nw4r3lyt7Picturei = 0x800c8f50
                0x00000000800c8fc0                getTextBoxes__Q23m2d13EmbedLayout_cCFPPCcPPQ34nw4r3lyt7TextBoxi = 0x800c8fc0
                0x00000000800c9030                setLangStrings__Q23m2d13EmbedLayout_cFPPCcPCiii = 0x800c9030
                0x00000000800c90c0                loadAnimations__Q23m2d13EmbedLayout_cFPPCci = 0x800c90c0
                0x00000000800c9200                loadGroups__Q23m2d13EmbedLayout_cFPPCcPCii = 0x800c9200
                0x00000000800c9400                enableNonLoopAnim__Q23m2d13EmbedLayout_cFib = 0x800c9400
                0x00000000800c9490                enableLoopAnim__Q23m2d13EmbedLayout_cFi = 0x800c9490
                0x00000000800c94e0                resetAnim__Q23m2d13EmbedLayout_cFib = 0x800c94e0
                0x00000000800c9610                disableAllAnimations__Q23m2d13EmbedLayout_cFv = 0x800c9610
                0x00000000800c9720                isAnimOn__Q23m2d13EmbedLayout_cFi = 0x800c9720
                0x00000000800c9750                isAnyAnimOn__Q23m2d13EmbedLayout_cFv = 0x800c9750
                0x00000000800c9a40                free__Q23m2d13EmbedLayout_cFv = 0x800c9a40
                0x00000000800c9670                execAnimations__Q23m2d13EmbedLayout_cFv = 0x800c9670
                0x0000000080163ba0                attachArc__Q23m2d8ResAcc_cFPvPCc = 0x80163ba0
                0x0000000080163d20                setSpeed__Q23m2d11FrameCtrl_cFf = 0x80163d20
                0x0000000080163d90                scheduleForDrawing__Q23m2d6Base_cFv = 0x80163d90
                0x0000000080094050                RenderEffects__Fii = 0x80094050
                0x00000000801653b0                RemoveAllFromScnRoot__Fv = 0x801653b0
                0x0000000080165400                Reset3DState__Fv = 0x80165400
                0x000000008024db10                GetRenderModeObj__Q34nw4r3g3d8G3DStateFv = 0x8024db10
                0x0000000080253d10                __ct__Q34nw4r3g3d6CameraFPQ34nw4r3g3d10CameraData = 0x80253d10
                0x00000000802541b0                SetOrtho__Q34nw4r3g3d6CameraFffffff = 0x802541b0
                0x0000000080254170                SetPerspective__Q34nw4r3g3d6CameraFffff = 0x80254170
                0x0000000080254360                SetViewportJitter__Q34nw4r3g3d6CameraFUi = 0x80254360
                0x0000000080253f00                SetPosture__Q34nw4r3g3d6CameraFRCQ44nw4r3g3d6Camera11PostureInfo = 0x80253f00
                0x0000000080253e90                SetPosition__Q34nw4r3g3d6CameraFRC7Point3d = 0x80253e90
                0x0000000080254120                SetCameraMtxDirectly__Q34nw4r3g3d6CameraFRA3_A4_Cf = 0x80254120
                0x00000000802545f0                GetCameraMtx__Q34nw4r3g3d6CameraCFPA3_A4_f = 0x802545f0
                0x000000008023ada0                CheckRevision__Q34nw4r3g3d7ResFileCFv = 0x8023ada0
                0x000000008023aad0                Init__Q34nw4r3g3d7ResFileFv = 0x8023aad0
                0x000000008023a890                Bind__Q34nw4r3g3d7ResFileFQ34nw4r3g3d7ResFile = 0x8023a890
                0x000000008023a370                GetResMdl__Q34nw4r3g3d7ResFileCFPCc = 0x8023a370
                0x000000008023a460                GetResTex__Q34nw4r3g3d7ResFileCFPCc = 0x8023a460
                0x0000000080437068                g3dMemAllocator__Q24nw4r3g3d = 0x80437068
                0x000000008025cf60                __ScnMdl__Construct__Q24nw4r3g3dFPvPUiPvUii = 0x8025cf60
                0x000000008025a8c0                __ScnMdlSimple__Construct__Q24nw4r3g3dFPvPUiPvi = 0x8025a8c0
                0x0000000080165390                InsertIntoScene__Q24nw4r3g3dFPv = 0x80165390
                0x000000008023bca0                GetResMat__Q34nw4r3g3d6ResMdlCFPCc = 0x8023bca0
                0x000000008023b740                GetResNode__Q34nw4r3g3d6ResMdlCFPCc = 0x8023b740
                0x0000000080165490                DisableIndirectTexturing__3m3dFv = 0x80165490
                0x00000000802c81b0                InitTexObjWithResTex__3m3dFP9_GXTexObjPv14_GXTexWrapMode14_GXTexWrapMode12_GXTexFilter12_GXTexFilter = 0x802c81b0
                0x0000000080165510                setup__Q23m3d6proc_cFPvPUi = 0x80165510
                0x000000008000f720                returnUnknown__Q23m3d6proc_cFv = 0x8000f720
                0x000000008016a550                __ct__Q23m3d9scnLeaf_cFv = 0x8016a550
                0x000000008016a570                __dt__Q23m3d9scnLeaf_cFv = 0x8016a570
                0x000000008016a5d0                free__Q23m3d9scnLeaf_cFv = 0x8016a5d0
                0x000000008016a620                scheduleForDrawing__Q23m3d9scnLeaf_cFv = 0x8016a620
                0x000000008016a6d0                getViewMatrix__Q23m3d9scnLeaf_cFPA3_A4_f = 0x8016a6d0
                0x000000008033636c                __vt__Q23m3d5mdl_c = 0x8033636c
                0x000000008016a210                __ct__Q23m3d5mdl_cFv = 0x8016a210
                0x000000008016a260                __dt__Q23m3d5mdl_cFv = 0x8016a260
                0x000000008016a2d0                setup__Q23m3d5mdl_cFQ34nw4r3g3d6ResMdlPvUiiPUi = 0x8016a2d0
                0x0000000080064d50                oneSetupType__Q23m3d5mdl_cFv = 0x80064d50
                0x0000000080064d30                sub_80064BF0__Q23m3d5mdl_cFv = 0x80064d30
                0x000000008016a6b0                setDrawMatrix__Q23m3d5mdl_cFPA4_Cf = 0x8016a6b0
                0x000000008016a670                setScale__Q23m3d5mdl_cFfff = 0x8016a670
                0x000000008016a690                setScale__Q23m3d5mdl_cFP7Point3d = 0x8016a690
                0x000000008016a6e0                calcWorld__Q23m3d5mdl_cFb = 0x8016a6e0
                0x000000008016a4c0                bindAnim__Q23m3d5mdl_cFPQ23m3d6banm_cf = 0x8016a4c0
                0x000000008016a480                vf1C__Q3m3d5mdl_cFv = 0x8016a480
                0x00000000801686c0                getMatrixForNode__Q23m3d5mdl_cFUiPA4_f = 0x801686c0
                0x000000008000d190                SetCullModeForMaterial__FPQ23m3d5mdl_ci11_GXCullMode = 0x8000d190
                0x00000000800b3fd0                SetupTextures_Player__FPQ23m3d5mdl_ci = 0x800b3fd0
                0x00000000800b40d0                SetupTextures_Map__FPQ23m3d5mdl_ci = 0x800b40d0
                0x00000000800b41d0                SetupTextures_Boss__FPQ23m3d5mdl_ci = 0x800b41d0
                0x00000000800b42f0                SetupTextures_Enemy__FPQ23m3d5mdl_ci = 0x800b42f0
                0x00000000800b4430                SetupTextures_MapObj__FPQ23m3d5mdl_ci = 0x800b4430
                0x00000000800b4550                SetupTextures_Item__FPQ23m3d5mdl_ci = 0x800b4550
                0x0000000080069160                __ct__16mHeapAllocator_cFv = 0x80069160
                0x00000000800691a0                __dt__16mHeapAllocator_cFv = 0x800691a0
                0x0000000080069200                link__16mHeapAllocator_cFiPvPCci = 0x80069200
                0x0000000080069220                unlink__16mHeapAllocator_cFv = 0x80069220
[...]
                0x00000000000abe26                .dwarf.0006.__ct__12lineSensor_sFiii
                0x00000000000abeee                .dwarf.0006.__ct__12lineSensor_sFUiiii
                0x00000000000abfda                .dwarf.0006.Player_VF3D4__FPv
                0x00000000000ac065                .dwarf.0006.__dt__29dStateWrapper_c<10dSingAlong>Fv
                0x00000000000ac0e2                .dwarf.0006.__dt__33dStateWrapperBase_c<10dSingAlong>Fv
                0x00000000000ac163                .dwarf.0006.__ct__33dStateWrapperBase_c<10dSingAlong>FP10dSingAlongP22dState_c<10dSingAlong>
                0x00000000000ac273                .dwarf.0006.setState__33dStateWrapperBase_c<10dSingAlong>FP12dStateBase_c
                0x00000000000ac33c                .dwarf.0006.execute__33dStateWrapperBase_c<10dSingAlong>Fv
                0x00000000000ac3c5                .dwarf.0006.getPreviousState__31dStateWrapperBase_c<9dWMShop_c>Fv
                0x00000000000ac467                .dwarf.0006.getCurrentState__31dStateWrapperBase_c<9dWMShop_c>Fv
                0x00000000000ac507                .dwarf.0006.getNextState__31dStateWrapperBase_c<9dWMShop_c>Fv
                0x00000000000ac5a1                .dwarf.0006.getCurrentStateMethodExecutor__31dStateWrapperBase_c<9dWMShop_c>Fv
                0x00000000000ac65d                .dwarf.0006.executeNextStateThisTick__31dStateWrapperBase_c<9dWMShop_c>Fv
                0x00000000000ac706                .dwarf.0006.endCurrentState__31dStateWrapperBase_c<9dWMShop_c>Fv
                0x00000000000ac79d                .dwarf.0006.ensureStateHasBegun__31dStateWrapperBase_c<9dWMShop_c>Fv
                0x00000000000ac83c                .dwarf.0006.getPreviousState__36dStateWrapperBase_c<13dWMStarCoin_c>Fv
                0x00000000000ac8e3                .dwarf.0006.getNextState__36dStateWrapperBase_c<13dWMStarCoin_c>Fv
                0x00000000000ac982                .dwarf.0006.getCurrentStateMethodExecutor__36dStateWrapperBase_c<13dWMStarCoin_c>Fv
                0x00000000000aca43                .dwarf.0006.executeNextStateThisTick__36dStateWrapperBase_c<13dWMStarCoin_c>Fv
                0x00000000000acaf1                .dwarf.0006.endCurrentState__36dStateWrapperBase_c<13dWMStarCoin_c>Fv
                0x00000000000acb8d                .dwarf.0006.ensureStateHasBegun__36dStateWrapperBase_c<13dWMStarCoin_c>Fv
                0x00000000000acc31                .dwarf.0006.getPreviousState__37dStateWrapperBase_c<14dScKoopatlas_c>Fv
                0x00000000000accd9                .dwarf.0006.getNextState__37dStateWrapperBase_c<14dScKoopatlas_c>Fv
                0x00000000000acd79                .dwarf.0006.getCurrentStateMethodExecutor__37dStateWrapperBase_c<14dScKoopatlas_c>Fv
                0x00000000000ace3b                .dwarf.0006.executeNextStateThisTick__37dStateWrapperBase_c<14dScKoopatlas_c>Fv
                0x00000000000aceea                .dwarf.0006.endCurrentState__37dStateWrapperBase_c<14dScKoopatlas_c>Fv
                0x00000000000acf87                .dwarf.0006.ensureStateHasBegun__37dStateWrapperBase_c<14dScKoopatlas_c>Fv
                0x00000000000ad02c                .dwarf.0006.getPreviousState__39dStateWrapperBase_c<16dMsgBoxManager_c>Fv
                0x00000000000ad0d6                .dwarf.0006.getCurrentState__39dStateWrapperBase_c<16dMsgBoxManager_c>Fv
                0x00000000000ad17e                .dwarf.0006.getNextState__39dStateWrapperBase_c<16dMsgBoxManager_c>Fv
                0x00000000000ad220                .dwarf.0006.getCurrentStateMethodExecutor__39dStateWrapperBase_c<16dMsgBoxManager_c>Fv
                0x00000000000ad2e4                .dwarf.0006.executeNextStateThisTick__39dStateWrapperBase_c<16dMsgBoxManager_c>Fv
                0x00000000000ad395                .dwarf.0006.endCurrentState__39dStateWrapperBase_c<16dMsgBoxManager_c>Fv
                0x00000000000ad434                .dwarf.0006.ensureStateHasBegun__39dStateWrapperBase_c<16dMsgBoxManager_c>Fv
                0x00000000000ad4db                .dwarf.0006.getPreviousState__33dStateWrapperBase_c<10dSingAlong>Fv
                0x00000000000ad57f                .dwarf.0006.getCurrentState__33dStateWrapperBase_c<10dSingAlong>Fv
                0x00000000000ad621                .dwarf.0006.getNextState__33dStateWrapperBase_c<10dSingAlong>Fv
                0x00000000000ad6bd                .dwarf.0006.getCurrentStateMethodExecutor__33dStateWrapperBase_c<10dSingAlong>Fv
                0x00000000000ad77b                .dwarf.0006.executeNextStateThisTick__33dStateWrapperBase_c<10dSingAlong>Fv
                0x00000000000ad826                .dwarf.0006.endCurrentState__33dStateWrapperBase_c<10dSingAlong>Fv
                0x00000000000ad8bf                .dwarf.0006.ensureStateHasBegun__33dStateWrapperBase_c<10dSingAlong>Fv
                0x00000000000ad960                .dwarf.0006.beginSomething__12daBossDemo_cFv
                0x00000000000ad9b2                .dwarf.0006.endSomething__12daBossDemo_cFv
                0x00000000000ada00                .dwarf.0006.getIdOfOtherActor__12daBossDemo_cFv
                0x00000000000ada86                .dwarf.0006.setIdOfOtherActor__12daBossDemo_cFi
                0x00000000000adb26                .dwarf.0006.vf128__12daBossDemo_cFv
                0x00000000000adb6a                .dwarf.0006.justReturnField3D4_decidesIfEndBattle__12daBossDemo_cFv
                0x00000000000adc18                .dwarf.0006.vf130__12daBossDemo_cFv
                0x00000000000adc5c                .dwarf.0006.getActorPointerForSomething__12daBossDemo_cFv
                0x00000000000ade5c                .dwarf.0006.get__13dCourseFull_cFi
                0x00000000000adf6d                .dwarf.0006.executeNextStateThisTick__15dStateMgrBase_cFv
                0x00000000000ae000                .dwarf.0006.getCurrentState__15dStateMgrBase_cFv
                0x00000000000ae08a                .dwarf.0006.__dt__17dStatePointless_cFv
                0x00000000000ae0fb                .dwarf.0006.__dt__11dStateMgr_cFv
                0x00000000000ae166                .dwarf.0006.__dt__34dStateExecutor_c<14dScKoopatlas_c>Fv
                0x00000000000ae1e8                .dwarf.0006.__dt__26dStateMethodExecutorBase_cFv
                0x00000000000ae262                .dwarf.0006.__dt__20dStateExecutorBase_cFv
                0x00000000000ae2d6                .dwarf.0006.__dt__40dStateMethodExecutor_c<14dScKoopatlas_c>Fv
                0x00000000000ae35e                .dwarf.0006.__ct__34dStateExecutor_c<14dScKoopatlas_c>FP14dScKoopatlas_c
                0x00000000000ae429                .dwarf.0006.__ct__40dStateMethodExecutor_c<14dScKoopatlas_c>FP14dScKoopatlas_c
                0x00000000000ae4f4                .dwarf.0006.__dt__28dStateExecutor_c<9dWMShop_c>Fv
                0x00000000000ae570                .dwarf.0006.__dt__34dStateMethodExecutor_c<9dWMShop_c>Fv
                0x00000000000ae5f2                .dwarf.0006.__ct__28dStateExecutor_c<9dWMShop_c>FP9dWMShop_c
                0x00000000000ae6b1                .dwarf.0006.__ct__34dStateMethodExecutor_c<9dWMShop_c>FP9dWMShop_c
                0x00000000000ae770                .dwarf.0006.__dt__33dStateExecutor_c<13dWMStarCoin_c>Fv
                0x00000000000ae7f1                .dwarf.0006.__dt__39dStateMethodExecutor_c<13dWMStarCoin_c>Fv
                0x00000000000ae878                .dwarf.0006.__ct__33dStateExecutor_c<13dWMStarCoin_c>FP13dWMStarCoin_c
                0x00000000000ae941                .dwarf.0006.__ct__39dStateMethodExecutor_c<13dWMStarCoin_c>FP13dWMStarCoin_c
                0x00000000000aea0a                .dwarf.0006.__dt__36dStateExecutor_c<16dMsgBoxManager_c>Fv
                0x00000000000aea8e                .dwarf.0006.__dt__42dStateMethodExecutor_c<16dMsgBoxManager_c>Fv
                0x00000000000aeb18                .dwarf.0006.__ct__36dStateExecutor_c<16dMsgBoxManager_c>FP16dMsgBoxManager_c
                0x00000000000aebe7                .dwarf.0006.__ct__42dStateMethodExecutor_c<16dMsgBoxManager_c>FP16dMsgBoxManager_c
                0x00000000000aecb6                .dwarf.0006.__dt__30dStateExecutor_c<10dSingAlong>Fv
                0x00000000000aed34                .dwarf.0006.__dt__36dStateMethodExecutor_c<10dSingAlong>Fv
                0x00000000000aedb8                .dwarf.0006.__ct__30dStateExecutor_c<10dSingAlong>FP10dSingAlong
                0x00000000000aee7b                .dwarf.0006.__ct__36dStateMethodExecutor_c<10dSingAlong>FP10dSingAlong
                0x00000000000aef3e                .dwarf.0006.callEnd__34dStateMethodExecutor_c<9dWMShop_c>Fv
                0x00000000000aefc2                .dwarf.0006.callExecute__34dStateMethodExecutor_c<9dWMShop_c>Fv
                0x00000000000af04e                .dwarf.0006.callBegin__34dStateMethodExecutor_c<9dWMShop_c>Fv
                0x00000000000af0d6                .dwarf.0006.callEnd__39dStateMethodExecutor_c<13dWMStarCoin_c>Fv
                0x00000000000af15f                .dwarf.0006.callExecute__39dStateMethodExecutor_c<13dWMStarCoin_c>Fv
                0x00000000000af1f0                .dwarf.0006.callBegin__39dStateMethodExecutor_c<13dWMStarCoin_c>Fv
                0x00000000000af27d                .dwarf.0006.callEnd__40dStateMethodExecutor_c<14dScKoopatlas_c>Fv
                0x00000000000af307                .dwarf.0006.callExecute__40dStateMethodExecutor_c<14dScKoopatlas_c>Fv
                0x00000000000af399                .dwarf.0006.callBegin__40dStateMethodExecutor_c<14dScKoopatlas_c>Fv
                0x00000000000af427                .dwarf.0006.callEnd__42dStateMethodExecutor_c<16dMsgBoxManager_c>Fv
                0x00000000000af4b3                .dwarf.0006.callExecute__42dStateMethodExecutor_c<16dMsgBoxManager_c>Fv
                0x00000000000af547                .dwarf.0006.callBegin__42dStateMethodExecutor_c<16dMsgBoxManager_c>Fv
                0x00000000000af5d7                .dwarf.0006.callEnd__36dStateMethodExecutor_c<10dSingAlong>Fv
                0x00000000000af65d                .dwarf.0006.callExecute__36dStateMethodExecutor_c<10dSingAlong>Fv
                0x00000000000af6eb                .dwarf.0006.callBegin__36dStateMethodExecutor_c<10dSingAlong>Fv
                0x00000000000af775                .dwarf.0006.clearMethodExecutor__28dStateExecutor_c<9dWMShop_c>FPP26dStateMethodExecutorBase_c
                0x00000000000af836                .dwarf.0006.getMethodExecutorForState__28dStateExecutor_c<9dWMShop_c>FP12dStateBase_c
                0x00000000000af915                .dwarf.0006.clearMethodExecutor__33dStateExecutor_c<13dWMStarCoin_c>FPP26dStateMethodExecutorBase_c
                0x00000000000af9db                .dwarf.0006.getMethodExecutorForState__33dStateExecutor_c<13dWMStarCoin_c>FP12dStateBase_c
                0x00000000000afabf                .dwarf.0006.clearMethodExecutor__34dStateExecutor_c<14dScKoopatlas_c>FPP26dStateMethodExecutorBase_c
                0x00000000000afb86                .dwarf.0006.getMethodExecutorForState__34dStateExecutor_c<14dScKoopatlas_c>FP12dStateBase_c
                0x00000000000afc6b                .dwarf.0006.clearMethodExecutor__36dStateExecutor_c<16dMsgBoxManager_c>FPP26dStateMethodExecutorBase_c
                0x00000000000afd34                .dwarf.0006.getMethodExecutorForState__36dStateExecutor_c<16dMsgBoxManager_c>FP12dStateBase_c
                0x00000000000afe1b                .dwarf.0006.clearMethodExecutor__30dStateExecutor_c<10dSingAlong>FPP26dStateMethodExecutorBase_c
                0x00000000000afede                .dwarf.0006.getMethodExecutorForState__30dStateExecutor_c<10dSingAlong>FP12dStateBase_c
                0x00000000000affbf                .dwarf.0006.getPreviousState__15dStateMgrBase_cFv
                0x00000000000b004b                .dwarf.0006.getNextState__15dStateMgrBase_cFv
                0x00000000000b00cf                .dwarf.0006.getCurrentStateMethodExecutor__15dStateMgrBase_cFv
                0x00000000000b0175                .dwarf.0006.returnsOne__17dStatePointless_cFv
                0x00000000000b01c8                .dwarf.0006.__ct__22dState_c<10dGoombaPie>FPCcM10dGoombaPieFPCvPv_vM10dGoombaPieFPCvPv_vM10dGoombaPieFPCvPv_v
                0x00000000000b0321                .dwarf.0006.__ct__22dState_c<10dSongBlock>FPCcM10dSongBlockFPCvPv_vM10dSongBlockFPCvPv_vM10dSongBlockFPCvPv_v
                0x00000000000b047a                .dwarf.0006.__ct__22dState_c<10dSingAlong>FPCcM10dSingAlongFPCvPv_vM10dSingAlongFPCvPv_vM10dSingAlongFPCvPv_v
                0x00000000000b05d3                .dwarf.0006.__ct__22dState_c<10dSongPrize>FPCcM10dSongPrizeFPCvPv_vM10dSongPrizeFPCvPv_vM10dSongPrizeFPCvPv_v
                0x00000000000b072c                .dwarf.0006.__ct__25dState_c<13dThunderCloud>FPCcM13dThunderCloudFPCvPv_vM13dThunderCloudFPCvPv_vM13dThunderCloudFPCvPv_v
                0x00000000000b0891                .dwarf.0006.__ct__26dState_c<14daElectricLine>FPCcM14daElectricLineFPCvPv_vM14daElectricLineFPCvPv_vM14daElectricLineFPCvPv_v
                0x00000000000b09fa                .dwarf.0006.__ct__25dState_c<13daShyGuyGiant>FPCcM13daShyGuyGiantFPCvPv_vM13daShyGuyGiantFPCvPv_vM13daShyGuyGiantFPCvPv_v
                0x00000000000b0b5f                .dwarf.0006.__ct__19dState_c<8daShyGuy>FPCcM8daShyGuyFPCvPv_vM8daShyGuyFPCvPv_vM8daShyGuyFPCvPv_v
                0x00000000000b0cac                .dwarf.0006.__ct__24dState_c<12daKoopaThrow>FPCcM12daKoopaThrowFPCvPv_vM12daKoopaThrowFPCvPv_vM12daKoopaThrowFPCvPv_v
                0x00000000000b0e0d                .dwarf.0006.__ct__27dState_c<15daCaptainBowser>FPCcM15daCaptainBowserFPCvPv_vM15daCaptainBowserFPCvPv_vM15daCaptainBowserFPCvPv_v
                0x00000000000b0f7a                .dwarf.0006.__ct__20dState_c<9daDreidel>FPCcM9daDreidelFPCvPv_vM9daDreidelFPCvPv_vM9daDreidelFPCvPv_v
                0x00000000000b10cb                .dwarf.0006.__ct__22dState_c<10daPodouble>FPCcM10daPodoubleFPCvPv_vM10daPodoubleFPCvPv_vM10daPodoubleFPCvPv_v
                0x00000000000b1224                .dwarf.0006.__ct__23dState_c<11daSamurshai>FPCcM11daSamurshaiFPCvPv_vM11daSamurshaiFPCvPv_vM11daSamurshaiFPCvPv_v
                0x00000000000b1381                .dwarf.0006.__ct__19dState_c<8daWrench>FPCcM8daWrenchFPCvPv_vM8daWrenchFPCvPv_vM8daWrenchFPCvPv_v
                0x00000000000b14ce                .dwarf.0006.__ct__22dState_c<10daBalboa_c>FPCcM10daBalboa_cFPCvPv_vM10daBalboa_cFPCvPv_vM10daBalboa_cFPCvPv_v
                0x00000000000b1627                .dwarf.0006.__ct__22dState_c<10daRamboo_c>FPCcM10daRamboo_cFPCvPv_vM10daRamboo_cFPCvPv_vM10daRamboo_cFPCvPv_v
                0x00000000000b1780                .dwarf.0006.__ct__27dState_c<15daEnMegaDosun_c>FPCcM15daEnMegaDosun_cFPCvPv_vM15daEnMegaDosun_cFPCvPv_vM15daEnMegaDosun_cFPCvPv_v
                0x00000000000b18ed                .dwarf.0006.__ct__25dState_c<13daFuzzyBear_c>FPCcM13daFuzzyBear_cFPCvPv_vM13daFuzzyBear_cFPCvPv_vM13daFuzzyBear_cFPCvPv_v
                0x00000000000b1a52                .dwarf.0006.__ct__26dState_c<14daMegaGoomba_c>FPCcM14daMegaGoomba_cFPCvPv_vM14daMegaGoomba_cFPCvPv_vM14daMegaGoomba_cFPCvPv_v
                0x00000000000b1bbb                .dwarf.0006.__ct__19dState_c<8daTopman>FPCcM8daTopmanFPCvPv_vM8daTopmanFPCvPv_vM8daTopmanFPCvPv_v
                0x00000000000b1d08                .dwarf.0006.__ct__26dState_c<14daEnMsgBlock_c>FPCcM14daEnMsgBlock_cFPCvPv_vM14daEnMsgBlock_cFPCvPv_vM14daEnMsgBlock_cFPCvPv_v
                0x00000000000b1e71                .dwarf.0006.__ct__28dState_c<16dMsgBoxManager_c>FPCcM16dMsgBoxManager_cFPCvPv_vM16dMsgBoxManager_cFPCvPv_vM16dMsgBoxManager_cFPCvPv_v
                0x00000000000b1fe2                .dwarf.0006.__ct__28dState_c<16daEnEventBlock_c>FPCcM16daEnEventBlock_cFPCvPv_vM16daEnEventBlock_cFPCvPv_vM16daEnEventBlock_cFPCvPv_v
                0x00000000000b2153                .dwarf.0006.__ct__25dState_c<13daFireLaser_c>FPCcM13daFireLaser_cFPCvPv_vM13daFireLaser_cFPCvPv_vM13daFireLaser_cFPCvPv_v
                0x00000000000b22b8                .dwarf.0006.__ct__20dState_c<9daMrSun_c>FPCcM9daMrSun_cFPCvPv_vM9daMrSun_cFPCvPv_vM9daMrSun_cFPCvPv_v
                0x00000000000b2409                .dwarf.0006.__ct__25dState_c<13dWMStarCoin_c>FPCcM13dWMStarCoin_cFPCvPv_vM13dWMStarCoin_cFPCvPv_vM13dWMStarCoin_cFPCvPv_v
                0x00000000000b256e                .dwarf.0006.__ct__20dState_c<9dWMShop_c>FPCcM9dWMShop_cFPCvPv_vM9dWMShop_cFPCvPv_vM9dWMShop_cFPCvPv_v
                0x00000000000b26bf                .dwarf.0006.__ct__26dState_c<14dScKoopatlas_c>FPCcM14dScKoopatlas_cFPCvPv_vM14dScKoopatlas_cFPCvPv_vM14dScKoopatlas_cFPCvPv_v
                0x00000000000b2828                .dwarf.0006.__ct__27dState_c<15daEnFlipBlock_c>FPCcM15daEnFlipBlock_cFPCvPv_vM15daEnFlipBlock_cFPCvPv_vM15daEnFlipBlock_cFPCvPv_v
                0x00000000000b2995                .dwarf.0006.__ct__26dState_c<14daEnChestnut_c>FPCcM14daEnChestnut_cFPCvPv_vM14daEnChestnut_cFPCvPv_vM14daEnChestnut_cFPCvPv_v
                0x00000000000b2afe                .dwarf.0006.__ct__24dState_c<12dEndingMgr_c>FPCcM12dEndingMgr_cFPCvPv_vM12dEndingMgr_cFPCvPv_vM12dEndingMgr_cFPCvPv_v
                0x00000000000b2ce6                .dwarf.0006.fixRef<9dKPNode_s>__12dKPMapData_cFRP9dKPNode_s_P9dKPNode_s
                0x00000000000b2dcb                .dwarf.0006.fixRef<9dKPPath_s>__12dKPMapData_cFRP9dKPPath_s_P9dKPPath_s
                0x00000000000b2eb0                .dwarf.0006.fixRef<P9dKPNode_s>__12dKPMapData_cFRPP9dKPNode_s_PP9dKPNode_s
                0x00000000000b2f9a                .dwarf.0006.fixRef<P9dKPPath_s>__12dKPMapData_cFRPP9dKPPath_s_PP9dKPPath_s
                0x00000000000b3084                .dwarf.0006.fixTexObjSafe__12dKPMapData_cFP9_GXTexObj
                0x00000000000b312c                .dwarf.0006.fixRef<11dKPDoodad_s>__12dKPMapData_cFRP11dKPDoodad_s_P11dKPDoodad_s
                0x00000000000b321a                .dwarf.0006.fixRef<10dKPLayer_s>__12dKPMapData_cFRP10dKPLayer_s_P10dKPLayer_s
                0x00000000000b3305                .dwarf.0006.fixRef<13dKPWorldDef_s>__12dKPMapData_cFRP13dKPWorldDef_s_P13dKPWorldDef_s
                0x00000000000b33f9                .dwarf.0006.fixRef<Cc>__12dKPMapData_cFRPCc_PCc
                0x00000000000b34c3                .dwarf.0006.fixRef<A16_A16_Us>__12dKPMapData_cFRPA16_A16_Us_PA16_A16_Us
                0x00000000000b35a8                .dwarf.0006.fixRef<Uc>__12dKPMapData_cFRPUc_PUc
                0x00000000000b3671                .dwarf.0006.fixRef<9_GXTexObj>__12dKPMapData_cFRP9_GXTexObj_P9_GXTexObj
                0x00000000000b3756                .dwarf.0006.fixRef<P10dKPLayer_s>__12dKPMapData_cFRPP10dKPLayer_s_PP10dKPLayer_s
                0x00000000000b3846                .dwarf.0006.getAnyExit__9dKPNode_sFv
                0x00000000000b3962                .dwarf.0006.canUseExit__16dWMPathManager_cFP9dKPPath_s
                0x00000000000b3a67                .dwarf.0006.GetID__Q34nw4r3g3d7ResNodeFv
                0x00000000000b3ada                .dwarf.0006.returnUnknown__Q23m3d6proc_cFv
                0x00000000000b3bab                .dwarf.0006.__ct__16dMsgBoxManager_cFv
                0x00000000000b3c2d                .dwarf.0006.beforeExecute__16dMsgBoxManager_cFv
                0x00000000000b3c85                .dwarf.0006.afterExecute__16dMsgBoxManager_cFi
                0x00000000000b3cdb                .dwarf.0006.beforeDraw__16dMsgBoxManager_cFv
                0x00000000000b3d2d                .dwarf.0006.afterDraw__16dMsgBoxManager_cFi

.comment        0x0000000000000000    0x1c6c4
 .comment       0x0000000000000000    0x1c6c4 tmp\fasthack.o
