
Memory Configuration

Name             Origin             Length             Attributes
*default*        0x0000000000000000 0xffffffffffffffff

Linker script and memory map

                0x0000000080429fd8                instance__7StageC4 = 0x80429fd8
                0x000000008023b360                GetResNodeNumEntries__Q34nw4r3g3d6ResMdlCFv = 0x8023b360
                0x00000000801d5540                MEMAllocFromAllocator = 0x801d5540
                0x000000008034e690                __vt__Q34nw4r3g3d9AnmObjChr = 0x8034e690
                0x000000008034e588                __vt__Q34nw4r3g3d12AnmObjChrRes = 0x8034e588
                0x0000000080241690                GetAnmResult__Q34nw4r3g3d9ResAnmChrCFPQ34nw4r3g3d12ChrAnmResultUlf = 0x80241690
                0x00000000800d5dd0                StartAnimOrig = 0x800d5dd0
                0x000000008014b920                YoshiStateOrig = 0x8014b920
                0x0000000080234a80                Exception_Printf___Q24nw4r2dbFPCce = 0x80234a80
                0x0000000080839b04                ContinueFromFuckLineLiftActivation = 0x80839b04
                0x0000000080998d10                GabonRock_DropOutState = 0x80998d10
                0x0000000080998cd0                GabonRock_CrushState = 0x80998cd0
                0x000000008001ded0                forceHCGROPushBack = 0x8001ded0
                0x000000008001dec8                continueFromHCGRO = 0x8001dec8
                0x000000008042792e                DanceValues_AnimSpeed = 0x8042792e
                0x0000000080429d69                DanceValues_DummyBlockAndGrass = 0x80429d69
                0x0000000080429d6a                DanceValues_Bahps = 0x80429d6a
                0x0000000080429d6b                DanceValues_CreditsControl = 0x80429d6b
                0x000000008042a21f                CreditsModeActive = 0x8042a21f
                0x00000000800d90c0                GetRail = 0x800d90c0
                0x000000008042a008                instance__7Stage80 = 0x8042a008
                0x0000000080060254                continueAddToCoinCount = 0x80060254
                0x00000000800b3544                continueAddToScore = 0x800b3544
                0x00000000800b5180                StaffCreditsAddCoin = 0x800b5180
                0x00000000802bc3c4                ContinueFromEFBMagic2 = 0x802bc3c4
                0x0000000080ab6dc0                TogeTekkyuIceballCollision = 0x80ab6dc0
                0x000000008042a4a8                _8042A788 = 0x8042a4a8
                0x000000008019c250                sub_8019C390 = 0x8019c250
                0x0000000080b8c370                StateID_Wait__24daEnBossKoopaDemoPeach_c = 0x80b8c370
                0x0000000080b8c3b0                StateID_Call__24daEnBossKoopaDemoPeach_c = 0x80b8c3b0
                0x0000000080b8c3f0                StateID_Turn__24daEnBossKoopaDemoPeach_c = 0x80b8c3f0
                0x0000000080b8c430                StateID_Open__24daEnBossKoopaDemoPeach_c = 0x80b8c430
                0x0000000080b8c470                StateID_Rescue__24daEnBossKoopaDemoPeach_c = 0x80b8c470
                0x0000000080b8c4b0                StateID_Thank__24daEnBossKoopaDemoPeach_c = 0x80b8c4b0
                0x0000000080301504                __vt__12daBossDemo_c = 0x80301504
                0x000000008001ccb0                onExecute__12daBossDemo_cFv = 0x8001ccb0
                0x000000008001ccf0                onDraw__12daBossDemo_cFv = 0x8001ccf0
                0x000000008001cd00                willBeDeleted__12daBossDemo_cFv = 0x8001cd00
                0x000000008001cd10                onDelete__12daBossDemo_cFv = 0x8001cd10
                0x000000008001d190                endState_BattleEdDemo__12daBossDemo_cFv = 0x8001d190
                0x000000008001d1a0                executeState_BattleEdDemo__12daBossDemo_cFv = 0x8001d1a0
                0x000000008001d180                beginState_BattleEdDemo__12daBossDemo_cFv = 0x8001d180
                0x000000008001d100                endState_BattleIn__12daBossDemo_cFv = 0x8001d100
                0x000000008001d110                executeState_BattleIn__12daBossDemo_cFv = 0x8001d110
                0x000000008001d090                beginState_BattleIn__12daBossDemo_cFv = 0x8001d090
                0x000000008001d070                endState_BattleStDemo__12daBossDemo_cFv = 0x8001d070
                0x000000008001d080                executeState_BattleStDemo__12daBossDemo_cFv = 0x8001d080
                0x000000008001d060                beginState_BattleStDemo__12daBossDemo_cFv = 0x8001d060
                0x000000008001cf60                endState_Ready__12daBossDemo_cFv = 0x8001cf60
                0x000000008001cf70                executeState_Ready__12daBossDemo_cFv = 0x8001cf70
                0x000000008001cf50                beginState_Ready__12daBossDemo_cFv = 0x8001cf50
                0x000000008001ce00                beatLevel__12daBossDemo_cFv = 0x8001ce00
                0x000000008001ce40                exitLevel__12daBossDemo_cFv = 0x8001ce40
                0x0000000080429d88                instance__19BalloonRelatedClass = 0x80429d88
                0x00000000802f1350                PlayerAnimStates = 0x802f1350
                0x000000008011a6f0                ContinueFromFixFireballSensorSetup = 0x8011a6f0
                0x00000000800b37e0                GetPosForLayoutEffect__FP7Point3db = 0x800b37e0
                0x0000000080a123cc                ContinueFromJustOneBomb = 0x80a123cc
                0x000000008015f4f0                SmoothRotation__FPsss = 0x8015f4f0
                0x000000008081f420                KazanRock_OriginalCollisionCallback = 0x8081f420
                0x000000008081f190                KazanRock_Explode = 0x8081f190
                0x000000008005fb90                GetPlayerOrYoshi__Fi = 0x8005fb90
                0x000000008005fb90                findByID__10daPlBase_cFi = 0x8005fb90
                0x000000008005f900                findByID__7dAcPy_cFi = 0x8005f900
                0x0000000080051f30                justFaceSpecificDirection__10daPlBase_cFi = 0x80051f30
                0x0000000080052080                moveInDirection__10daPlBase_cFPfPf = 0x80052080
                0x0000000080139950                getYoshi__7dAcPy_cFv = 0x80139950
                0x0000000080052170                setAnimePlayWithAnimID__10daPlBase_cFi = 0x80052170
                0x0000000080052290                setAnimePlayStandardType__10daPlBase_cFi = 0x80052290
                0x000000008005e3b0                setFlag__14dPlayerInput_cFQ214dPlayerInput_c5Flags = 0x8005e3b0
                0x000000008005e910                setPermanentForcedButtons__14dPlayerInput_cFUi = 0x8005e910
                0x000000008005e960                setTransientForcedButtons__14dPlayerInput_cFUi = 0x8005e960
                0x000000008005e930                unsetPermanentForcedButtons__14dPlayerInput_cFUi = 0x8005e930
                0x0000000080056c70                setFlag__10daPlBase_cFi = 0x80056c70
                0x0000000080056cb0                clearFlag__10daPlBase_cFi = 0x80056cb0
                0x0000000080056cf0                testFlag__10daPlBase_cFi = 0x80056cf0
                0x0000000080052030                isReadyForDemoControlAction__10daPlBase_cFv = 0x80052030
                0x000000008042a100                instance__15dWaterManager_c = 0x8042a100
                0x00000000800eb930                queryPosition__15dWaterManager_cFP7Point2dP7Point2dPfPsi = 0x800eb930
                0x00000000800a0c70                OriginalPowBlockActivated = 0x800a0c70
                0x0000000080002eee                isReplayEnabled = 0x80002eee
                0x00000000800b44d0                UpdateSelectCursor = 0x800b44d0
                0x000000008010c780                HideSelectCursor = 0x8010c780
                0x000000008042a2c8                SelectCursorPointer = 0x8042a2c8
                0x00000000807afb90                getIconPictureIDforPlayer__12dStockItem_cFi = 0x807afb90
                0x00000000800b32e0                CrapUpPositions__FP7Point3dPC7Point3d = 0x800b32e0
                0x00000000800fc914                ContinueFromCalcPowerupResult = 0x800fc914
                0x00000000800fc8dc                ContinueFromFixCalcPowerupResultForMushroom = 0x800fc8dc
                0x00000000807af9a8                ContinueFromSILayoutExtraStuffs = 0x807af9a8
                0x00000000807b0b3c                ContinueFromResetHammerAnimOnOpen = 0x807b0b3c
                0x00000000807af840                ContinueFromHideItemsByDefault = 0x807af840
                0x00000000807b0844                MakeSFISound = 0x807b0844
                0x00000000807b08a0                ContinueFromSIAddSound = 0x807b08a0
                0x00000000807b0d04                ChosenStartChoice = 0x807b0d04
                0x00000000807b2260                ContinueFromSISLayoutExtraStuffs = 0x807b2260
                0x00000000807b2528                ContinueFromUpdateSIS = 0x807b2528
                0x000000008042a310                EnemyBounceValue = 0x8042a310
                0x0000000080162d00                search__7fBase_cFUi = 0x80162d00
                0x0000000080162d50                search__7fBase_cF6ActorsP7fBase_c = 0x80162d50
                0x0000000080162db0                searchByBaseType__7fBase_cFiP7fBase_c = 0x80162db0
                0x00000000800bb2e0                AddStockPowerup = 0x800bb2e0
                0x00000000808aafd0                continueFromStrongBox2 = 0x808aafd0
                0x00000000808aa4d8                continueFromStrongBox = 0x808aa4d8
                0x000000008042a4a8                _8042A788 = 0x8042a4a8
                0x000000008019c250                playFanfare__FPvi = 0x8019c250
                0x000000008019c9f0                somethingAboutSound__FPv = 0x8019c9f0
                0x0000000080262e90                AxVoice_SetADPCM = 0x80262e90
                0x0000000080281950                Voice_SetADPCMLoop = 0x80281950
                0x000000008027a200                DetachSound__Q34nw4r3snd11SoundHandleFv = 0x8027a200
                0x0000000080266440                Pause__Q44nw4r3snd6detail10BasicSoundFbi = 0x80266440
                0x0000000080266250                Stop__Q44nw4r3snd6detail10BasicSoundFi = 0x80266250
                0x00000000802674b0                SetPitch__Q44nw4r3snd6detail10BasicSoundFf = 0x802674b0
                0x0000000080267420                SetVolume__Q44nw4r3snd6detail10BasicSoundFfi = 0x80267420
                0x000000008027f890                StrmSound_SetTrackVolume = 0x8027f890
                0x000000008042a1b0                DontShowPreGame = 0x8042a1b0
                0x0000000080373d60                RESTART_CRSIN_LevelStartStruct = 0x80373d60
                0x00000000800ca574                DrawTheFuckingHat = 0x800ca574
                0x00000000800ca5a8                DontDrawTheFuckingHat = 0x800ca5a8
                0x000000008004e050                continueFromMpPauseFix1 = 0x8004e050
                0x0000000080141460                continueFromMpPauseFix2 = 0x80141460
                0x0000000080141164                continueFromMpPauseFix3 = 0x80141164
                0x00000000800fc9c0                CheckIfSinglePlayer = 0x800fc9c0
                0x00000000800e587c                TextWriterCrapContinue = 0x800e587c
                0x0000000080926b10                StockWMInit_LoadEffects__FPv = 0x80926b10
                0x0000000080093520                CleanUpEffectThings__Fv = 0x80093520
                0x00000000800934d0                FreeEffects__Fi = 0x800934d0
                0x0000000080093170                FreeBreff__Fi = 0x80093170
                0x00000000800931b0                FreeBreft__Fi = 0x800931b0
                0x0000000080092e30                __dt__18BGGMEffectRendererFv = 0x80092e30
                0x0000000080311608                __vt__18BGGMEffectRenderer = 0x80311608
                0x00000000802dc9a0                __construct_array = 0x802dc9a0
                0x00000000800cdc60                GetBMG__Fv = 0x800cdc60
                0x00000000802d7860                findStringForMessageID__Q23EGG6MsgResCFii = 0x802d7860
                0x00000000800c9a60                WriteBMGToTextBox__FPQ34nw4r3lyt7TextBoxPQ27dScript5Res_ciiie = 0x800c9a60
                0x00000000801643b0                m2d__Anm_c__Load = 0x801643b0
                0x0000000080163e60                m2d__AnmResHandler_c__Load = 0x80163e60
                0x00000000801446e0                RealAcPyDtor = 0x801446e0
                0x00000000808c5500                RealWm2dPlayerDtor = 0x808c5500
                0x00000000800b3be0                InsertIntIntoTextBox1 = 0x800b3be0
                0x00000000800b3b60                WriteNumberToTextBox__FPiPCiPQ34nw4r3lyt7TextBoxb = 0x800b3b60
                0x00000000800b3be0                WriteNumberToTextBox__FPiPQ34nw4r3lyt7TextBoxb = 0x800b3be0
                0x0000000080810480                __ct__20daJrClownForPlayer_cFv = 0x80810480
                0x0000000080810540                __dt__20daJrClownForPlayer_cFv = 0x80810540
                0x00000000800a3600                PClownCarExecute = 0x800a3600
                0x00000000800951d0                PClownCarAfterCreate = 0x800951d0
                0x0000000080810b90                PClownCarDraw = 0x80810b90
                0x0000000080811e70                PClownCarMove = 0x80811e70
                0x0000000080812104                ContinueFromClownCarDetectAdjacent = 0x80812104
                0x000000008042e2d0                sAllocatorFunc__FrmHeap = 0x8042e2d0
                0x000000008005ffb0                GetActivePlayerCount = 0x8005ffb0
                0x000000008005ffb0                GetCountofActivePlayers = 0x8005ffb0
                0x000000008005fef0                GetActiveLivingPlayerCount = 0x8005fef0
                0x0000000080082240                getEffectiveScreenLeft__19ClassWithCameraInfoFv = 0x80082240
                0x0000000080429e00                instance__19ClassWithCameraInfo = 0x80429e00
                0x000000008005b5d0                BowserExitDemoState = 0x8005b5d0
                0x00000000807cce10                MagicEnd = 0x807cce10
                0x0000000080804680                KeyLoopSet = 0x80804680
                0x00000000809b28e0                BigHanaPlayer = 0x809b28e0
                0x00000000809b2af0                BigHanaYoshi = 0x809b2af0
                0x00000000809b2da0                BigHanaWeirdGP = 0x809b2da0
                0x00000000809b2d10                BigHanaGroundPound = 0x809b2d10
                0x00000000809b3a70                BigHanaFireball = 0x809b3a70
                0x00000000809b3a40                BigHanaIceball = 0x809b3a40
                0x00000000801460f0                dAcPy_vf3F4 = 0x801460f0
                0x00000000801461d0                dAcPy_vf3F8 = 0x801461d0
                0x00000000801468d0                dAcPy_vf3FC = 0x801468d0
                0x0000000080047390                dAcPy_vf294 = 0x80047390
                0x00000000809ddba0                Cloud_death_execute = 0x809ddba0
                0x00000000809dfd60                Cloud_execute = 0x809dfd60
                0x000000008042a368                GlobalTickCount = 0x8042a368
                0x000000008005f900                GetSpecificPlayerActor = 0x8005f900
                0x0000000080162d00                Actor_SearchByID = 0x80162d00
                0x0000000080429cfa                TimeStopFlag = 0x80429cfa
                0x00000000800e39c8                TimerBranch = 0x800e39c8
                0x000000008042b864                MarioDescentRate = 0x8042b864
                0x00000000802f561c                MarioJumpArc = 0x802f561c
                0x000000008042b848                MarioJumpMax = 0x8042b848
                0x00000000802f5664                MiniMarioJumpArc = 0x802f5664
                0x000000008042b874                MarioSize = 0x8042b874
                0x0000000080064540                AlwaysDrawFlag = 0x80064540
                0x0000000080064544                AlwaysDrawBranch = 0x80064544
                0x00000000800b2ee0                GenerateRandomNumber = 0x800b2ee0
                0x00000000800ce8c0                OneofManySoundPlayers = 0x800ce8c0
                0x0000000080b12aa8                BombSleepState = 0x80b12aa8
                0x00000000800a0b08                NoFreezie = 0x800a0b08
                0x000000008042a070                GameTimer = 0x8042a070
                0x0000000080d25c18                GameTimerB = 0x80d25c18
                0x00000000800e1e60                DoSceneChange__FUsUiUi = 0x800e1e60
                0x0000000080237ba0                FrSqrt__Q24nw4r4mathFf = 0x80237ba0
                0x0000000080237bd0                SinFIdx__Q24nw4r4mathFf = 0x80237bd0
                0x0000000080237c40                CosFIdx__Q24nw4r4mathFf = 0x80237c40
                0x0000000080237ca0                SinCosFIdx__Q24nw4r4mathFPfPff = 0x80237ca0
                0x000000008042a44c                archiveHeap__5mHeap = 0x8042a44c
                0x000000008042a450                commandHeap__5mHeap = 0x8042a450
                0x000000008042a454                dylinkHeap__5mHeap = 0x8042a454
                0x000000008042a458                assertHeap__5mHeap = 0x8042a458
                0x0000000080377c48                gameHeaps__5mHeap = 0x80377c48
                0x00000000800db180                init__18StandOnTopColliderFP13dStageActor_cfffffsUcP7Point2d = 0x800db180
                0x00000000800db130                __ct__18StandOnTopColliderFv = 0x800db130
                0x0000000080044400                __dt__18StandOnTopColliderFv = 0x80044400
                0x00000000800dae00                __dt__13BasicColliderFv = 0x800dae00
                0x000000008042a01c                globalListHead__13BasicCollider = 0x8042a01c
                0x00000000800dae80                addToList__13BasicColliderFv = 0x800dae80
                0x00000000800db450                __ct__21RideableActorColliderFv = 0x800db450
                0x00000000800db4a0                init__21RideableActorColliderFP13dStageActor_cP7Point2dP7Point2d = 0x800db4a0
                0x00000000800db530                init__21RideableActorColliderFP13dStageActor_cffff = 0x800db530
                0x00000000800db590                setPosition__21RideableActorColliderFP7Point2dP7Point2d = 0x800db590
                0x00000000800db5f0                setPosition__21RideableActorColliderFffff = 0x800db5f0
                0x00000000800bc6b0                drawWithMatrix__21SomethingAboutShroomsFfP4mMtx = 0x800bc6b0
                0x000000008087f8d0                original_onCreate__13daObjKinoko_cFv = 0x8087f8d0
                0x0000000080429e98                instance__13dCourseFull_c = 0x80429e98
                0x000000008008e890                getRectByID__9dCourse_cFUcP5mRect = 0x8008e890
                0x000000008008e3d0                getNextGotoByID__9dCourse_cFUc = 0x8008e3d0
                0x0000000080057820                modifyPlayerPropertiesWithRollingObject = 0x80057820
                0x0000000080a582c0                EN_LandbarrelPlayerCollision = 0x80a582c0
                0x0000000080429d48                instance__16dStageActorMgr_c = 0x80429d48
                0x00000000807db420                StartBGMMusic = 0x807db420
                0x00000000807db430                StopBGMMusic = 0x807db430
                0x0000000080429f10                instance__11dStage32C_c = 0x80429f10
                0x0000000080429c94                instance__7WLClass = 0x80429c94
                0x000000008005ca50                disableDemoControl__7WLClassFb = 0x8005ca50
                0x000000008005c930                demoControlAllPlayers__7WLClassFv = 0x8005c930
                0x00000000800d8c60                ShakeScreen = 0x800d8c60
                0x000000008042a008                StageScreen = 0x8042a008
                0x0000000080137510                stunPlayer = 0x80137510
                0x0000000080137650                unstunPlayer = 0x80137650
                0x0000000080064680                createChild__13dStageActor_cF6ActorsP13dStageActor_cUiP7Point3dP6S16VecUc = 0x80064680
                0x000000008001cdb0                GameMgrBossEndFunc = 0x8001cdb0
                0x00000000807c7f50                MakeMarioEnterDemoMode = 0x807c7f50
                0x000000008005ca50                MakeMarioExitDemoMode = 0x8005ca50
                0x000000008005ca50                ForceMarioExitDemoMode = 0x8005ca50
                0x0000000080052170                ResetPlayerState = 0x80052170
                0x000000008001cdb0                UpdateGameMgr = 0x8001cdb0
                0x0000000080056cb0                UnsetShit = 0x80056cb0
                0x0000000080999c24                StateID_DemoSt2__12daKameckDemo = 0x80999c24
                0x0000000080999c64                StateID_DemoSt__12daKameckDemo = 0x80999c64
                0x0000000080999ca4                StateID_DemoWait__12daKameckDemo = 0x80999ca4
                0x0000000080b8bfcc                StateID_Fall__13daBossKoopa_c = 0x80b8bfcc
                0x000000008099cfac                StateID_DemoWait__9daNeedles = 0x8099cfac
                0x000000008099cff0                StateID_DemoAwake__9daNeedles = 0x8099cff0
                0x000000008099d030                StateID_Idle__9daNeedles = 0x8099d030
                0x000000008099d070                StateID_Die__9daNeedles = 0x8099d070
                0x000000008035421c                StateID_None__7dPlayer = 0x8035421c
                0x000000008035425c                StateID_Walk__7dPlayer = 0x8035425c
                0x000000008035429c                StateID_Jump__7dPlayer = 0x8035429c
                0x000000008035469c                StateID_DemoNone__7dPlayer = 0x8035469c
                0x000000008035471c                StateID_DemoWait__7dPlayer = 0x8035471c
                0x0000000080354adc                StateID_DemoGoal__7dPlayer = 0x80354adc
                0x0000000080354b1c                StateID_DemoControl__7dPlayer = 0x80354b1c
                0x00000000808a94c0                PlayWrenchSound = 0x808a94c0
                0x000000008042a100                WaterManager = 0x8042a100
                0x00000000800eb930                CheckforLiquid = 0x800eb930
                0x0000000080b7e860                BowserFireballCollision = 0x80b7e860
                0x0000000080b3f220                BowserDamageAnmClr = 0x80b3f220
                0x0000000080b1f8f0                BowserDamageStepTwo = 0x80b1f8f0
                0x0000000080b1f910                BowserDamageNormal = 0x80b1f910
                0x0000000080098d80                BowserDamageKill = 0x80098d80
                0x0000000080b3f550                BowserDamageEnd = 0x80b3f550
                0x000000008008c3e0                ActivePhysics_InitWithStruct = 0x8008c3e0
                0x000000008008c330                ActivePhysics_AddToList = 0x8008c330
                0x000000008008c200                __ct__13ActivePhysicsFv = 0x8008c200
                0x000000008008c260                __dt__13ActivePhysicsFv = 0x8008c260
                0x000000008006cd90                HandleXSpeed = 0x8006cd90
                0x000000008006cde0                HandleYSpeed = 0x8006cde0
                0x000000008006cd40                UpdateObjectPosBasedOnSpeedValues_real = 0x8006cd40
                0x0000000080096240                dSprite_c__getXDirectionOfFurthestPlayerRelativeToVEC3 = 0x80096240
                0x0000000080064740                CalculateDistanceFromActorsNextPosToFurthestPlayer = 0x80064740
                0x00000000800955f0                doSpriteMovement = 0x800955f0
                0x0000000080429ee8                instance__17dEffectBreakMgr_c = 0x80429ee8
                0x00000000800925f0                spawnTile__17dEffectBreakMgr_cFP7Point3dUic = 0x800925f0
                0x0000000080070cb0                CollidedWithTile = 0x80070cb0
                0x0000000080096e60                SomeStrangeModification = 0x80096e60
                0x000000008006ced0                Actor_GetVec3WithValuesAdded = 0x8006ced0
                0x000000008006a4b0                ConvertStagePositionIntoScreenPosition__Maybe = 0x8006a4b0
                0x0000000080197f00                AnotherSoundRelatedFunction = 0x80197f00
                0x0000000080198fc0                YetAnotherSoundPlayer = 0x80198fc0
                0x0000000080196600                CheckIfPlayingSound = 0x80196600
                0x0000000080105240                RelatedToPlayingSoundsAlongsideAnims = 0x80105240
                0x000000008042a488                SoundRelatedClass = 0x8042a488
                0x0000000080195380                MapSoundPlayer = 0x80195380
                0x0000000080195090                PlaySoundWithFunctionB4 = 0x80195090
                0x000000008006a4b0                ConvertStagePositionToScreenPosition__FP7Point2dP7Point3d = 0x8006a4b0
                0x0000000080198c30                PlaySoundAtPosition__17SoundPlayingClassFiP7Point2dUi = 0x80198c30
                0x0000000080429d60                instance2__17SoundPlayingClass = 0x80429d60
                0x0000000080102260                ExitStage__Fiiii = 0x80102260
                0x0000000080102264                ExitStageRealRest = 0x80102264
                0x000000008042900c                LastPowerupStoreType = 0x8042900c
                0x000000008016f150                zero__4mMtxFv = 0x8016f150
                0x000000008016ebf0                rotationX__4mMtxFPs = 0x8016ebf0
                0x000000008016ecb0                applyRotationX__4mMtxFPs = 0x8016ecb0
                0x000000008016ed10                rotationY__4mMtxFPs = 0x8016ed10
                0x000000008016edd0                applyRotationY__4mMtxFPs = 0x8016edd0
                0x000000008016ee30                rotationZ__4mMtxFPs = 0x8016ee30
                0x000000008016eef0                applyRotationZ__4mMtxFPs = 0x8016eef0
                0x000000008016ef50                applyRotationYXZ__4mMtxFPsPsPs = 0x8016ef50
                0x000000008016efd0                applyRotationZYX__4mMtxFPsPsPs = 0x8016efd0
                0x00000000802dcca8                _savefpr_14 = 0x802dcca8
                0x00000000802dccac                _savefpr_15 = 0x802dccac
                0x00000000802dccb0                _savefpr_16 = 0x802dccb0
                0x00000000802dccb4                _savefpr_17 = 0x802dccb4
                0x00000000802dccb8                _savefpr_18 = 0x802dccb8
                0x00000000802dccbc                _savefpr_19 = 0x802dccbc
                0x00000000802dccc0                _savefpr_20 = 0x802dccc0
                0x00000000802dccc4                _savefpr_21 = 0x802dccc4
                0x00000000802dccc8                _savefpr_22 = 0x802dccc8
                0x00000000802dcccc                _savefpr_23 = 0x802dcccc
                0x00000000802dccd0                _savefpr_24 = 0x802dccd0
                0x00000000802dccd4                _savefpr_25 = 0x802dccd4
                0x00000000802dccd8                _savefpr_26 = 0x802dccd8
                0x00000000802dccdc                _savefpr_27 = 0x802dccdc
                0x00000000802dcce0                _savefpr_28 = 0x802dcce0
                0x00000000802dcce4                _savefpr_29 = 0x802dcce4
                0x00000000802dcce8                _savefpr_30 = 0x802dcce8
                0x00000000802dccec                _savefpr_31 = 0x802dccec
                0x00000000802dccf4                _restfpr_14 = 0x802dccf4
                0x00000000802dccf8                _restfpr_15 = 0x802dccf8
                0x00000000802dccfc                _restfpr_16 = 0x802dccfc
                0x00000000802dcd00                _restfpr_17 = 0x802dcd00
                0x00000000802dcd04                _restfpr_18 = 0x802dcd04
                0x00000000802dcd08                _restfpr_19 = 0x802dcd08
                0x00000000802dcd0c                _restfpr_20 = 0x802dcd0c
                0x00000000802dcd10                _restfpr_21 = 0x802dcd10
                0x00000000802dcd14                _restfpr_22 = 0x802dcd14
                0x00000000802dcd18                _restfpr_23 = 0x802dcd18
                0x00000000802dcd1c                _restfpr_24 = 0x802dcd1c
                0x00000000802dcd20                _restfpr_25 = 0x802dcd20
                0x00000000802dcd24                _restfpr_26 = 0x802dcd24
                0x00000000802dcd28                _restfpr_27 = 0x802dcd28
                0x00000000802dcd2c                _restfpr_28 = 0x802dcd2c
                0x00000000802dcd30                _restfpr_29 = 0x802dcd30
                0x00000000802dcd34                _restfpr_30 = 0x802dcd34
                0x00000000802dcd38                _restfpr_31 = 0x802dcd38
                0x00000000802dcd40                _savegpr_14 = 0x802dcd40
                0x00000000802dcd44                _savegpr_15 = 0x802dcd44
                0x00000000802dcd48                _savegpr_16 = 0x802dcd48
                0x00000000802dcd4c                _savegpr_17 = 0x802dcd4c
                0x00000000802dcd50                _savegpr_18 = 0x802dcd50
                0x00000000802dcd54                _savegpr_19 = 0x802dcd54
                0x00000000802dcd58                _savegpr_20 = 0x802dcd58
                0x00000000802dcd5c                _savegpr_21 = 0x802dcd5c
                0x00000000802dcd60                _savegpr_22 = 0x802dcd60
                0x00000000802dcd64                _savegpr_23 = 0x802dcd64
                0x00000000802dcd68                _savegpr_24 = 0x802dcd68
                0x00000000802dcd6c                _savegpr_25 = 0x802dcd6c
                0x00000000802dcd70                _savegpr_26 = 0x802dcd70
                0x00000000802dcd74                _savegpr_27 = 0x802dcd74
                0x00000000802dcd78                _savegpr_28 = 0x802dcd78
                0x00000000802dcd7c                _savegpr_29 = 0x802dcd7c
                0x00000000802dcd80                _savegpr_30 = 0x802dcd80
                0x00000000802dcd84                _savegpr_31 = 0x802dcd84
                0x00000000802dcd8c                _restgpr_14 = 0x802dcd8c
                0x00000000802dcd90                _restgpr_15 = 0x802dcd90
                0x00000000802dcd94                _restgpr_16 = 0x802dcd94
                0x00000000802dcd98                _restgpr_17 = 0x802dcd98
                0x00000000802dcd9c                _restgpr_18 = 0x802dcd9c
                0x00000000802dcda0                _restgpr_19 = 0x802dcda0
                0x00000000802dcda4                _restgpr_20 = 0x802dcda4
                0x00000000802dcda8                _restgpr_21 = 0x802dcda8
                0x00000000802dcdac                _restgpr_22 = 0x802dcdac
                0x00000000802dcdb0                _restgpr_23 = 0x802dcdb0
                0x00000000802dcdb4                _restgpr_24 = 0x802dcdb4
                0x00000000802dcdb8                _restgpr_25 = 0x802dcdb8
                0x00000000802dcdbc                _restgpr_26 = 0x802dcdbc
                0x00000000802dcdc0                _restgpr_27 = 0x802dcdc0
                0x00000000802dcdc4                _restgpr_28 = 0x802dcdc4
                0x00000000802dcdc8                _restgpr_29 = 0x802dcdc8
                0x00000000802dcdcc                _restgpr_30 = 0x802dcdcc
                0x00000000802dcdd0                _restgpr_31 = 0x802dcdd0
                0x00000000802dd1ec                __shl2i = 0x802dd1ec
                0x00000000802b9210                __nw__FUl = 0x802b9210
                0x00000000802b9280                __dl__FPv = 0x802b9280
                0x00000000802b9290                __dla__FPv = 0x802b9290
                0x00000000802dc7e0                __construct_new_array = 0x802dc7e0
                0x00000000802dcb10                __destroy_new_array = 0x802dcb10
                0x00000000802dca98                __destroy_arr = 0x802dca98
                0x0000000080024c20                sub_80024C20 = 0x80024c20
                0x00000000802dc780                __register_global_object = 0x802dc780
                0x00000000802dcbfc                __ptmf_scall = 0x802dcbfc
                0x000000008015f600                setup__13FunctionChainFPPFPv_bUs = 0x8015f600
                0x000000008006cf40                __ct__14collisionMgr_c = 0x8006cf40
                0x000000008006cf40                __dt__14collisionMgr_c = 0x8006cf40
                0x000000008006cfe0                clear1__14collisionMgr_cFv = 0x8006cfe0
                0x000000008006d000                clear2__14collisionMgr_cFv = 0x8006d000
                0x000000008006d090                init__14collisionMgr_cFP13dStageActor_cPC12sensorBase_sPC12sensorBase_sPC12sensorBase_s = 0x8006d090
                0x000000008006d440                Clear3__14collisionMgr_cFv = 0x8006d440
                0x000000008006db30                calculateBelowCollision__14collisionMgr_cFv = 0x8006db30
                0x0000000080070cb0                isOnTopOfTile__14collisionMgr_cCFv = 0x80070cb0
                0x000000008006ef40                calculateAboveCollision__14collisionMgr_cFUi = 0x8006ef40
                0x0000000080072bc0                calculateBelowCollisionWithSmokeEffect__14collisionMgr_cFv = 0x80072bc0
                0x000000008006fa40                calculateAdjacentCollision__14collisionMgr_cFPf = 0x8006fa40
                0x0000000080070760                s_80070760__14collisionMgr_cFv = 0x80070760
                0x00000000800707e0                s_800707E0__14collisionMgr_cFv = 0x800707e0
                0x0000000080070ba0                getTileBehaviour1At__14collisionMgr_cFffUc = 0x80070ba0
                0x0000000080070bf0                getTileBehaviour2At__14collisionMgr_cFffUc = 0x80070bf0
                0x00000000800b8440                __ct_11freezeMgr_c = 0x800b8440
                0x00000000800b84e0                __dt__11freezeMgr_cFv = 0x800b84e0
                0x00000000800b8550                doSomethingCool1__11freezeMgr_c = 0x800b8550
                0x00000000800b8620                doSomethingCool2__11freezeMgr_c = 0x800b8620
                0x00000000800b86f0                setSomething__11freezeMgr_cFUiUiUi = 0x800b86f0
                0x00000000800b8700                Create_ICEACTORs__11freezeMgr_cFPvi = 0x800b8700
                0x00000000800b8850                Delete_ICEACTORs__11freezeMgr_c = 0x800b8850
                0x00000000800b88d0                SetIceTimer_pt1__11freezeMgr_c = 0x800b88d0
                0x00000000800b8930                SetIceTimer_pt2__11freezeMgr_c = 0x800b8930
                0x00000000800b89b0                CheckIceTimer_lte_Value__11freezeMgr_c = 0x800b89b0
                0x00000000800b8a20                doSomethingCool3__11freezeMgr_c = 0x800b8a20
                0x00000000800b8ab0                doSomethingCool4__11freezeMgr_c = 0x800b8ab0
                0x00000000800b8b30                doSomethingCool5__11freezeMgr_c = 0x800b8b30
                0x00000000800b8bb0                doSomethingCool6__11freezeMgr_c = 0x800b8bb0
                0x00000000800b8c30                DoMeltNormal__11freezeMgr_c = 0x800b8c30
                0x00000000800b8cf0                doSomethingCool7__11freezeMgr_c = 0x800b8cf0
                0x00000000800b8ee0                CheckCountdownTimer__11freezeMgr_c = 0x800b8ee0
                0x0000000080329410                __vt__7fBase_c = 0x80329410
                0x0000000080161d80                onCreate__7fBase_cFv = 0x80161d80
                0x0000000080161e30                onDelete__7fBase_cFv = 0x80161e30
                0x00000000801620d0                onExecute__7fBase_cFv = 0x801620d0
                0x00000000801622d0                willBeDeleted__7fBase_cFv = 0x801622d0
                0x00000000801625f0                moreHeapShit__7fBase_cFUiPv = 0x801625f0
                0x00000000801627f0                createHeap__7fBase_cFUiPv = 0x801627f0
                0x00000000801628b0                heapCreated__7fBase_cFv = 0x801628b0
                0x0000000080162510                Delete__7fBase_cFv = 0x80162510
                0x00000000801629b0                findNextUninitialisedProcess__7fBase_cFv = 0x801629b0
                0x0000000080162a20                hasUninitialisedProcesses__7fBase_cFv = 0x80162a20
                0x00000000801621d0                onDraw__7fBase_cFv = 0x801621d0
                0x0000000080162510                _Z15fBase_c__DeletePv = 0x80162510
                0x0000000080162510                fBase_c__Delete__FPv = 0x80162510
                0x0000000080317860                __vt__15StageActorLight = 0x80317860
                0x00000000800cca80                init__15StageActorLight_FPvi = 0x800cca80
                0x00000000800ccb40                update__15StageActorLight = 0x800ccb40
                0x00000000800ccbf0                draw__15StageActorLight = 0x800ccbf0
                0x00000000800414a0                __dt__15StageActorLight = 0x800414a0
                0x000000008006c660                GetExplanationString__7dBase_cFv = 0x8006c660
                0x0000000080301ea8                __vt__15daEnBlockMain_c = 0x80301ea8
                0x0000000080023340                __dt__15daEnBlockMain_cFv = 0x80023340
                0x0000000080022e80                calledWhenUpMoveBegins__15daEnBlockMain_cFv = 0x80022e80
                0x0000000080022f60                calledWhenDownMoveBegins__15daEnBlockMain_cFv = 0x80022f60
                0x0000000080022f30                calledWhenUpMoveExecutes__15daEnBlockMain_cFv = 0x80022f30
                0x00000000800231a0                calledWhenUpMoveDiffExecutes__15daEnBlockMain_cFv = 0x800231a0
                0x0000000080023010                calledWhenDownMoveExecutes__15daEnBlockMain_cFv = 0x80023010
                0x0000000080023080                calledWhenDownMoveEndExecutes__15daEnBlockMain_cFv = 0x80023080
                0x00000000800232c0                calledWhenDownMoveDiffExecutes__15daEnBlockMain_cFv = 0x800232c0
                0x0000000080023330                calledWhenDownMoveDiffEndExecutes__15daEnBlockMain_cFv = 0x80023330
                0x0000000080022dc0                updateScale__15daEnBlockMain_cFb = 0x80022dc0
                0x0000000080022e60                upMove_Begin__15daEnBlockMain_cFv = 0x80022e60
                0x0000000080022ea0                upMove_Execute__15daEnBlockMain_cFv = 0x80022ea0
                0x0000000080022e90                upMove_End__15daEnBlockMain_cFv = 0x80022e90
                0x0000000080022f40                downMove_Begin__15daEnBlockMain_cFv = 0x80022f40
                0x0000000080022f80                downMove_Execute__15daEnBlockMain_cFv = 0x80022f80
                0x0000000080022f70                downMove_End__15daEnBlockMain_cFv = 0x80022f70
                0x0000000080023020                downMoveEnd_Begin__15daEnBlockMain_cFv = 0x80023020
                0x0000000080023040                downMoveEnd_Execute__15daEnBlockMain_cFv = 0x80023040
                0x0000000080023030                downMoveEnd_End__15daEnBlockMain_cFv = 0x80023030
                0x0000000080023090                upMove_Diff_Begin__15daEnBlockMain_cFv = 0x80023090
                0x00000000800230d0                upMove_Diff_Execute__15daEnBlockMain_cFv = 0x800230d0
                0x00000000800230c0                upMove_Diff_End__15daEnBlockMain_cFv = 0x800230c0
                0x00000000800231b0                downMove_Diff_Begin__15daEnBlockMain_cFv = 0x800231b0
                0x00000000800231f0                downMove_Diff_Execute__15daEnBlockMain_cFv = 0x800231f0
                0x00000000800231e0                downMove_Diff_End__15daEnBlockMain_cFv = 0x800231e0
                0x00000000800232d0                downMove_DiffEnd_Begin__15daEnBlockMain_cFv = 0x800232d0
                0x00000000800232f0                downMove_DiffEnd_Execute__15daEnBlockMain_cFv = 0x800232f0
                0x00000000800232e0                downMove_DiffEnd_End__15daEnBlockMain_cFv = 0x800232e0
                0x0000000080021690                blockInit__15daEnBlockMain_cFf = 0x80021690
                0x00000000800217b0                blockUpdate__15daEnBlockMain_cFv = 0x800217b0
                0x00000000800212c0                blockResult__15daEnBlockMain_cFv = 0x800212c0
                0x0000000080021180                PhysicsCallback1__15daEnBlockMain_c = 0x80021180
                0x0000000080021170                PhysicsCallback2__15daEnBlockMain_c = 0x80021170
                0x00000000800211a0                PhysicsCallback3__15daEnBlockMain_c = 0x800211a0
                0x0000000080020bf0                OPhysicsCallback1__15daEnBlockMain_c = 0x80020bf0
                0x0000000080020e70                OPhysicsCallback2__15daEnBlockMain_c = 0x80020e70
                0x0000000080021010                OPhysicsCallback3__15daEnBlockMain_c = 0x80021010
                0x0000000080352a34                StateID_UpMove__15daEnBlockMain_c = 0x80352a34
                0x0000000080352a74                StateID_DownMove__15daEnBlockMain_c = 0x80352a74
                0x0000000080352ab4                StateID_DownMoveEnd__15daEnBlockMain_c = 0x80352ab4
                0x0000000080352af4                StateID_UpMove_Diff__15daEnBlockMain_c = 0x80352af4
                0x0000000080352b34                StateID_DownMove_Diff__15daEnBlockMain_c = 0x80352b34
                0x0000000080352b74                StateID_DownMove_DiffEnd__15daEnBlockMain_c = 0x80352b74
                0x0000000080094e80                __ct__5dEn_cFv = 0x80094e80
                0x0000000080095130                __dt__5dEn_cFv = 0x80095130
                0x00000000800951d0                afterCreate__5dEn_cFi = 0x800951d0
                0x0000000080095240                beforeExecute__5dEn_cFv = 0x80095240
                0x0000000080095480                afterExecute__5dEn_cFi = 0x80095480
                0x00000000800954a0                beforeDraw__5dEn_cFv = 0x800954a0
                0x0000000080097f70                kill__5dEn_cFv = 0x80097f70
                0x0000000080097c40                eatIn__5dEn_cFv = 0x80097c40
                0x0000000080097cb0                disableEatIn__5dEn_cFv = 0x80097cb0
                0x0000000080097d30                _vf8C__5dEn_cFPv = 0x80097d30
                0x00000000800973f0                _vfCC__5dEn_cFP7Point2df = 0x800973f0
                0x00000000800974f0                _vfD0__5dEn_cFP7Point2df = 0x800974f0
                0x00000000800a7df0                doStateChange__5dEn_cFP12dStateBase_c = 0x800a7df0
                0x0000000080095950                collisionCallback__5dEn_cFP13ActivePhysicsP13ActivePhysics = 0x80095950
                0x0000000080095ce0                preSpriteCollision__5dEn_cFP13ActivePhysicsP13ActivePhysics = 0x80095ce0
                0x0000000080095d30                prePlayerCollision__5dEn_cFP13ActivePhysicsP13ActivePhysics = 0x80095d30
                0x0000000080095f50                preYoshiCollision__5dEn_cFP13ActivePhysicsP13ActivePhysics = 0x80095f50
                0x0000000080096060                stageActorCollision__5dEn_cFP13ActivePhysicsP13ActivePhysics = 0x80096060
                0x0000000080095c10                spriteCollision__5dEn_cFP13ActivePhysicsP13ActivePhysics = 0x80095c10
                0x0000000080095c20                playerCollision__5dEn_cFP13ActivePhysicsP13ActivePhysics = 0x80095c20
                0x0000000080095c80                yoshiCollision__5dEn_cFP13ActivePhysicsP13ActivePhysics = 0x80095c80
                0x000000008009f840                collisionCat3_StarPower__5dEn_cFP13ActivePhysicsP13ActivePhysics = 0x8009f840
                0x000000008009fb50                collisionCat5_Mario__5dEn_cFP13ActivePhysicsP13ActivePhysics = 0x8009fb50
                0x000000008009fe40                _vf108__5dEn_cFP13ActivePhysicsP13ActivePhysics = 0x8009fe40
                0x000000008009ffd0                collisionCatD_Drill__5dEn_cFP13ActivePhysicsP13ActivePhysics = 0x8009ffd0
                0x000000008009ffc0                _vf110__5dEn_cFP13ActivePhysicsP13ActivePhysics = 0x8009ffc0
                0x000000008009fce0                collisionCat8_FencePunch__5dEn_cFP13ActivePhysicsP13ActivePhysics = 0x8009fce0
                0x00000000800a0150                collisionCat7_GroundPound__5dEn_cFP13ActivePhysicsP13ActivePhysics = 0x800a0150
                0x00000000800a02d0                collisionCat7_GroundPoundYoshi__5dEn_cFP13ActivePhysicsP13ActivePhysics = 0x800a02d0
                0x000000008009fcd0                _vf120__5dEn_cFP13ActivePhysicsP13ActivePhysics = 0x8009fcd0
                0x000000008009fcc0                collisionCatA_PenguinMario__5dEn_cFP13ActivePhysicsP13ActivePhysics = 0x8009fcc0
                0x000000008009f9d0                collisionCat11_PipeCannon__5dEn_cFP13ActivePhysicsP13ActivePhysics = 0x8009f9d0
                0x00000000800a0700                collisionCat9_RollingObject__5dEn_cFP13ActivePhysicsP13ActivePhysics = 0x800a0700
                0x00000000800a08d0                collisionCat1_Fireball_E_Explosion__5dEn_cFP13ActivePhysicsP13ActivePhysics = 0x800a08d0
                0x00000000800a0a30                collisionCat2_IceBall_15_YoshiIce__5dEn_cFP13ActivePhysicsP13ActivePhysics = 0x800a0a30
                0x00000000800a03c0                collisionCat13_Hammer__5dEn_cFP13ActivePhysicsP13ActivePhysics = 0x800a03c0
                0x00000000800a0550                collisionCat14_YoshiFire__5dEn_cFP13ActivePhysicsP13ActivePhysics = 0x800a0550
                0x00000000800a0ea0                killWithSpecifiedState__5dEn_cFP13dStageActor_cP7Point2dP12dStateBase_cUi = 0x800a0ea0
                0x00000000800a10b0                _vf140__5dEn_cFP13dStageActor_c = 0x800a10b0
                0x00000000800a0c70                powBlockActivated__5dEn_cFb = 0x800a0c70
                0x00000000800a12a0                _vf148__5dEn_cFv = 0x800a12a0
                0x00000000800a1370                _vf14C__5dEn_cFv = 0x800a1370
                0x00000000800206d0                canBePowed__5dEn_cFv = 0x800206d0
                0x0000000080096230                eatenByYoshiProbably__5dEn_cFv = 0x80096230
                0x00000000800a1190                killByDieFall__5dEn_cFP13dStageActor_c = 0x800a1190
                0x00000000800a1c00                playHpdpSound1__5dEn_cFv = 0x800a1c00
                0x00000000800a1bb0                playEnemyDownSound1__5dEn_cFv = 0x800a1bb0
                0x00000000800a1c80                playEnemyDownComboSound__5dEn_cFPv = 0x800a1c80
                0x00000000800a1d90                playHpdpSound2__5dEn_cFv = 0x800a1d90
                0x00000000800a1e10                _vf168__5dEn_cFv = 0x800a1e10
                0x00000000800a1470                dieFumi_Begin__5dEn_cFv = 0x800a1470
                0x00000000800a1600                dieFumi_Execute__5dEn_cFv = 0x800a1600
                0x00000000800a1820                dieFumi_End__5dEn_cFv = 0x800a1820
                0x00000000800a16a0                dieFall_Begin__5dEn_cFv = 0x800a16a0
                0x00000000800a1830                dieFall_Execute__5dEn_cFv = 0x800a1830
                0x00000000800a1820                dieFall_End__5dEn_cFv = 0x800a1820
                0x00000000800a1910                dieBigFall_Begin__5dEn_cFv = 0x800a1910
                0x00000000800a1930                dieBigFall_Execute__5dEn_cFv = 0x800a1930
                0x00000000800a1920                dieBigFall_End__5dEn_cFv = 0x800a1920
                0x00000000800a1980                dieSmoke_Begin__5dEn_cFv = 0x800a1980
                0x00000000800a1a00                dieSmoke_Execute__5dEn_cFv = 0x800a1a00
                0x00000000800a19f0                dieSmoke_End__5dEn_cFv = 0x800a19f0
                0x00000000800a1ac0                dieYoshiFumi_Begin__5dEn_cFv = 0x800a1ac0
                0x00000000800a1b40                dieYoshiFumi_Execute__5dEn_cFv = 0x800a1b40
                0x00000000800a1b30                dieYoshiFumi_End__5dEn_cFv = 0x800a1b30
                0x00000000800a1a10                dieIceVanish_Begin__5dEn_cFv = 0x800a1a10
                0x00000000800a1ab0                dieIceVanish_Execute__5dEn_cFv = 0x800a1ab0
                0x00000000800a1aa0                dieIceVanish_End__5dEn_cFv = 0x800a1aa0
                0x00000000800a1b50                dieGoal_Begin__5dEn_cFv = 0x800a1b50
                0x00000000800a1b70                dieGoal_Execute__5dEn_cFv = 0x800a1b70
                0x00000000800a1b60                dieGoal_End__5dEn_cFv = 0x800a1b60
                0x00000000800a1b80                dieOther_Begin__5dEn_cFv = 0x800a1b80
                0x00000000800a1ba0                dieOther_Execute__5dEn_cFv = 0x800a1ba0
                0x00000000800a1b90                dieOther_End__5dEn_cFv = 0x800a1b90
                0x00000000800a81c0                eatIn_Begin__5dEn_cFv = 0x800a81c0
                0x00000000800a81e0                eatIn_Execute__5dEn_cFv = 0x800a81e0
                0x00000000800a81d0                eatIn_End__5dEn_cFv = 0x800a81d0
                0x00000000800a8260                eatNow_Begin__5dEn_cFv = 0x800a8260
                0x00000000800a8280                eatNow_Execute__5dEn_cFv = 0x800a8280
                0x00000000800a8270                eatNow_End__5dEn_cFv = 0x800a8270
                0x00000000800a8290                eatOut_Begin__5dEn_cFv = 0x800a8290
                0x00000000800a82b0                eatOut_Execute__5dEn_cFv = 0x800a82b0
                0x00000000800a82a0                eatOut_End__5dEn_cFv = 0x800a82a0
                0x00000000800a8190                hitSpin_Begin__5dEn_cFv = 0x800a8190
                0x00000000800a81b0                hitSpin_Execute__5dEn_cFv = 0x800a81b0
                0x00000000800a81a0                hitSpin_End__5dEn_cFv = 0x800a81a0
                0x00000000800a7e90                ice_Begin__5dEn_cFv = 0x800a7e90
                0x00000000800a7f40                ice_Execute__5dEn_cFv = 0x800a7f40
                0x00000000800a7f30                ice_End__5dEn_cFv = 0x800a7f30
                0x0000000080095520                spawnHitEffectAtPosition__5dEn_cF7Point2d = 0x80095520
                0x0000000080095530                doSomethingWithHardHitAndSoftHitEffects__5dEn_cF7Point3d = 0x80095530
                0x0000000080095580                playEnemyDownSound2__5dEn_cFv = 0x80095580
                0x00000000800955d0                add2ToYSpeed__5dEn_cFv = 0x800955d0
                0x0000000080095890                _vf218__5dEn_cFv = 0x80095890
                0x0000000080097770                _vf21C__5dEn_cFv = 0x80097770
                0x0000000080097f20                _vf220__5dEn_cFPv = 0x80097f20
                0x0000000080097f60                _vf224__5dEn_cFv = 0x80097f60
                0x00000000800206c0                _vf228__5dEn_cFv = 0x800206c0
                0x00000000800a8060                CreateIceActors__5dEn_cFv = 0x800a8060
                0x00000000800a8150                _vf230__5dEn_cFv = 0x800a8150
                0x00000000800a8160                _vf234__5dEn_cFv = 0x800a8160
                0x00000000800a8180                _vf238__5dEn_cFv = 0x800a8180
                0x00000000800206b0                _vf23C__5dEn_cFv = 0x800206b0
                0x00000000800206a0                _vf240__5dEn_cFv = 0x800206a0
                0x0000000080020690                _vf244__5dEn_cFv = 0x80020690
                0x00000000800968e0                _vf248__5dEn_cFi = 0x800968e0
                0x0000000080096710                bouncePlayerWhenJumpedOn__5dEn_cFPv = 0x80096710
                0x0000000080096700                addScoreWhenHit__5dEn_cFPv = 0x80096700
                0x0000000080096720                _vf254__5dEn_cFPv = 0x80096720
                0x0000000080096760                _vf258__5dEn_cFPv = 0x80096760
                0x0000000080096770                _vf25C__5dEn_cFPv = 0x80096770
                0x0000000080096910                _vf260__5dEn_cFPv = 0x80096910
                0x0000000080096d60                _vf264__5dEn_cFP13dStageActor_c = 0x80096d60
                0x0000000080096a20                _vf268__5dEn_cFPv = 0x80096a20
                0x0000000080096df0                spawnHitEffectAtPositionAgain__5dEn_cF7Point2d = 0x80096df0
                0x0000000080096c40                playMameStepSound__5dEn_cFv = 0x80096c40
                0x0000000080096e50                _vf274__5dEn_cFv = 0x80096e50
                0x0000000080096b30                _vf278__5dEn_cFPv = 0x80096b30
                0x0000000080096e40                _vf27C__5dEn_cFv = 0x80096e40
                0x0000000080357bb4                StateID_DieFumi__5dEn_c = 0x80357bb4
                0x0000000080357bf4                StateID_DieFall__5dEn_c = 0x80357bf4
                0x0000000080357c34                StateID_DieBigFall__5dEn_c = 0x80357c34
                0x0000000080357c74                StateID_DieSmoke__5dEn_c = 0x80357c74
                0x0000000080357cb4                StateID_DieIceVanish__5dEn_c = 0x80357cb4
                0x0000000080357cf4                StateID_DieYoshiFumi__5dEn_c = 0x80357cf4
                0x0000000080357d34                StateID_DieGoal__5dEn_c = 0x80357d34
                0x0000000080357d74                StateID_DieOther__5dEn_c = 0x80357d74
                0x00000000800955f0                doSpriteMovement__5dEn_cFv = 0x800955f0
                0x00000000800978c0                CheckIfPlayerBelow__5dEn_cFff = 0x800978c0
                0x00000000800957b0                stuffRelatingToCollisions__5dEn_cFfff = 0x800957b0
                0x0000000080097250                checkLiquidImmersion__5dEn_cFP7Point2df = 0x80097250
                0x00000000800967a0                bouncePlayer__5dEn_cFPvf = 0x800967a0
                0x0000000080066fc0                __ct__13dActorState_cFv = 0x80066fc0
                0x00000000800671b0                __dt__13dActorState_cFv = 0x800671b0
                0x0000000080067230                beginState_Gegneric__13dActorState_cFv = 0x80067230
                0x0000000080067240                endState_Gegneric__13dActorState_cFv = 0x80067240
                0x0000000080067250                executeState_Gegneric__13dActorState_cFv = 0x80067250
                0x0000000080067590                _vfD8__18dActorMultiState_cFv = 0x80067590
                0x00000000800675b0                _vfDC__18dActorMultiState_cFv = 0x800675b0
                0x00000000800675a0                _vfE0__18dActorMultiState_cFv = 0x800675a0
                0x0000000080064110                __ct__13dStageActor_cFv = 0x80064110
                0x00000000800642b0                __dt__13dStageActor_cFv = 0x800642b0
                0x0000000080064350                beforeCreate__13dStageActor_cFv = 0x80064350
                0x0000000080064380                afterCreate__13dStageActor_cFi = 0x80064380
                0x0000000080064390                beforeDelete__13dStageActor_cFv = 0x80064390
                0x00000000800643e0                afterDelete__13dStageActor_cFi = 0x800643e0
                0x00000000800643f0                beforeExecute__13dStageActor_cFv = 0x800643f0
                0x0000000080064490                afterExecute__13dStageActor_cFi = 0x80064490
                0x0000000080064540                beforeDraw__13dStageActor_cFv = 0x80064540
                0x00000000800645e0                afterDraw__13dStageActor_cFi = 0x800645e0
                0x00000000800645f0                GetExplanationString__13dStageActor_cFv = 0x800645f0
                0x0000000080065080                isOutOfView__13dStageActor_cFv = 0x80065080
                0x0000000080065650                kill__13dStageActor_cFv = 0x80065650
                0x000000008001d210                _vf68__13dStageActor_cFv = 0x8001d210
                0x000000008001d200                _vf6C__13dStageActor_cFv = 0x8001d200
                0x0000000080065620                _vf70__13dStageActor_cFv = 0x80065620
                0x000000008001d1f0                _vf74__13dStageActor_cFv = 0x8001d1f0
                0x0000000080065820                itemPickedUp__13dStageActor_cFv = 0x80065820
                0x000000008001d1e0                _vf7C__13dStageActor_cFv = 0x8001d1e0
                0x0000000080065830                eatIn__13dStageActor_cFv = 0x80065830
                0x0000000080065850                disableEatIn__13dStageActor_cFv = 0x80065850
                0x0000000080065860                _vf88__13dStageActor_cFv = 0x80065860
                0x0000000080065870                _vf8C__13dStageActor_cFPv = 0x80065870
                0x0000000080065880                _vf90__13dStageActor_cFP13dStageActor_c = 0x80065880
                0x0000000080065ac0                _vf94__13dStageActor_cFPv = 0x80065ac0
                0x0000000080066080                removeMyActivePhysics__13dStageActor_cFv = 0x80066080
                0x0000000080066090                addMyActivePhysics__13dStageActor_cFv = 0x80066090
                0x0000000080065950                returnRegularScale__13dStageActor_cFv = 0x80065950
                0x0000000080065970                _vfA4__13dStageActor_cFPv = 0x80065970
                0x0000000080065a00                _vfA8__13dStageActor_cFPv = 0x80065a00
                0x0000000080065a40                _vfAC__13dStageActor_cFPv = 0x80065a40
                0x0000000080065660                killedByLevelClear__13dStageActor_cFv = 0x80065660
                0x0000000080065b40                _vfB4__13dStageActor_cFv = 0x80065b40
                0x000000008001d1d0                _vfB8__13dStageActor_cFv = 0x8001d1d0
                0x0000000080065b50                _vfBC__13dStageActor_cFv = 0x80065b50
                0x0000000080065b60                _vfC0__13dStageActor_cFv = 0x80065b60
                0x0000000080065b70                _vfC4__13dStageActor_cFv = 0x80065b70
                0x0000000080065cc0                _vfC8__13dStageActor_cFP7Point2df = 0x80065cc0
                0x0000000080065dc0                _vfCC__13dStageActor_cFP7Point2df = 0x80065dc0
                0x0000000080065ec0                _vfD0__13dStageActor_cFP7Point2df = 0x80065ec0
                0x0000000080064da0                outOfZone__13dStageActor_cF7Point3dPfUc = 0x80064da0
                0x0000000080064f50                checkZoneBoundaries__13dStageActor_cFUi = 0x80064f50
                0x0000000080064610                create__13dStageActor_cF6ActorsUiP7Point3dP6S16VecUc = 0x80064610
                0x0000000080064d10                Delete__13dStageActor_cFUc = 0x80064d10
                0x00000000800e19b0                __ct__8dScene_cFv = 0x800e19b0
                0x00000000800e1a20                __dt__8dScene_cFv = 0x800e1a20
                0x00000000800e1aa0                beforeCreate__8dScene_cFv = 0x800e1aa0
                0x00000000800e1ae0                afterCreate__8dScene_cFi = 0x800e1ae0
                0x00000000800e1b50                beforeDelete__8dScene_cFv = 0x800e1b50
                0x00000000800e1b80                afterDelete__8dScene_cFi = 0x800e1b80
                0x00000000800e1be0                beforeExecute__8dScene_cFv = 0x800e1be0
                0x00000000800e1d20                afterExecute__8dScene_cFi = 0x800e1d20
                0x00000000800e1d70                beforeDraw__8dScene_cFv = 0x800e1d70
                0x00000000800e1da0                afterDraw__8dScene_cFi = 0x800e1da0
                0x000000008006c6d0                __ct__8dActor_cFv = 0x8006c6d0
                0x000000008006c7f0                __dt__8dActor_cFv = 0x8006c7f0
                0x000000008006cd40                UpdateObjectPosBasedOnSpeedValuesReal__8dActor_cFv = 0x8006cd40
                0x000000008006cd90                HandleXSpeed__8dActor_cFv = 0x8006cd90
                0x000000008006cde0                HandleYSpeed__8dActor_cFv = 0x8006cde0
                0x000000008006c420                __ct__7dBase_cFv = 0x8006c420
                0x000000008006c490                __dt__7dBase_cFv = 0x8006c490
                0x000000008006c540                beforeCreate__7dBase_cFv = 0x8006c540
                0x000000008006c570                afterCreate__7dBase_cFi = 0x8006c570
                0x000000008006c580                beforeDelete__7dBase_cFv = 0x8006c580
                0x000000008006c5b0                afterDelete__7dBase_cFi = 0x8006c5b0
                0x000000008006c5c0                beforeExecute__7dBase_cFv = 0x8006c5c0
                0x000000008006c600                afterExecute__7dBase_cFi = 0x8006c600
                0x000000008006c610                beforeDraw__7dBase_cFv = 0x8006c610
                0x000000008006c650                afterDraw__7dBase_cFi = 0x8006c650
                0x000000008006ca50                specialDraw1__8dActor_cFv = 0x8006ca50
                0x000000008006ca60                specialDraw2__8dActor_cFv = 0x8006ca60
                0x000000008001d1c0                _vf58__8dActor_cFv = 0x8001d1c0
                0x000000008001d1b0                _vf5C__8dActor_cFv = 0x8001d1b0
                0x000000008015f7c0                __ct__12dStateBase_cFPCc = 0x8015f7c0
                0x000000008015f800                __dt__12dStateBase_cFv = 0x8015f800
                0x000000008015f840                isInvalid__12dStateBase_cFv = 0x8015f840
                0x000000008015f850                isEqualNotUsedForSomeReason__12dStateBase_cFP12dStateBase_c = 0x8015f850
                0x000000008015f8c0                isEqual__12dStateBase_cFP12dStateBase_c = 0x8015f8c0
                0x000000008015f8d0                isNotEqual__12dStateBase_cFP12dStateBase_c = 0x8015f8d0
                0x000000008015f920                getName__12dStateBase_cFv = 0x8015f920
                0x000000008015f930                getID__12dStateBase_cFv = 0x8015f930
                0x00000000800142a0                isSameStateName__12dStateBase_cFPCc = 0x800142a0
                0x0000000080012970                doBegin__12dStateBase_cFPv = 0x80012970
                0x0000000080012940                doExecute__12dStateBase_cFPv = 0x80012940
                0x0000000080012910                doEnd__12dStateBase_cFPv = 0x80012910
                0x0000000080377a04                mNoState__12dStateBase_c = 0x80377a04
                0x000000008015f9f0                __dt__15dStateMgrBase_cFv = 0x8015f9f0
                0x000000008015fc90                __ct__11dStateMgr_cFP17dStatePointless_cP20dStateExecutorBase_cP12dStateBase_c = 0x8015fc90
                0x00000000800e3ae0                __ct__10dFlagMgr_c = 0x800e3ae0
                0x00000000800e3ba0                setup__10dFlagMgr_cFb = 0x800e3ba0
                0x00000000800e3f20                applyAndClearAllTimedActions__10dFlagMgr_cFv = 0x800e3f20
                0x00000000800e4010                execute__10dFlagMgr_cFv = 0x800e4010
                0x00000000800e41c0                set__10dFlagMgr_cFUcibbbUi = 0x800e41c0
                0x00000000800e4470                findLowestFlagInSet__10dFlagMgr_cFUiUl = 0x800e4470
                0x00000000800e4550                setSpecial__10dFlagMgr_cFUcffUcUiUl = 0x800e4550
                0x00000000800e4590                get8__10dFlagMgr_cFUc = 0x800e4590
                0x00000000800e45a0                get108__10dFlagMgr_cFUc = 0x800e45a0
                0x00000000800e45b0                get208__10dFlagMgr_cFUc = 0x800e45b0
                0x00000000800e45c0                get248__10dFlagMgr_cFUc = 0x800e45c0
                0x00000000800e45e0                get448__10dFlagMgr_cFUc = 0x800e45e0
                0x000000008042a078                instance__10dFlagMgr_c = 0x8042a078
                0x000000008008c2c0                clear__13ActivePhysicsFv = 0x8008c2c0
                0x000000008008c380                removeFromList__13ActivePhysicsFv = 0x8008c380
                0x000000008008c330                addToList__13ActivePhysicsFv = 0x8008c330
                0x000000008008c3e0                initWithStruct__13ActivePhysicsFP8dActor_cPCQ213ActivePhysics4Info = 0x8008c3e0
                0x000000008008c4f0                bottom__13ActivePhysicsFv = 0x8008c4f0
                0x0000000080429e60                globalListHead__13ActivePhysics = 0x80429e60
                0x000000008007f7a0                __ct__7PhysicsFv = 0x8007f7a0
                0x000000008007f810                __dt__7PhysicsFv = 0x8007f810
                0x000000008007f9b0                baseSetup__7PhysicsFP8dActor_cPvPvPvUcUc = 0x8007f9b0
                0x000000008007fa40                setup__7PhysicsFP8dActor_cffffPvPvPvUcUcP7Point2d = 0x8007fa40
                0x000000008007fb10                setup__7PhysicsFP8dActor_cPQ27Physics4InfoUcUcP7Point2d = 0x8007fb10
                0x0000000080429de0                globalListHead__7Physics = 0x80429de0
                0x000000008007fd80                setPtrToRotation__7PhysicsFPs = 0x8007fd80
                0x00000000808a2380                spinningPhysicsCallback = 0x808a2380
                0x000000008007f900                addToList__7PhysicsFv = 0x8007f900
                0x000000008007f950                removeFromList__7PhysicsFv = 0x8007f950
                0x000000008007fda0                update__7PhysicsFv = 0x8007fda0
                0x0000000080078520                getTileRendererList__7dBgGm_cFi = 0x80078520
                0x0000000080077520                getPointerToTile__8BgGmBaseFiiiPib = 0x80077520
                0x0000000080077860                placeTile__8BgGmBaseFUsUsii = 0x80077860
                0x0000000080078410                makeSplash__8BgGmBaseFffi = 0x80078410
                0x0000000080014820                add__Q212TileRenderer4ListFP12TileRenderer = 0x80014820
                0x0000000080014860                remove__Q212TileRenderer4ListFP12TileRenderer = 0x80014860
                0x00000000800145b0                __ct__12TileRendererFv = 0x800145b0
                0x00000000800145f0                __dt__12TileRendererFv = 0x800145f0
                0x00000000800146b0                setPosition__12TileRendererFfff = 0x800146b0
                0x00000000800146d0                setVars__12TileRendererFf = 0x800146d0
                0x00000000800d6cc0                __ct__21dPlayerModelHandler_cFUc = 0x800d6cc0
                0x00000000800d6df0                loadModel__21dPlayerModelHandler_cFUcii = 0x800d6df0
                0x00000000800d6f40                setSRT__21dPlayerModelHandler_cF7Point3d6S16Vec7Point3d = 0x800d6f40
                0x00000000800d7000                callVF20__21dPlayerModelHandler_cFv = 0x800d7000
                0x00000000800d7020                draw__21dPlayerModelHandler_cFv = 0x800d7020
                0x00000000800d6e90                update__21dPlayerModelHandler_cFv = 0x800d6e90
                0x00000000800d6eb0                setMatrix__21dPlayerModelHandler_cFPA4_f = 0x800d6eb0
                0x0000000080162d50                _Z15FindActorByType6ActorsP5Actor = 0x80162d50
                0x0000000080162d50                FindActorByType__F6ActorsP5Actor = 0x80162d50
                0x00000000800df180                _Z19RetrieveFileFromArcPvPcS0_ = 0x800df180
                0x000000008015f730                _Z8OSReportPKcz = 0x8015f730
                0x000000008015f730                OSReport__FPCce = 0x8015f730
                0x00000000801af5d0                _Z7OSFatal7GXColorS_PKc = 0x801af5d0
                0x00000000800e2580                GetSomeSizeRelatedBULLSHIT__Fv = 0x800e2580
                0x00000000800e26f0                CalculateSomethingAboutRatio__Fffff = 0x800e26f0
                0x00000000800e27c0                CalculateSomethingElseAboutRatio__Fv = 0x800e27c0
                0x0000000080169220                DoSomethingCameraRelatedWithEGGScreen__FiPQ23EGG6Screen = 0x80169220
                0x000000008042a0ec                GlobalScreenWidth = 0x8042a0ec
                0x000000008042a0f0                GlobalScreenHeight = 0x8042a0f0
                0x000000008042af08                currentScreenSizeID = 0x8042af08
                0x00000000803504e0                ScreenSizesAndMultipliers = 0x803504e0
                0x00000000802c6ae0                setOrtho__Q23EGG7FrustumFffffff = 0x802c6ae0
                0x00000000802d0cc0                __ct__Q23EGG6ScreenFv = 0x802d0cc0
                0x00000000802d0aa0                __dt__Q23EGG6ScreenFv = 0x802d0aa0
                0x0000000080350078                __vt__Q23EGG12LookAtCamera = 0x80350078
                0x00000000802be880                assignToNW4RCamera__Q23EGG12LookAtCameraFRQ34nw4r3g3d6Camera = 0x802be880
                0x00000000802bf3d0                __ct__Q23EGG12ProjectOrthoFv = 0x802bf3d0
                0x00000000802bf420                setVolume__Q23EGG12ProjectOrthoFffff = 0x802bf420
                0x0000000080164b20                GetCameraByID__Fi = 0x80164b20
                0x0000000080164b40                GetCurrentCameraID__Fv = 0x80164b40
                0x0000000080164b50                SetCurrentCameraID__Fi = 0x80164b50
                0x0000000080164c10                LinkScene__Fi = 0x80164c10
                0x0000000080164b90                UnlinkScene__Fi = 0x80164b90
                0x0000000080164cd0                SceneCalcWorld__Fi = 0x80164cd0
                0x0000000080164d60                SceneCameraStuff__Fi = 0x80164d60
                0x0000000080164d50                CalcMaterial__Fv = 0x80164d50
                0x0000000080164e30                DrawOpa__Fv = 0x80164e30
                0x0000000080164e40                DrawXlu__Fv = 0x80164e40
                0x00000000802d2f80                ChangeAlphaUpdate__Fb = 0x802d2f80
                0x00000000802d2f20                ChangeColorUpdate__Fb = 0x802d2f20
                0x000000008006cae0                DoSpecialDrawing1__Fv = 0x8006cae0
                0x000000008006cb40                DoSpecialDrawing2__Fv = 0x8006cb40
                0x0000000080163220                SetupLYTDrawing__Fv = 0x80163220
                0x0000000080163170                ClearLayoutDrawList__Fv = 0x80163170
                0x00000000800067a0                RenderAllLayouts__Fv = 0x800067a0
                0x0000000080163300                DrawAllLayoutsBeforeX__Fi = 0x80163300
                0x0000000080163390                DrawAllLayoutsAfterX__Fi = 0x80163390
                0x0000000080163420                DrawAllLayoutsAfterXandBeforeY__Fii = 0x80163420
                0x0000000080007300                findPaneByName__Q23m2d17EmbedLayoutBase_cCFPCc = 0x80007300
                0x0000000080007320                findTextBoxByName__Q23m2d17EmbedLayoutBase_cCFPCc = 0x80007320
                0x00000000800073d0                findPictureByName__Q23m2d17EmbedLayoutBase_cCFPCc = 0x800073d0
                0x0000000080007470                findWindowByName__Q23m2d17EmbedLayoutBase_cCFPCc = 0x80007470
                0x00000000800c8950                __ct__Q23m2d13EmbedLayout_cFv = 0x800c8950
                0x00000000800c89a0                __dt__Q23m2d13EmbedLayout_cFv = 0x800c89a0
                0x00000000800c8cb0                loadArc__Q23m2d13EmbedLayout_cFPCcb = 0x800c8cb0
                0x00000000800c8d60                getPanes__Q23m2d13EmbedLayout_cCFPPCcPPQ34nw4r3lyt4Panei = 0x800c8d60
                0x00000000800c8dd0                getWindows__Q23m2d13EmbedLayout_cCFPPCcPPQ34nw4r3lyt6Windowi = 0x800c8dd0
                0x00000000800c8e40                getPictures__Q23m2d13EmbedLayout_cCFPPCcPPQ34nw4r3lyt7Picturei = 0x800c8e40
                0x00000000800c8eb0                getTextBoxes__Q23m2d13EmbedLayout_cCFPPCcPPQ34nw4r3lyt7TextBoxi = 0x800c8eb0
                0x00000000800c8f20                setLangStrings__Q23m2d13EmbedLayout_cFPPCcPCiii = 0x800c8f20
                0x00000000800c8fb0                loadAnimations__Q23m2d13EmbedLayout_cFPPCci = 0x800c8fb0
                0x00000000800c90f0                loadGroups__Q23m2d13EmbedLayout_cFPPCcPCii = 0x800c90f0
                0x00000000800c92f0                enableNonLoopAnim__Q23m2d13EmbedLayout_cFib = 0x800c92f0
                0x00000000800c9380                enableLoopAnim__Q23m2d13EmbedLayout_cFi = 0x800c9380
                0x00000000800c93d0                resetAnim__Q23m2d13EmbedLayout_cFib = 0x800c93d0
                0x00000000800c9500                disableAllAnimations__Q23m2d13EmbedLayout_cFv = 0x800c9500
                0x00000000800c9610                isAnimOn__Q23m2d13EmbedLayout_cFi = 0x800c9610
                0x00000000800c9640                isAnyAnimOn__Q23m2d13EmbedLayout_cFv = 0x800c9640
                0x00000000800c9930                free__Q23m2d13EmbedLayout_cFv = 0x800c9930
                0x00000000800c9560                execAnimations__Q23m2d13EmbedLayout_cFv = 0x800c9560
                0x0000000080163660                attachArc__Q23m2d8ResAcc_cFPvPCc = 0x80163660
                0x00000000801637e0                setSpeed__Q23m2d11FrameCtrl_cFf = 0x801637e0
                0x0000000080163850                scheduleForDrawing__Q23m2d6Base_cFv = 0x80163850
                0x0000000080093f10                RenderEffects__Fii = 0x80093f10
                0x0000000080164e70                RemoveAllFromScnRoot__Fv = 0x80164e70
                0x0000000080164ec0                Reset3DState__Fv = 0x80164ec0
                0x000000008024d5d0                GetRenderModeObj__Q34nw4r3g3d8G3DStateFv = 0x8024d5d0
                0x00000000802537d0                __ct__Q34nw4r3g3d6CameraFPQ34nw4r3g3d10CameraData = 0x802537d0
                0x0000000080253c70                SetOrtho__Q34nw4r3g3d6CameraFffffff = 0x80253c70
                0x0000000080253c30                SetPerspective__Q34nw4r3g3d6CameraFffff = 0x80253c30
                0x0000000080253e20                SetViewportJitter__Q34nw4r3g3d6CameraFUi = 0x80253e20
                0x00000000802539c0                SetPosture__Q34nw4r3g3d6CameraFRCQ44nw4r3g3d6Camera11PostureInfo = 0x802539c0
                0x0000000080253950                SetPosition__Q34nw4r3g3d6CameraFRC7Point3d = 0x80253950
                0x0000000080253be0                SetCameraMtxDirectly__Q34nw4r3g3d6CameraFRA3_A4_Cf = 0x80253be0
                0x00000000802540b0                GetCameraMtx__Q34nw4r3g3d6CameraCFPA3_A4_f = 0x802540b0
                0x000000008023a860                CheckRevision__Q34nw4r3g3d7ResFileCFv = 0x8023a860
                0x000000008023a590                Init__Q34nw4r3g3d7ResFileFv = 0x8023a590
                0x000000008023a350                Bind__Q34nw4r3g3d7ResFileFQ34nw4r3g3d7ResFile = 0x8023a350
                0x0000000080239e30                GetResMdl__Q34nw4r3g3d7ResFileCFPCc = 0x80239e30
                0x0000000080239f20                GetResTex__Q34nw4r3g3d7ResFileCFPCc = 0x80239f20
                0x000000008042a3c8                g3dMemAllocator__Q24nw4r3g3d = 0x8042a3c8
                0x000000008025ca20                __ScnMdl__Construct__Q24nw4r3g3dFPvPUiPvUii = 0x8025ca20
                0x000000008025a380                __ScnMdlSimple__Construct__Q24nw4r3g3dFPvPUiPvi = 0x8025a380
                0x0000000080164e50                InsertIntoScene__Q24nw4r3g3dFPv = 0x80164e50
                0x000000008023b760                GetResMat__Q34nw4r3g3d6ResMdlCFPCc = 0x8023b760
                0x000000008023b200                GetResNode__Q34nw4r3g3d6ResMdlCFPCc = 0x8023b200
                0x0000000080164f50                DisableIndirectTexturing__3m3dFv = 0x80164f50
                0x00000000802c7c70                InitTexObjWithResTex__3m3dFP9_GXTexObjPv14_GXTexWrapMode14_GXTexWrapMode12_GXTexFilter12_GXTexFilter = 0x802c7c70
                0x0000000080164fd0                setup__Q23m3d6proc_cFPvPUi = 0x80164fd0
                0x000000008000f720                returnUnknown__Q23m3d6proc_cFv = 0x8000f720
                0x000000008016a010                __ct__Q23m3d9scnLeaf_cFv = 0x8016a010
                0x000000008016a030                __dt__Q23m3d9scnLeaf_cFv = 0x8016a030
                0x000000008016a090                free__Q23m3d9scnLeaf_cFv = 0x8016a090
                0x000000008016a0e0                scheduleForDrawing__Q23m3d9scnLeaf_cFv = 0x8016a0e0
                0x000000008016a190                getViewMatrix__Q23m3d9scnLeaf_cFPA3_A4_f = 0x8016a190
                0x000000008032963c                __vt__Q23m3d5mdl_c = 0x8032963c
                0x0000000080169cd0                __ct__Q23m3d5mdl_cFv = 0x80169cd0
                0x0000000080169d20                __dt__Q23m3d5mdl_cFv = 0x80169d20
                0x0000000080169d90                setup__Q23m3d5mdl_cFQ34nw4r3g3d6ResMdlPvUiiPUi = 0x80169d90
                0x0000000080064c10                oneSetupType__Q23m3d5mdl_cFv = 0x80064c10
                0x0000000080064bf0                sub_80064BF0__Q23m3d5mdl_cFv = 0x80064bf0
                0x000000008016a170                setDrawMatrix__Q23m3d5mdl_cFPA4_Cf = 0x8016a170
                0x000000008016a130                setScale__Q23m3d5mdl_cFfff = 0x8016a130
                0x000000008016a150                setScale__Q23m3d5mdl_cFP7Point3d = 0x8016a150
                0x000000008016a1a0                calcWorld__Q23m3d5mdl_cFb = 0x8016a1a0
                0x0000000080169f80                bindAnim__Q23m3d5mdl_cFPQ23m3d6banm_cf = 0x80169f80
                0x0000000080169f40                vf1C__Q3m3d5mdl_cFv = 0x80169f40
                0x0000000080168180                getMatrixForNode__Q23m3d5mdl_cFUiPA4_f = 0x80168180
                0x000000008000d190                SetCullModeForMaterial__FPQ23m3d5mdl_ci11_GXCullMode = 0x8000d190
                0x00000000800b3e50                SetupTextures_Player__FPQ23m3d5mdl_ci = 0x800b3e50
                0x00000000800b3f50                SetupTextures_Map__FPQ23m3d5mdl_ci = 0x800b3f50
                0x00000000800b4050                SetupTextures_Boss__FPQ23m3d5mdl_ci = 0x800b4050
                0x00000000800b4170                SetupTextures_Enemy__FPQ23m3d5mdl_ci = 0x800b4170
                0x00000000800b42b0                SetupTextures_MapObj__FPQ23m3d5mdl_ci = 0x800b42b0
                0x00000000800b43d0                SetupTextures_Item__FPQ23m3d5mdl_ci = 0x800b43d0
                0x0000000080069020                __ct__16mHeapAllocator_cFv = 0x80069020
                0x0000000080069060                __dt__16mHeapAllocator_cFv = 0x80069060
                0x00000000800690c0                link__16mHeapAllocator_cFiPvPCci = 0x800690c0
                0x00000000800690e0                unlink__16mHeapAllocator_cFv = 0x800690e0
[...]
                0x00000000000abe26                .dwarf.0006.__ct__12lineSensor_sFiii
                0x00000000000abeee                .dwarf.0006.__ct__12lineSensor_sFUiiii
                0x00000000000abfda                .dwarf.0006.Player_VF3D4__FPv
                0x00000000000ac065                .dwarf.0006.__dt__29dStateWrapper_c<10dSingAlong>Fv
                0x00000000000ac0e2                .dwarf.0006.__dt__33dStateWrapperBase_c<10dSingAlong>Fv
                0x00000000000ac163                .dwarf.0006.__ct__33dStateWrapperBase_c<10dSingAlong>FP10dSingAlongP22dState_c<10dSingAlong>
                0x00000000000ac273                .dwarf.0006.setState__33dStateWrapperBase_c<10dSingAlong>FP12dStateBase_c
                0x00000000000ac33c                .dwarf.0006.execute__33dStateWrapperBase_c<10dSingAlong>Fv
                0x00000000000ac3c5                .dwarf.0006.getPreviousState__31dStateWrapperBase_c<9dWMShop_c>Fv
                0x00000000000ac467                .dwarf.0006.getCurrentState__31dStateWrapperBase_c<9dWMShop_c>Fv
                0x00000000000ac507                .dwarf.0006.getNextState__31dStateWrapperBase_c<9dWMShop_c>Fv
                0x00000000000ac5a1                .dwarf.0006.getCurrentStateMethodExecutor__31dStateWrapperBase_c<9dWMShop_c>Fv
                0x00000000000ac65d                .dwarf.0006.executeNextStateThisTick__31dStateWrapperBase_c<9dWMShop_c>Fv
                0x00000000000ac706                .dwarf.0006.endCurrentState__31dStateWrapperBase_c<9dWMShop_c>Fv
                0x00000000000ac79d                .dwarf.0006.ensureStateHasBegun__31dStateWrapperBase_c<9dWMShop_c>Fv
                0x00000000000ac83c                .dwarf.0006.getPreviousState__36dStateWrapperBase_c<13dWMStarCoin_c>Fv
                0x00000000000ac8e3                .dwarf.0006.getNextState__36dStateWrapperBase_c<13dWMStarCoin_c>Fv
                0x00000000000ac982                .dwarf.0006.getCurrentStateMethodExecutor__36dStateWrapperBase_c<13dWMStarCoin_c>Fv
                0x00000000000aca43                .dwarf.0006.executeNextStateThisTick__36dStateWrapperBase_c<13dWMStarCoin_c>Fv
                0x00000000000acaf1                .dwarf.0006.endCurrentState__36dStateWrapperBase_c<13dWMStarCoin_c>Fv
                0x00000000000acb8d                .dwarf.0006.ensureStateHasBegun__36dStateWrapperBase_c<13dWMStarCoin_c>Fv
                0x00000000000acc31                .dwarf.0006.getPreviousState__37dStateWrapperBase_c<14dScKoopatlas_c>Fv
                0x00000000000accd9                .dwarf.0006.getNextState__37dStateWrapperBase_c<14dScKoopatlas_c>Fv
                0x00000000000acd79                .dwarf.0006.getCurrentStateMethodExecutor__37dStateWrapperBase_c<14dScKoopatlas_c>Fv
                0x00000000000ace3b                .dwarf.0006.executeNextStateThisTick__37dStateWrapperBase_c<14dScKoopatlas_c>Fv
                0x00000000000aceea                .dwarf.0006.endCurrentState__37dStateWrapperBase_c<14dScKoopatlas_c>Fv
                0x00000000000acf87                .dwarf.0006.ensureStateHasBegun__37dStateWrapperBase_c<14dScKoopatlas_c>Fv
                0x00000000000ad02c                .dwarf.0006.getPreviousState__39dStateWrapperBase_c<16dMsgBoxManager_c>Fv
                0x00000000000ad0d6                .dwarf.0006.getCurrentState__39dStateWrapperBase_c<16dMsgBoxManager_c>Fv
                0x00000000000ad17e                .dwarf.0006.getNextState__39dStateWrapperBase_c<16dMsgBoxManager_c>Fv
                0x00000000000ad220                .dwarf.0006.getCurrentStateMethodExecutor__39dStateWrapperBase_c<16dMsgBoxManager_c>Fv
                0x00000000000ad2e4                .dwarf.0006.executeNextStateThisTick__39dStateWrapperBase_c<16dMsgBoxManager_c>Fv
                0x00000000000ad395                .dwarf.0006.endCurrentState__39dStateWrapperBase_c<16dMsgBoxManager_c>Fv
                0x00000000000ad434                .dwarf.0006.ensureStateHasBegun__39dStateWrapperBase_c<16dMsgBoxManager_c>Fv
                0x00000000000ad4db                .dwarf.0006.getPreviousState__33dStateWrapperBase_c<10dSingAlong>Fv
                0x00000000000ad57f                .dwarf.0006.getCurrentState__33dStateWrapperBase_c<10dSingAlong>Fv
                0x00000000000ad621                .dwarf.0006.getNextState__33dStateWrapperBase_c<10dSingAlong>Fv
                0x00000000000ad6bd                .dwarf.0006.getCurrentStateMethodExecutor__33dStateWrapperBase_c<10dSingAlong>Fv
                0x00000000000ad77b                .dwarf.0006.executeNextStateThisTick__33dStateWrapperBase_c<10dSingAlong>Fv
                0x00000000000ad826                .dwarf.0006.endCurrentState__33dStateWrapperBase_c<10dSingAlong>Fv
                0x00000000000ad8bf                .dwarf.0006.ensureStateHasBegun__33dStateWrapperBase_c<10dSingAlong>Fv
                0x00000000000ad960                .dwarf.0006.beginSomething__12daBossDemo_cFv
                0x00000000000ad9b2                .dwarf.0006.endSomething__12daBossDemo_cFv
                0x00000000000ada00                .dwarf.0006.getIdOfOtherActor__12daBossDemo_cFv
                0x00000000000ada86                .dwarf.0006.setIdOfOtherActor__12daBossDemo_cFi
                0x00000000000adb26                .dwarf.0006.vf128__12daBossDemo_cFv
                0x00000000000adb6a                .dwarf.0006.justReturnField3D4_decidesIfEndBattle__12daBossDemo_cFv
                0x00000000000adc18                .dwarf.0006.vf130__12daBossDemo_cFv
                0x00000000000adc5c                .dwarf.0006.getActorPointerForSomething__12daBossDemo_cFv
                0x00000000000ade5c                .dwarf.0006.get__13dCourseFull_cFi
                0x00000000000adf6d                .dwarf.0006.executeNextStateThisTick__15dStateMgrBase_cFv
                0x00000000000ae000                .dwarf.0006.getCurrentState__15dStateMgrBase_cFv
                0x00000000000ae08a                .dwarf.0006.__dt__17dStatePointless_cFv
                0x00000000000ae0fb                .dwarf.0006.__dt__11dStateMgr_cFv
                0x00000000000ae166                .dwarf.0006.__dt__34dStateExecutor_c<14dScKoopatlas_c>Fv
                0x00000000000ae1e8                .dwarf.0006.__dt__26dStateMethodExecutorBase_cFv
                0x00000000000ae262                .dwarf.0006.__dt__20dStateExecutorBase_cFv
                0x00000000000ae2d6                .dwarf.0006.__dt__40dStateMethodExecutor_c<14dScKoopatlas_c>Fv
                0x00000000000ae35e                .dwarf.0006.__ct__34dStateExecutor_c<14dScKoopatlas_c>FP14dScKoopatlas_c
                0x00000000000ae429                .dwarf.0006.__ct__40dStateMethodExecutor_c<14dScKoopatlas_c>FP14dScKoopatlas_c
                0x00000000000ae4f4                .dwarf.0006.__dt__28dStateExecutor_c<9dWMShop_c>Fv
                0x00000000000ae570                .dwarf.0006.__dt__34dStateMethodExecutor_c<9dWMShop_c>Fv
                0x00000000000ae5f2                .dwarf.0006.__ct__28dStateExecutor_c<9dWMShop_c>FP9dWMShop_c
                0x00000000000ae6b1                .dwarf.0006.__ct__34dStateMethodExecutor_c<9dWMShop_c>FP9dWMShop_c
                0x00000000000ae770                .dwarf.0006.__dt__33dStateExecutor_c<13dWMStarCoin_c>Fv
                0x00000000000ae7f1                .dwarf.0006.__dt__39dStateMethodExecutor_c<13dWMStarCoin_c>Fv
                0x00000000000ae878                .dwarf.0006.__ct__33dStateExecutor_c<13dWMStarCoin_c>FP13dWMStarCoin_c
                0x00000000000ae941                .dwarf.0006.__ct__39dStateMethodExecutor_c<13dWMStarCoin_c>FP13dWMStarCoin_c
                0x00000000000aea0a                .dwarf.0006.__dt__36dStateExecutor_c<16dMsgBoxManager_c>Fv
                0x00000000000aea8e                .dwarf.0006.__dt__42dStateMethodExecutor_c<16dMsgBoxManager_c>Fv
                0x00000000000aeb18                .dwarf.0006.__ct__36dStateExecutor_c<16dMsgBoxManager_c>FP16dMsgBoxManager_c
                0x00000000000aebe7                .dwarf.0006.__ct__42dStateMethodExecutor_c<16dMsgBoxManager_c>FP16dMsgBoxManager_c
                0x00000000000aecb6                .dwarf.0006.__dt__30dStateExecutor_c<10dSingAlong>Fv
                0x00000000000aed34                .dwarf.0006.__dt__36dStateMethodExecutor_c<10dSingAlong>Fv
                0x00000000000aedb8                .dwarf.0006.__ct__30dStateExecutor_c<10dSingAlong>FP10dSingAlong
                0x00000000000aee7b                .dwarf.0006.__ct__36dStateMethodExecutor_c<10dSingAlong>FP10dSingAlong
                0x00000000000aef3e                .dwarf.0006.callEnd__34dStateMethodExecutor_c<9dWMShop_c>Fv
                0x00000000000aefc2                .dwarf.0006.callExecute__34dStateMethodExecutor_c<9dWMShop_c>Fv
                0x00000000000af04e                .dwarf.0006.callBegin__34dStateMethodExecutor_c<9dWMShop_c>Fv
                0x00000000000af0d6                .dwarf.0006.callEnd__39dStateMethodExecutor_c<13dWMStarCoin_c>Fv
                0x00000000000af15f                .dwarf.0006.callExecute__39dStateMethodExecutor_c<13dWMStarCoin_c>Fv
                0x00000000000af1f0                .dwarf.0006.callBegin__39dStateMethodExecutor_c<13dWMStarCoin_c>Fv
                0x00000000000af27d                .dwarf.0006.callEnd__40dStateMethodExecutor_c<14dScKoopatlas_c>Fv
                0x00000000000af307                .dwarf.0006.callExecute__40dStateMethodExecutor_c<14dScKoopatlas_c>Fv
                0x00000000000af399                .dwarf.0006.callBegin__40dStateMethodExecutor_c<14dScKoopatlas_c>Fv
                0x00000000000af427                .dwarf.0006.callEnd__42dStateMethodExecutor_c<16dMsgBoxManager_c>Fv
                0x00000000000af4b3                .dwarf.0006.callExecute__42dStateMethodExecutor_c<16dMsgBoxManager_c>Fv
                0x00000000000af547                .dwarf.0006.callBegin__42dStateMethodExecutor_c<16dMsgBoxManager_c>Fv
                0x00000000000af5d7                .dwarf.0006.callEnd__36dStateMethodExecutor_c<10dSingAlong>Fv
                0x00000000000af65d                .dwarf.0006.callExecute__36dStateMethodExecutor_c<10dSingAlong>Fv
                0x00000000000af6eb                .dwarf.0006.callBegin__36dStateMethodExecutor_c<10dSingAlong>Fv
                0x00000000000af775                .dwarf.0006.clearMethodExecutor__28dStateExecutor_c<9dWMShop_c>FPP26dStateMethodExecutorBase_c
                0x00000000000af836                .dwarf.0006.getMethodExecutorForState__28dStateExecutor_c<9dWMShop_c>FP12dStateBase_c
                0x00000000000af915                .dwarf.0006.clearMethodExecutor__33dStateExecutor_c<13dWMStarCoin_c>FPP26dStateMethodExecutorBase_c
                0x00000000000af9db                .dwarf.0006.getMethodExecutorForState__33dStateExecutor_c<13dWMStarCoin_c>FP12dStateBase_c
                0x00000000000afabf                .dwarf.0006.clearMethodExecutor__34dStateExecutor_c<14dScKoopatlas_c>FPP26dStateMethodExecutorBase_c
                0x00000000000afb86                .dwarf.0006.getMethodExecutorForState__34dStateExecutor_c<14dScKoopatlas_c>FP12dStateBase_c
                0x00000000000afc6b                .dwarf.0006.clearMethodExecutor__36dStateExecutor_c<16dMsgBoxManager_c>FPP26dStateMethodExecutorBase_c
                0x00000000000afd34                .dwarf.0006.getMethodExecutorForState__36dStateExecutor_c<16dMsgBoxManager_c>FP12dStateBase_c
                0x00000000000afe1b                .dwarf.0006.clearMethodExecutor__30dStateExecutor_c<10dSingAlong>FPP26dStateMethodExecutorBase_c
                0x00000000000afede                .dwarf.0006.getMethodExecutorForState__30dStateExecutor_c<10dSingAlong>FP12dStateBase_c
                0x00000000000affbf                .dwarf.0006.getPreviousState__15dStateMgrBase_cFv
                0x00000000000b004b                .dwarf.0006.getNextState__15dStateMgrBase_cFv
                0x00000000000b00cf                .dwarf.0006.getCurrentStateMethodExecutor__15dStateMgrBase_cFv
                0x00000000000b0175                .dwarf.0006.returnsOne__17dStatePointless_cFv
                0x00000000000b01c8                .dwarf.0006.__ct__22dState_c<10dGoombaPie>FPCcM10dGoombaPieFPCvPv_vM10dGoombaPieFPCvPv_vM10dGoombaPieFPCvPv_v
                0x00000000000b0321                .dwarf.0006.__ct__22dState_c<10dSongBlock>FPCcM10dSongBlockFPCvPv_vM10dSongBlockFPCvPv_vM10dSongBlockFPCvPv_v
                0x00000000000b047a                .dwarf.0006.__ct__22dState_c<10dSingAlong>FPCcM10dSingAlongFPCvPv_vM10dSingAlongFPCvPv_vM10dSingAlongFPCvPv_v
                0x00000000000b05d3                .dwarf.0006.__ct__22dState_c<10dSongPrize>FPCcM10dSongPrizeFPCvPv_vM10dSongPrizeFPCvPv_vM10dSongPrizeFPCvPv_v
                0x00000000000b072c                .dwarf.0006.__ct__25dState_c<13dThunderCloud>FPCcM13dThunderCloudFPCvPv_vM13dThunderCloudFPCvPv_vM13dThunderCloudFPCvPv_v
                0x00000000000b0891                .dwarf.0006.__ct__26dState_c<14daElectricLine>FPCcM14daElectricLineFPCvPv_vM14daElectricLineFPCvPv_vM14daElectricLineFPCvPv_v
                0x00000000000b09fa                .dwarf.0006.__ct__25dState_c<13daShyGuyGiant>FPCcM13daShyGuyGiantFPCvPv_vM13daShyGuyGiantFPCvPv_vM13daShyGuyGiantFPCvPv_v
                0x00000000000b0b5f                .dwarf.0006.__ct__19dState_c<8daShyGuy>FPCcM8daShyGuyFPCvPv_vM8daShyGuyFPCvPv_vM8daShyGuyFPCvPv_v
                0x00000000000b0cac                .dwarf.0006.__ct__24dState_c<12daKoopaThrow>FPCcM12daKoopaThrowFPCvPv_vM12daKoopaThrowFPCvPv_vM12daKoopaThrowFPCvPv_v
                0x00000000000b0e0d                .dwarf.0006.__ct__27dState_c<15daCaptainBowser>FPCcM15daCaptainBowserFPCvPv_vM15daCaptainBowserFPCvPv_vM15daCaptainBowserFPCvPv_v
                0x00000000000b0f7a                .dwarf.0006.__ct__20dState_c<9daDreidel>FPCcM9daDreidelFPCvPv_vM9daDreidelFPCvPv_vM9daDreidelFPCvPv_v
                0x00000000000b10cb                .dwarf.0006.__ct__22dState_c<10daPodouble>FPCcM10daPodoubleFPCvPv_vM10daPodoubleFPCvPv_vM10daPodoubleFPCvPv_v
                0x00000000000b1224                .dwarf.0006.__ct__23dState_c<11daSamurshai>FPCcM11daSamurshaiFPCvPv_vM11daSamurshaiFPCvPv_vM11daSamurshaiFPCvPv_v
                0x00000000000b1381                .dwarf.0006.__ct__19dState_c<8daWrench>FPCcM8daWrenchFPCvPv_vM8daWrenchFPCvPv_vM8daWrenchFPCvPv_v
                0x00000000000b14ce                .dwarf.0006.__ct__22dState_c<10daBalboa_c>FPCcM10daBalboa_cFPCvPv_vM10daBalboa_cFPCvPv_vM10daBalboa_cFPCvPv_v
                0x00000000000b1627                .dwarf.0006.__ct__22dState_c<10daRamboo_c>FPCcM10daRamboo_cFPCvPv_vM10daRamboo_cFPCvPv_vM10daRamboo_cFPCvPv_v
                0x00000000000b1780                .dwarf.0006.__ct__27dState_c<15daEnMegaDosun_c>FPCcM15daEnMegaDosun_cFPCvPv_vM15daEnMegaDosun_cFPCvPv_vM15daEnMegaDosun_cFPCvPv_v
                0x00000000000b18ed                .dwarf.0006.__ct__25dState_c<13daFuzzyBear_c>FPCcM13daFuzzyBear_cFPCvPv_vM13daFuzzyBear_cFPCvPv_vM13daFuzzyBear_cFPCvPv_v
                0x00000000000b1a52                .dwarf.0006.__ct__26dState_c<14daMegaGoomba_c>FPCcM14daMegaGoomba_cFPCvPv_vM14daMegaGoomba_cFPCvPv_vM14daMegaGoomba_cFPCvPv_v
                0x00000000000b1bbb                .dwarf.0006.__ct__19dState_c<8daTopman>FPCcM8daTopmanFPCvPv_vM8daTopmanFPCvPv_vM8daTopmanFPCvPv_v
                0x00000000000b1d08                .dwarf.0006.__ct__26dState_c<14daEnMsgBlock_c>FPCcM14daEnMsgBlock_cFPCvPv_vM14daEnMsgBlock_cFPCvPv_vM14daEnMsgBlock_cFPCvPv_v
                0x00000000000b1e71                .dwarf.0006.__ct__28dState_c<16dMsgBoxManager_c>FPCcM16dMsgBoxManager_cFPCvPv_vM16dMsgBoxManager_cFPCvPv_vM16dMsgBoxManager_cFPCvPv_v
                0x00000000000b1fe2                .dwarf.0006.__ct__28dState_c<16daEnEventBlock_c>FPCcM16daEnEventBlock_cFPCvPv_vM16daEnEventBlock_cFPCvPv_vM16daEnEventBlock_cFPCvPv_v
                0x00000000000b2153                .dwarf.0006.__ct__25dState_c<13daFireLaser_c>FPCcM13daFireLaser_cFPCvPv_vM13daFireLaser_cFPCvPv_vM13daFireLaser_cFPCvPv_v
                0x00000000000b22b8                .dwarf.0006.__ct__20dState_c<9daMrSun_c>FPCcM9daMrSun_cFPCvPv_vM9daMrSun_cFPCvPv_vM9daMrSun_cFPCvPv_v
                0x00000000000b2409                .dwarf.0006.__ct__25dState_c<13dWMStarCoin_c>FPCcM13dWMStarCoin_cFPCvPv_vM13dWMStarCoin_cFPCvPv_vM13dWMStarCoin_cFPCvPv_v
                0x00000000000b256e                .dwarf.0006.__ct__20dState_c<9dWMShop_c>FPCcM9dWMShop_cFPCvPv_vM9dWMShop_cFPCvPv_vM9dWMShop_cFPCvPv_v
                0x00000000000b26bf                .dwarf.0006.__ct__26dState_c<14dScKoopatlas_c>FPCcM14dScKoopatlas_cFPCvPv_vM14dScKoopatlas_cFPCvPv_vM14dScKoopatlas_cFPCvPv_v
                0x00000000000b2828                .dwarf.0006.__ct__27dState_c<15daEnFlipBlock_c>FPCcM15daEnFlipBlock_cFPCvPv_vM15daEnFlipBlock_cFPCvPv_vM15daEnFlipBlock_cFPCvPv_v
                0x00000000000b2995                .dwarf.0006.__ct__26dState_c<14daEnChestnut_c>FPCcM14daEnChestnut_cFPCvPv_vM14daEnChestnut_cFPCvPv_vM14daEnChestnut_cFPCvPv_v
                0x00000000000b2afe                .dwarf.0006.__ct__24dState_c<12dEndingMgr_c>FPCcM12dEndingMgr_cFPCvPv_vM12dEndingMgr_cFPCvPv_vM12dEndingMgr_cFPCvPv_v
                0x00000000000b2ce6                .dwarf.0006.fixRef<9dKPNode_s>__12dKPMapData_cFRP9dKPNode_s_P9dKPNode_s
                0x00000000000b2dcb                .dwarf.0006.fixRef<9dKPPath_s>__12dKPMapData_cFRP9dKPPath_s_P9dKPPath_s
                0x00000000000b2eb0                .dwarf.0006.fixRef<P9dKPNode_s>__12dKPMapData_cFRPP9dKPNode_s_PP9dKPNode_s
                0x00000000000b2f9a                .dwarf.0006.fixRef<P9dKPPath_s>__12dKPMapData_cFRPP9dKPPath_s_PP9dKPPath_s
                0x00000000000b3084                .dwarf.0006.fixTexObjSafe__12dKPMapData_cFP9_GXTexObj
                0x00000000000b312c                .dwarf.0006.fixRef<11dKPDoodad_s>__12dKPMapData_cFRP11dKPDoodad_s_P11dKPDoodad_s
                0x00000000000b321a                .dwarf.0006.fixRef<10dKPLayer_s>__12dKPMapData_cFRP10dKPLayer_s_P10dKPLayer_s
                0x00000000000b3305                .dwarf.0006.fixRef<13dKPWorldDef_s>__12dKPMapData_cFRP13dKPWorldDef_s_P13dKPWorldDef_s
                0x00000000000b33f9                .dwarf.0006.fixRef<Cc>__12dKPMapData_cFRPCc_PCc
                0x00000000000b34c3                .dwarf.0006.fixRef<A16_A16_Us>__12dKPMapData_cFRPA16_A16_Us_PA16_A16_Us
                0x00000000000b35a8                .dwarf.0006.fixRef<Uc>__12dKPMapData_cFRPUc_PUc
                0x00000000000b3671                .dwarf.0006.fixRef<9_GXTexObj>__12dKPMapData_cFRP9_GXTexObj_P9_GXTexObj
                0x00000000000b3756                .dwarf.0006.fixRef<P10dKPLayer_s>__12dKPMapData_cFRPP10dKPLayer_s_PP10dKPLayer_s
                0x00000000000b3846                .dwarf.0006.getAnyExit__9dKPNode_sFv
                0x00000000000b3962                .dwarf.0006.canUseExit__16dWMPathManager_cFP9dKPPath_s
                0x00000000000b3a67                .dwarf.0006.GetID__Q34nw4r3g3d7ResNodeFv
                0x00000000000b3ada                .dwarf.0006.returnUnknown__Q23m3d6proc_cFv
                0x00000000000b3bab                .dwarf.0006.__ct__16dMsgBoxManager_cFv
                0x00000000000b3c2d                .dwarf.0006.beforeExecute__16dMsgBoxManager_cFv
                0x00000000000b3c85                .dwarf.0006.afterExecute__16dMsgBoxManager_cFi
                0x00000000000b3cdb                .dwarf.0006.beforeDraw__16dMsgBoxManager_cFv
                0x00000000000b3d2d                .dwarf.0006.afterDraw__16dMsgBoxManager_cFi

.comment        0x0000000000000000    0x1c6c4
 .comment       0x0000000000000000    0x1c6c4 tmp\fasthack.o
